abc-baseline-900001	/data/nsrr/datasets/abc/polysomnography/edfs/baseline/abc-baseline-900001.edf	/data/nsrr/datasets/abc/polysomnography/annotations-events-nsrr/baseline/abc-baseline-900001-nsrr.xml
abc-baseline-900002	/data/nsrr/datasets/abc/polysomnography/edfs/baseline/abc-baseline-900002.edf	/data/nsrr/datasets/abc/polysomnography/annotations-events-nsrr/baseline/abc-baseline-900002-nsrr.xml
abc-baseline-900003	/data/nsrr/datasets/abc/polysomnography/edfs/baseline/abc-baseline-900003.edf	/data/nsrr/datasets/abc/polysomnography/annotations-events-nsrr/baseline/abc-baseline-900003-nsrr.xml
abc-baseline-900004	/data/nsrr/datasets/abc/polysomnography/edfs/baseline/abc-baseline-900004.edf	/data/nsrr/datasets/abc/polysomnography/annotations-events-nsrr/baseline/abc-baseline-900004-nsrr.xml
abc-baseline-900005	/data/nsrr/datasets/abc/polysomnography/edfs/baseline/abc-baseline-900005.edf	/data/nsrr/datasets/abc/polysomnography/annotations-events-nsrr/baseline/abc-baseline-900005-nsrr.xml
abc-baseline-900006	/data/nsrr/datasets/abc/polysomnography/edfs/baseline/abc-baseline-900006.edf	/data/nsrr/datasets/abc/polysomnography/annotations-events-nsrr/baseline/abc-baseline-900006-nsrr.xml
abc-baseline-900007	/data/nsrr/datasets/abc/polysomnography/edfs/baseline/abc-baseline-900007.edf	/data/nsrr/datasets/abc/polysomnography/annotations-events-nsrr/baseline/abc-baseline-900007-nsrr.xml
abc-baseline-900008	/data/nsrr/datasets/abc/polysomnography/edfs/baseline/abc-baseline-900008.edf	/data/nsrr/datasets/abc/polysomnography/annotations-events-nsrr/baseline/abc-baseline-900008-nsrr.xml
abc-baseline-900009	/data/nsrr/datasets/abc/polysomnography/edfs/baseline/abc-baseline-900009.edf	/data/nsrr/datasets/abc/polysomnography/annotations-events-nsrr/baseline/abc-baseline-900009-nsrr.xml
abc-baseline-900010	/data/nsrr/datasets/abc/polysomnography/edfs/baseline/abc-baseline-900010.edf	/data/nsrr/datasets/abc/polysomnography/annotations-events-nsrr/baseline/abc-baseline-900010-nsrr.xml
abc-baseline-900011	/data/nsrr/datasets/abc/polysomnography/edfs/baseline/abc-baseline-900011.edf	/data/nsrr/datasets/abc/polysomnography/annotations-events-nsrr/baseline/abc-baseline-900011-nsrr.xml
abc-baseline-900012	/data/nsrr/datasets/abc/polysomnography/edfs/baseline/abc-baseline-900012.edf	/data/nsrr/datasets/abc/polysomnography/annotations-events-nsrr/baseline/abc-baseline-900012-nsrr.xml
abc-baseline-900013	/data/nsrr/datasets/abc/polysomnography/edfs/baseline/abc-baseline-900013.edf	/data/nsrr/datasets/abc/polysomnography/annotations-events-nsrr/baseline/abc-baseline-900013-nsrr.xml
abc-baseline-900014	/data/nsrr/datasets/abc/polysomnography/edfs/baseline/abc-baseline-900014.edf	/data/nsrr/datasets/abc/polysomnography/annotations-events-nsrr/baseline/abc-baseline-900014-nsrr.xml
abc-baseline-900015	/data/nsrr/datasets/abc/polysomnography/edfs/baseline/abc-baseline-900015.edf	/data/nsrr/datasets/abc/polysomnography/annotations-events-nsrr/baseline/abc-baseline-900015-nsrr.xml
abc-baseline-900016	/data/nsrr/datasets/abc/polysomnography/edfs/baseline/abc-baseline-900016.edf	/data/nsrr/datasets/abc/polysomnography/annotations-events-nsrr/baseline/abc-baseline-900016-nsrr.xml
abc-baseline-900017	/data/nsrr/datasets/abc/polysomnography/edfs/baseline/abc-baseline-900017.edf	/data/nsrr/datasets/abc/polysomnography/annotations-events-nsrr/baseline/abc-baseline-900017-nsrr.xml
abc-baseline-900018	/data/nsrr/datasets/abc/polysomnography/edfs/baseline/abc-baseline-900018.edf	/data/nsrr/datasets/abc/polysomnography/annotations-events-nsrr/baseline/abc-baseline-900018-nsrr.xml
abc-baseline-900019	/data/nsrr/datasets/abc/polysomnography/edfs/baseline/abc-baseline-900019.edf	/data/nsrr/datasets/abc/polysomnography/annotations-events-nsrr/baseline/abc-baseline-900019-nsrr.xml
abc-baseline-900020	/data/nsrr/datasets/abc/polysomnography/edfs/baseline/abc-baseline-900020.edf	/data/nsrr/datasets/abc/polysomnography/annotations-events-nsrr/baseline/abc-baseline-900020-nsrr.xml
abc-baseline-900021	/data/nsrr/datasets/abc/polysomnography/edfs/baseline/abc-baseline-900021.edf	/data/nsrr/datasets/abc/polysomnography/annotations-events-nsrr/baseline/abc-baseline-900021-nsrr.xml
abc-baseline-900022	/data/nsrr/datasets/abc/polysomnography/edfs/baseline/abc-baseline-900022.edf	/data/nsrr/datasets/abc/polysomnography/annotations-events-nsrr/baseline/abc-baseline-900022-nsrr.xml
abc-baseline-900023	/data/nsrr/datasets/abc/polysomnography/edfs/baseline/abc-baseline-900023.edf	/data/nsrr/datasets/abc/polysomnography/annotations-events-nsrr/baseline/abc-baseline-900023-nsrr.xml
abc-baseline-900024	/data/nsrr/datasets/abc/polysomnography/edfs/baseline/abc-baseline-900024.edf	/data/nsrr/datasets/abc/polysomnography/annotations-events-nsrr/baseline/abc-baseline-900024-nsrr.xml
abc-baseline-900025	/data/nsrr/datasets/abc/polysomnography/edfs/baseline/abc-baseline-900025.edf	/data/nsrr/datasets/abc/polysomnography/annotations-events-nsrr/baseline/abc-baseline-900025-nsrr.xml
abc-baseline-900026	/data/nsrr/datasets/abc/polysomnography/edfs/baseline/abc-baseline-900026.edf	/data/nsrr/datasets/abc/polysomnography/annotations-events-nsrr/baseline/abc-baseline-900026-nsrr.xml
abc-baseline-900027	/data/nsrr/datasets/abc/polysomnography/edfs/baseline/abc-baseline-900027.edf	/data/nsrr/datasets/abc/polysomnography/annotations-events-nsrr/baseline/abc-baseline-900027-nsrr.xml
abc-baseline-900028	/data/nsrr/datasets/abc/polysomnography/edfs/baseline/abc-baseline-900028.edf	/data/nsrr/datasets/abc/polysomnography/annotations-events-nsrr/baseline/abc-baseline-900028-nsrr.xml
abc-baseline-900029	/data/nsrr/datasets/abc/polysomnography/edfs/baseline/abc-baseline-900029.edf	/data/nsrr/datasets/abc/polysomnography/annotations-events-nsrr/baseline/abc-baseline-900029-nsrr.xml
abc-baseline-900030	/data/nsrr/datasets/abc/polysomnography/edfs/baseline/abc-baseline-900030.edf	/data/nsrr/datasets/abc/polysomnography/annotations-events-nsrr/baseline/abc-baseline-900030-nsrr.xml
abc-baseline-900031	/data/nsrr/datasets/abc/polysomnography/edfs/baseline/abc-baseline-900031.edf	/data/nsrr/datasets/abc/polysomnography/annotations-events-nsrr/baseline/abc-baseline-900031-nsrr.xml
abc-baseline-900032	/data/nsrr/datasets/abc/polysomnography/edfs/baseline/abc-baseline-900032.edf	/data/nsrr/datasets/abc/polysomnography/annotations-events-nsrr/baseline/abc-baseline-900032-nsrr.xml
abc-baseline-900033	/data/nsrr/datasets/abc/polysomnography/edfs/baseline/abc-baseline-900033.edf	/data/nsrr/datasets/abc/polysomnography/annotations-events-nsrr/baseline/abc-baseline-900033-nsrr.xml
abc-baseline-900034	/data/nsrr/datasets/abc/polysomnography/edfs/baseline/abc-baseline-900034.edf	/data/nsrr/datasets/abc/polysomnography/annotations-events-nsrr/baseline/abc-baseline-900034-nsrr.xml
abc-baseline-900035	/data/nsrr/datasets/abc/polysomnography/edfs/baseline/abc-baseline-900035.edf	/data/nsrr/datasets/abc/polysomnography/annotations-events-nsrr/baseline/abc-baseline-900035-nsrr.xml
abc-baseline-900036	/data/nsrr/datasets/abc/polysomnography/edfs/baseline/abc-baseline-900036.edf	/data/nsrr/datasets/abc/polysomnography/annotations-events-nsrr/baseline/abc-baseline-900036-nsrr.xml
abc-baseline-900037	/data/nsrr/datasets/abc/polysomnography/edfs/baseline/abc-baseline-900037.edf	/data/nsrr/datasets/abc/polysomnography/annotations-events-nsrr/baseline/abc-baseline-900037-nsrr.xml
abc-baseline-900038	/data/nsrr/datasets/abc/polysomnography/edfs/baseline/abc-baseline-900038.edf	/data/nsrr/datasets/abc/polysomnography/annotations-events-nsrr/baseline/abc-baseline-900038-nsrr.xml
abc-baseline-900039	/data/nsrr/datasets/abc/polysomnography/edfs/baseline/abc-baseline-900039.edf	/data/nsrr/datasets/abc/polysomnography/annotations-events-nsrr/baseline/abc-baseline-900039-nsrr.xml
abc-baseline-900040	/data/nsrr/datasets/abc/polysomnography/edfs/baseline/abc-baseline-900040.edf	/data/nsrr/datasets/abc/polysomnography/annotations-events-nsrr/baseline/abc-baseline-900040-nsrr.xml
abc-baseline-900041	/data/nsrr/datasets/abc/polysomnography/edfs/baseline/abc-baseline-900041.edf	/data/nsrr/datasets/abc/polysomnography/annotations-events-nsrr/baseline/abc-baseline-900041-nsrr.xml
abc-baseline-900042	/data/nsrr/datasets/abc/polysomnography/edfs/baseline/abc-baseline-900042.edf	/data/nsrr/datasets/abc/polysomnography/annotations-events-nsrr/baseline/abc-baseline-900042-nsrr.xml
abc-baseline-900043	/data/nsrr/datasets/abc/polysomnography/edfs/baseline/abc-baseline-900043.edf	/data/nsrr/datasets/abc/polysomnography/annotations-events-nsrr/baseline/abc-baseline-900043-nsrr.xml
abc-baseline-900044	/data/nsrr/datasets/abc/polysomnography/edfs/baseline/abc-baseline-900044.edf	/data/nsrr/datasets/abc/polysomnography/annotations-events-nsrr/baseline/abc-baseline-900044-nsrr.xml
abc-baseline-900045	/data/nsrr/datasets/abc/polysomnography/edfs/baseline/abc-baseline-900045.edf	/data/nsrr/datasets/abc/polysomnography/annotations-events-nsrr/baseline/abc-baseline-900045-nsrr.xml
abc-baseline-900046	/data/nsrr/datasets/abc/polysomnography/edfs/baseline/abc-baseline-900046.edf	/data/nsrr/datasets/abc/polysomnography/annotations-events-nsrr/baseline/abc-baseline-900046-nsrr.xml
abc-baseline-900047	/data/nsrr/datasets/abc/polysomnography/edfs/baseline/abc-baseline-900047.edf	/data/nsrr/datasets/abc/polysomnography/annotations-events-nsrr/baseline/abc-baseline-900047-nsrr.xml
abc-baseline-900048	/data/nsrr/datasets/abc/polysomnography/edfs/baseline/abc-baseline-900048.edf	/data/nsrr/datasets/abc/polysomnography/annotations-events-nsrr/baseline/abc-baseline-900048-nsrr.xml
abc-baseline-900049	/data/nsrr/datasets/abc/polysomnography/edfs/baseline/abc-baseline-900049.edf	/data/nsrr/datasets/abc/polysomnography/annotations-events-nsrr/baseline/abc-baseline-900049-nsrr.xml
abc-month09-900001	/data/nsrr/datasets/abc/polysomnography/edfs/month09/abc-month09-900001.edf	/data/nsrr/datasets/abc/polysomnography/annotations-events-nsrr/month09/abc-month09-900001-nsrr.xml
abc-month09-900002	/data/nsrr/datasets/abc/polysomnography/edfs/month09/abc-month09-900002.edf	/data/nsrr/datasets/abc/polysomnography/annotations-events-nsrr/month09/abc-month09-900002-nsrr.xml
abc-month09-900003	/data/nsrr/datasets/abc/polysomnography/edfs/month09/abc-month09-900003.edf	/data/nsrr/datasets/abc/polysomnography/annotations-events-nsrr/month09/abc-month09-900003-nsrr.xml
abc-month09-900004	/data/nsrr/datasets/abc/polysomnography/edfs/month09/abc-month09-900004.edf	/data/nsrr/datasets/abc/polysomnography/annotations-events-nsrr/month09/abc-month09-900004-nsrr.xml
abc-month09-900005	/data/nsrr/datasets/abc/polysomnography/edfs/month09/abc-month09-900005.edf	/data/nsrr/datasets/abc/polysomnography/annotations-events-nsrr/month09/abc-month09-900005-nsrr.xml
abc-month09-900006	/data/nsrr/datasets/abc/polysomnography/edfs/month09/abc-month09-900006.edf	/data/nsrr/datasets/abc/polysomnography/annotations-events-nsrr/month09/abc-month09-900006-nsrr.xml
abc-month09-900008	/data/nsrr/datasets/abc/polysomnography/edfs/month09/abc-month09-900008.edf	/data/nsrr/datasets/abc/polysomnography/annotations-events-nsrr/month09/abc-month09-900008-nsrr.xml
abc-month09-900009	/data/nsrr/datasets/abc/polysomnography/edfs/month09/abc-month09-900009.edf	/data/nsrr/datasets/abc/polysomnography/annotations-events-nsrr/month09/abc-month09-900009-nsrr.xml
abc-month09-900010	/data/nsrr/datasets/abc/polysomnography/edfs/month09/abc-month09-900010.edf	/data/nsrr/datasets/abc/polysomnography/annotations-events-nsrr/month09/abc-month09-900010-nsrr.xml
abc-month09-900011	/data/nsrr/datasets/abc/polysomnography/edfs/month09/abc-month09-900011.edf	/data/nsrr/datasets/abc/polysomnography/annotations-events-nsrr/month09/abc-month09-900011-nsrr.xml
abc-month09-900012	/data/nsrr/datasets/abc/polysomnography/edfs/month09/abc-month09-900012.edf	/data/nsrr/datasets/abc/polysomnography/annotations-events-nsrr/month09/abc-month09-900012-nsrr.xml
abc-month09-900013	/data/nsrr/datasets/abc/polysomnography/edfs/month09/abc-month09-900013.edf	/data/nsrr/datasets/abc/polysomnography/annotations-events-nsrr/month09/abc-month09-900013-nsrr.xml
abc-month09-900014	/data/nsrr/datasets/abc/polysomnography/edfs/month09/abc-month09-900014.edf	/data/nsrr/datasets/abc/polysomnography/annotations-events-nsrr/month09/abc-month09-900014-nsrr.xml
abc-month09-900015	/data/nsrr/datasets/abc/polysomnography/edfs/month09/abc-month09-900015.edf	/data/nsrr/datasets/abc/polysomnography/annotations-events-nsrr/month09/abc-month09-900015-nsrr.xml
abc-month09-900016	/data/nsrr/datasets/abc/polysomnography/edfs/month09/abc-month09-900016.edf	/data/nsrr/datasets/abc/polysomnography/annotations-events-nsrr/month09/abc-month09-900016-nsrr.xml
abc-month09-900018	/data/nsrr/datasets/abc/polysomnography/edfs/month09/abc-month09-900018.edf	/data/nsrr/datasets/abc/polysomnography/annotations-events-nsrr/month09/abc-month09-900018-nsrr.xml
abc-month09-900019	/data/nsrr/datasets/abc/polysomnography/edfs/month09/abc-month09-900019.edf	/data/nsrr/datasets/abc/polysomnography/annotations-events-nsrr/month09/abc-month09-900019-nsrr.xml
abc-month09-900020	/data/nsrr/datasets/abc/polysomnography/edfs/month09/abc-month09-900020.edf	/data/nsrr/datasets/abc/polysomnography/annotations-events-nsrr/month09/abc-month09-900020-nsrr.xml
abc-month09-900021	/data/nsrr/datasets/abc/polysomnography/edfs/month09/abc-month09-900021.edf	/data/nsrr/datasets/abc/polysomnography/annotations-events-nsrr/month09/abc-month09-900021-nsrr.xml
abc-month09-900022	/data/nsrr/datasets/abc/polysomnography/edfs/month09/abc-month09-900022.edf	/data/nsrr/datasets/abc/polysomnography/annotations-events-nsrr/month09/abc-month09-900022-nsrr.xml
abc-month09-900023	/data/nsrr/datasets/abc/polysomnography/edfs/month09/abc-month09-900023.edf	/data/nsrr/datasets/abc/polysomnography/annotations-events-nsrr/month09/abc-month09-900023-nsrr.xml
abc-month09-900024	/data/nsrr/datasets/abc/polysomnography/edfs/month09/abc-month09-900024.edf	/data/nsrr/datasets/abc/polysomnography/annotations-events-nsrr/month09/abc-month09-900024-nsrr.xml
abc-month09-900025	/data/nsrr/datasets/abc/polysomnography/edfs/month09/abc-month09-900025.edf	/data/nsrr/datasets/abc/polysomnography/annotations-events-nsrr/month09/abc-month09-900025-nsrr.xml
abc-month09-900027	/data/nsrr/datasets/abc/polysomnography/edfs/month09/abc-month09-900027.edf	/data/nsrr/datasets/abc/polysomnography/annotations-events-nsrr/month09/abc-month09-900027-nsrr.xml
abc-month09-900028	/data/nsrr/datasets/abc/polysomnography/edfs/month09/abc-month09-900028.edf	/data/nsrr/datasets/abc/polysomnography/annotations-events-nsrr/month09/abc-month09-900028-nsrr.xml
abc-month09-900029	/data/nsrr/datasets/abc/polysomnography/edfs/month09/abc-month09-900029.edf	/data/nsrr/datasets/abc/polysomnography/annotations-events-nsrr/month09/abc-month09-900029-nsrr.xml
abc-month09-900030	/data/nsrr/datasets/abc/polysomnography/edfs/month09/abc-month09-900030.edf	/data/nsrr/datasets/abc/polysomnography/annotations-events-nsrr/month09/abc-month09-900030-nsrr.xml
abc-month09-900031	/data/nsrr/datasets/abc/polysomnography/edfs/month09/abc-month09-900031.edf	/data/nsrr/datasets/abc/polysomnography/annotations-events-nsrr/month09/abc-month09-900031-nsrr.xml
abc-month09-900032	/data/nsrr/datasets/abc/polysomnography/edfs/month09/abc-month09-900032.edf	/data/nsrr/datasets/abc/polysomnography/annotations-events-nsrr/month09/abc-month09-900032-nsrr.xml
abc-month09-900034	/data/nsrr/datasets/abc/polysomnography/edfs/month09/abc-month09-900034.edf	/data/nsrr/datasets/abc/polysomnography/annotations-events-nsrr/month09/abc-month09-900034-nsrr.xml
abc-month09-900035	/data/nsrr/datasets/abc/polysomnography/edfs/month09/abc-month09-900035.edf	/data/nsrr/datasets/abc/polysomnography/annotations-events-nsrr/month09/abc-month09-900035-nsrr.xml
abc-month09-900036	/data/nsrr/datasets/abc/polysomnography/edfs/month09/abc-month09-900036.edf	/data/nsrr/datasets/abc/polysomnography/annotations-events-nsrr/month09/abc-month09-900036-nsrr.xml
abc-month09-900037	/data/nsrr/datasets/abc/polysomnography/edfs/month09/abc-month09-900037.edf	/data/nsrr/datasets/abc/polysomnography/annotations-events-nsrr/month09/abc-month09-900037-nsrr.xml
abc-month09-900038	/data/nsrr/datasets/abc/polysomnography/edfs/month09/abc-month09-900038.edf	/data/nsrr/datasets/abc/polysomnography/annotations-events-nsrr/month09/abc-month09-900038-nsrr.xml
abc-month09-900039	/data/nsrr/datasets/abc/polysomnography/edfs/month09/abc-month09-900039.edf	/data/nsrr/datasets/abc/polysomnography/annotations-events-nsrr/month09/abc-month09-900039-nsrr.xml
abc-month09-900040	/data/nsrr/datasets/abc/polysomnography/edfs/month09/abc-month09-900040.edf	/data/nsrr/datasets/abc/polysomnography/annotations-events-nsrr/month09/abc-month09-900040-nsrr.xml
abc-month09-900041	/data/nsrr/datasets/abc/polysomnography/edfs/month09/abc-month09-900041.edf	/data/nsrr/datasets/abc/polysomnography/annotations-events-nsrr/month09/abc-month09-900041-nsrr.xml
abc-month09-900042	/data/nsrr/datasets/abc/polysomnography/edfs/month09/abc-month09-900042.edf	/data/nsrr/datasets/abc/polysomnography/annotations-events-nsrr/month09/abc-month09-900042-nsrr.xml
abc-month09-900043	/data/nsrr/datasets/abc/polysomnography/edfs/month09/abc-month09-900043.edf	/data/nsrr/datasets/abc/polysomnography/annotations-events-nsrr/month09/abc-month09-900043-nsrr.xml
abc-month09-900045	/data/nsrr/datasets/abc/polysomnography/edfs/month09/abc-month09-900045.edf	/data/nsrr/datasets/abc/polysomnography/annotations-events-nsrr/month09/abc-month09-900045-nsrr.xml
abc-month09-900046	/data/nsrr/datasets/abc/polysomnography/edfs/month09/abc-month09-900046.edf	/data/nsrr/datasets/abc/polysomnography/annotations-events-nsrr/month09/abc-month09-900046-nsrr.xml
abc-month09-900047	/data/nsrr/datasets/abc/polysomnography/edfs/month09/abc-month09-900047.edf	/data/nsrr/datasets/abc/polysomnography/annotations-events-nsrr/month09/abc-month09-900047-nsrr.xml
abc-month09-900049	/data/nsrr/datasets/abc/polysomnography/edfs/month09/abc-month09-900049.edf	/data/nsrr/datasets/abc/polysomnography/annotations-events-nsrr/month09/abc-month09-900049-nsrr.xml
abc-month18-900001	/data/nsrr/datasets/abc/polysomnography/edfs/month18/abc-month18-900001.edf	/data/nsrr/datasets/abc/polysomnography/annotations-events-nsrr/month18/abc-month18-900001-nsrr.xml
abc-month18-900002	/data/nsrr/datasets/abc/polysomnography/edfs/month18/abc-month18-900002.edf	/data/nsrr/datasets/abc/polysomnography/annotations-events-nsrr/month18/abc-month18-900002-nsrr.xml
abc-month18-900003	/data/nsrr/datasets/abc/polysomnography/edfs/month18/abc-month18-900003.edf	/data/nsrr/datasets/abc/polysomnography/annotations-events-nsrr/month18/abc-month18-900003-nsrr.xml
abc-month18-900004	/data/nsrr/datasets/abc/polysomnography/edfs/month18/abc-month18-900004.edf	/data/nsrr/datasets/abc/polysomnography/annotations-events-nsrr/month18/abc-month18-900004-nsrr.xml
abc-month18-900005	/data/nsrr/datasets/abc/polysomnography/edfs/month18/abc-month18-900005.edf	/data/nsrr/datasets/abc/polysomnography/annotations-events-nsrr/month18/abc-month18-900005-nsrr.xml
abc-month18-900008	/data/nsrr/datasets/abc/polysomnography/edfs/month18/abc-month18-900008.edf	/data/nsrr/datasets/abc/polysomnography/annotations-events-nsrr/month18/abc-month18-900008-nsrr.xml
abc-month18-900009	/data/nsrr/datasets/abc/polysomnography/edfs/month18/abc-month18-900009.edf	/data/nsrr/datasets/abc/polysomnography/annotations-events-nsrr/month18/abc-month18-900009-nsrr.xml
abc-month18-900010	/data/nsrr/datasets/abc/polysomnography/edfs/month18/abc-month18-900010.edf	/data/nsrr/datasets/abc/polysomnography/annotations-events-nsrr/month18/abc-month18-900010-nsrr.xml
abc-month18-900011	/data/nsrr/datasets/abc/polysomnography/edfs/month18/abc-month18-900011.edf	/data/nsrr/datasets/abc/polysomnography/annotations-events-nsrr/month18/abc-month18-900011-nsrr.xml
abc-month18-900012	/data/nsrr/datasets/abc/polysomnography/edfs/month18/abc-month18-900012.edf	/data/nsrr/datasets/abc/polysomnography/annotations-events-nsrr/month18/abc-month18-900012-nsrr.xml
abc-month18-900013	/data/nsrr/datasets/abc/polysomnography/edfs/month18/abc-month18-900013.edf	/data/nsrr/datasets/abc/polysomnography/annotations-events-nsrr/month18/abc-month18-900013-nsrr.xml
abc-month18-900014	/data/nsrr/datasets/abc/polysomnography/edfs/month18/abc-month18-900014.edf	/data/nsrr/datasets/abc/polysomnography/annotations-events-nsrr/month18/abc-month18-900014-nsrr.xml
abc-month18-900015	/data/nsrr/datasets/abc/polysomnography/edfs/month18/abc-month18-900015.edf	/data/nsrr/datasets/abc/polysomnography/annotations-events-nsrr/month18/abc-month18-900015-nsrr.xml
abc-month18-900016	/data/nsrr/datasets/abc/polysomnography/edfs/month18/abc-month18-900016.edf	/data/nsrr/datasets/abc/polysomnography/annotations-events-nsrr/month18/abc-month18-900016-nsrr.xml
abc-month18-900018	/data/nsrr/datasets/abc/polysomnography/edfs/month18/abc-month18-900018.edf	/data/nsrr/datasets/abc/polysomnography/annotations-events-nsrr/month18/abc-month18-900018-nsrr.xml
abc-month18-900019	/data/nsrr/datasets/abc/polysomnography/edfs/month18/abc-month18-900019.edf	/data/nsrr/datasets/abc/polysomnography/annotations-events-nsrr/month18/abc-month18-900019-nsrr.xml
abc-month18-900020	/data/nsrr/datasets/abc/polysomnography/edfs/month18/abc-month18-900020.edf	/data/nsrr/datasets/abc/polysomnography/annotations-events-nsrr/month18/abc-month18-900020-nsrr.xml
abc-month18-900021	/data/nsrr/datasets/abc/polysomnography/edfs/month18/abc-month18-900021.edf	/data/nsrr/datasets/abc/polysomnography/annotations-events-nsrr/month18/abc-month18-900021-nsrr.xml
abc-month18-900022	/data/nsrr/datasets/abc/polysomnography/edfs/month18/abc-month18-900022.edf	/data/nsrr/datasets/abc/polysomnography/annotations-events-nsrr/month18/abc-month18-900022-nsrr.xml
abc-month18-900023	/data/nsrr/datasets/abc/polysomnography/edfs/month18/abc-month18-900023.edf	/data/nsrr/datasets/abc/polysomnography/annotations-events-nsrr/month18/abc-month18-900023-nsrr.xml
abc-month18-900024	/data/nsrr/datasets/abc/polysomnography/edfs/month18/abc-month18-900024.edf	/data/nsrr/datasets/abc/polysomnography/annotations-events-nsrr/month18/abc-month18-900024-nsrr.xml
abc-month18-900025	/data/nsrr/datasets/abc/polysomnography/edfs/month18/abc-month18-900025.edf	/data/nsrr/datasets/abc/polysomnography/annotations-events-nsrr/month18/abc-month18-900025-nsrr.xml
abc-month18-900027	/data/nsrr/datasets/abc/polysomnography/edfs/month18/abc-month18-900027.edf	/data/nsrr/datasets/abc/polysomnography/annotations-events-nsrr/month18/abc-month18-900027-nsrr.xml
abc-month18-900028	/data/nsrr/datasets/abc/polysomnography/edfs/month18/abc-month18-900028.edf	/data/nsrr/datasets/abc/polysomnography/annotations-events-nsrr/month18/abc-month18-900028-nsrr.xml
abc-month18-900030	/data/nsrr/datasets/abc/polysomnography/edfs/month18/abc-month18-900030.edf	/data/nsrr/datasets/abc/polysomnography/annotations-events-nsrr/month18/abc-month18-900030-nsrr.xml
abc-month18-900031	/data/nsrr/datasets/abc/polysomnography/edfs/month18/abc-month18-900031.edf	/data/nsrr/datasets/abc/polysomnography/annotations-events-nsrr/month18/abc-month18-900031-nsrr.xml
abc-month18-900032	/data/nsrr/datasets/abc/polysomnography/edfs/month18/abc-month18-900032.edf	/data/nsrr/datasets/abc/polysomnography/annotations-events-nsrr/month18/abc-month18-900032-nsrr.xml
abc-month18-900034	/data/nsrr/datasets/abc/polysomnography/edfs/month18/abc-month18-900034.edf	/data/nsrr/datasets/abc/polysomnography/annotations-events-nsrr/month18/abc-month18-900034-nsrr.xml
abc-month18-900035	/data/nsrr/datasets/abc/polysomnography/edfs/month18/abc-month18-900035.edf	/data/nsrr/datasets/abc/polysomnography/annotations-events-nsrr/month18/abc-month18-900035-nsrr.xml
abc-month18-900036	/data/nsrr/datasets/abc/polysomnography/edfs/month18/abc-month18-900036.edf	/data/nsrr/datasets/abc/polysomnography/annotations-events-nsrr/month18/abc-month18-900036-nsrr.xml
abc-month18-900037	/data/nsrr/datasets/abc/polysomnography/edfs/month18/abc-month18-900037.edf	/data/nsrr/datasets/abc/polysomnography/annotations-events-nsrr/month18/abc-month18-900037-nsrr.xml
abc-month18-900038	/data/nsrr/datasets/abc/polysomnography/edfs/month18/abc-month18-900038.edf	/data/nsrr/datasets/abc/polysomnography/annotations-events-nsrr/month18/abc-month18-900038-nsrr.xml
abc-month18-900039	/data/nsrr/datasets/abc/polysomnography/edfs/month18/abc-month18-900039.edf	/data/nsrr/datasets/abc/polysomnography/annotations-events-nsrr/month18/abc-month18-900039-nsrr.xml
abc-month18-900040	/data/nsrr/datasets/abc/polysomnography/edfs/month18/abc-month18-900040.edf	/data/nsrr/datasets/abc/polysomnography/annotations-events-nsrr/month18/abc-month18-900040-nsrr.xml
abc-month18-900041	/data/nsrr/datasets/abc/polysomnography/edfs/month18/abc-month18-900041.edf	/data/nsrr/datasets/abc/polysomnography/annotations-events-nsrr/month18/abc-month18-900041-nsrr.xml
abc-month18-900043	/data/nsrr/datasets/abc/polysomnography/edfs/month18/abc-month18-900043.edf	/data/nsrr/datasets/abc/polysomnography/annotations-events-nsrr/month18/abc-month18-900043-nsrr.xml
abc-month18-900045	/data/nsrr/datasets/abc/polysomnography/edfs/month18/abc-month18-900045.edf	/data/nsrr/datasets/abc/polysomnography/annotations-events-nsrr/month18/abc-month18-900045-nsrr.xml
abc-month18-900046	/data/nsrr/datasets/abc/polysomnography/edfs/month18/abc-month18-900046.edf	/data/nsrr/datasets/abc/polysomnography/annotations-events-nsrr/month18/abc-month18-900046-nsrr.xml
abc-month18-900047	/data/nsrr/datasets/abc/polysomnography/edfs/month18/abc-month18-900047.edf	/data/nsrr/datasets/abc/polysomnography/annotations-events-nsrr/month18/abc-month18-900047-nsrr.xml
abc-month18-900049	/data/nsrr/datasets/abc/polysomnography/edfs/month18/abc-month18-900049.edf	/data/nsrr/datasets/abc/polysomnography/annotations-events-nsrr/month18/abc-month18-900049-nsrr.xml
