sof-visit-8-00004	/data/nsrr/datasets/sof/polysomnography/edfs/sof-visit-8-00004.edf	/data/nsrr/datasets/sof/polysomnography/annotations-events-nsrr/sof-visit-8-00004-nsrr.xml
sof-visit-8-00020	/data/nsrr/datasets/sof/polysomnography/edfs/sof-visit-8-00020.edf	/data/nsrr/datasets/sof/polysomnography/annotations-events-nsrr/sof-visit-8-00020-nsrr.xml
sof-visit-8-00021	/data/nsrr/datasets/sof/polysomnography/edfs/sof-visit-8-00021.edf	/data/nsrr/datasets/sof/polysomnography/annotations-events-nsrr/sof-visit-8-00021-nsrr.xml
sof-visit-8-00112	/data/nsrr/datasets/sof/polysomnography/edfs/sof-visit-8-00112.edf	/data/nsrr/datasets/sof/polysomnography/annotations-events-nsrr/sof-visit-8-00112-nsrr.xml
sof-visit-8-00134	/data/nsrr/datasets/sof/polysomnography/edfs/sof-visit-8-00134.edf	/data/nsrr/datasets/sof/polysomnography/annotations-events-nsrr/sof-visit-8-00134-nsrr.xml
sof-visit-8-00155	/data/nsrr/datasets/sof/polysomnography/edfs/sof-visit-8-00155.edf	/data/nsrr/datasets/sof/polysomnography/annotations-events-nsrr/sof-visit-8-00155-nsrr.xml
sof-visit-8-00218	/data/nsrr/datasets/sof/polysomnography/edfs/sof-visit-8-00218.edf	/data/nsrr/datasets/sof/polysomnography/annotations-events-nsrr/sof-visit-8-00218-nsrr.xml
sof-visit-8-00234	/data/nsrr/datasets/sof/polysomnography/edfs/sof-visit-8-00234.edf	/data/nsrr/datasets/sof/polysomnography/annotations-events-nsrr/sof-visit-8-00234-nsrr.xml
sof-visit-8-00242	/data/nsrr/datasets/sof/polysomnography/edfs/sof-visit-8-00242.edf	/data/nsrr/datasets/sof/polysomnography/annotations-events-nsrr/sof-visit-8-00242-nsrr.xml
sof-visit-8-00249	/data/nsrr/datasets/sof/polysomnography/edfs/sof-visit-8-00249.edf	/data/nsrr/datasets/sof/polysomnography/annotations-events-nsrr/sof-visit-8-00249-nsrr.xml
sof-visit-8-00251	/data/nsrr/datasets/sof/polysomnography/edfs/sof-visit-8-00251.edf	/data/nsrr/datasets/sof/polysomnography/annotations-events-nsrr/sof-visit-8-00251-nsrr.xml
sof-visit-8-00329	/data/nsrr/datasets/sof/polysomnography/edfs/sof-visit-8-00329.edf	/data/nsrr/datasets/sof/polysomnography/annotations-events-nsrr/sof-visit-8-00329-nsrr.xml
sof-visit-8-00352	/data/nsrr/datasets/sof/polysomnography/edfs/sof-visit-8-00352.edf	/data/nsrr/datasets/sof/polysomnography/annotations-events-nsrr/sof-visit-8-00352-nsrr.xml
sof-visit-8-00365	/data/nsrr/datasets/sof/polysomnography/edfs/sof-visit-8-00365.edf	/data/nsrr/datasets/sof/polysomnography/annotations-events-nsrr/sof-visit-8-00365-nsrr.xml
sof-visit-8-00393	/data/nsrr/datasets/sof/polysomnography/edfs/sof-visit-8-00393.edf	/data/nsrr/datasets/sof/polysomnography/annotations-events-nsrr/sof-visit-8-00393-nsrr.xml
sof-visit-8-00405	/data/nsrr/datasets/sof/polysomnography/edfs/sof-visit-8-00405.edf	/data/nsrr/datasets/sof/polysomnography/annotations-events-nsrr/sof-visit-8-00405-nsrr.xml
sof-visit-8-00419	/data/nsrr/datasets/sof/polysomnography/edfs/sof-visit-8-00419.edf	/data/nsrr/datasets/sof/polysomnography/annotations-events-nsrr/sof-visit-8-00419-nsrr.xml
sof-visit-8-00436	/data/nsrr/datasets/sof/polysomnography/edfs/sof-visit-8-00436.edf	/data/nsrr/datasets/sof/polysomnography/annotations-events-nsrr/sof-visit-8-00436-nsrr.xml
sof-visit-8-00443	/data/nsrr/datasets/sof/polysomnography/edfs/sof-visit-8-00443.edf	/data/nsrr/datasets/sof/polysomnography/annotations-events-nsrr/sof-visit-8-00443-nsrr.xml
sof-visit-8-00445	/data/nsrr/datasets/sof/polysomnography/edfs/sof-visit-8-00445.edf	/data/nsrr/datasets/sof/polysomnography/annotations-events-nsrr/sof-visit-8-00445-nsrr.xml
sof-visit-8-00446	/data/nsrr/datasets/sof/polysomnography/edfs/sof-visit-8-00446.edf	/data/nsrr/datasets/sof/polysomnography/annotations-events-nsrr/sof-visit-8-00446-nsrr.xml
sof-visit-8-00497	/data/nsrr/datasets/sof/polysomnography/edfs/sof-visit-8-00497.edf	/data/nsrr/datasets/sof/polysomnography/annotations-events-nsrr/sof-visit-8-00497-nsrr.xml
sof-visit-8-00506	/data/nsrr/datasets/sof/polysomnography/edfs/sof-visit-8-00506.edf	/data/nsrr/datasets/sof/polysomnography/annotations-events-nsrr/sof-visit-8-00506-nsrr.xml
sof-visit-8-00509	/data/nsrr/datasets/sof/polysomnography/edfs/sof-visit-8-00509.edf	/data/nsrr/datasets/sof/polysomnography/annotations-events-nsrr/sof-visit-8-00509-nsrr.xml
sof-visit-8-00513	/data/nsrr/datasets/sof/polysomnography/edfs/sof-visit-8-00513.edf	/data/nsrr/datasets/sof/polysomnography/annotations-events-nsrr/sof-visit-8-00513-nsrr.xml
sof-visit-8-00560	/data/nsrr/datasets/sof/polysomnography/edfs/sof-visit-8-00560.edf	/data/nsrr/datasets/sof/polysomnography/annotations-events-nsrr/sof-visit-8-00560-nsrr.xml
sof-visit-8-00588	/data/nsrr/datasets/sof/polysomnography/edfs/sof-visit-8-00588.edf	/data/nsrr/datasets/sof/polysomnography/annotations-events-nsrr/sof-visit-8-00588-nsrr.xml
sof-visit-8-00590	/data/nsrr/datasets/sof/polysomnography/edfs/sof-visit-8-00590.edf	/data/nsrr/datasets/sof/polysomnography/annotations-events-nsrr/sof-visit-8-00590-nsrr.xml
sof-visit-8-00603	/data/nsrr/datasets/sof/polysomnography/edfs/sof-visit-8-00603.edf	/data/nsrr/datasets/sof/polysomnography/annotations-events-nsrr/sof-visit-8-00603-nsrr.xml
sof-visit-8-00610	/data/nsrr/datasets/sof/polysomnography/edfs/sof-visit-8-00610.edf	/data/nsrr/datasets/sof/polysomnography/annotations-events-nsrr/sof-visit-8-00610-nsrr.xml
sof-visit-8-00612	/data/nsrr/datasets/sof/polysomnography/edfs/sof-visit-8-00612.edf	/data/nsrr/datasets/sof/polysomnography/annotations-events-nsrr/sof-visit-8-00612-nsrr.xml
sof-visit-8-00633	/data/nsrr/datasets/sof/polysomnography/edfs/sof-visit-8-00633.edf	/data/nsrr/datasets/sof/polysomnography/annotations-events-nsrr/sof-visit-8-00633-nsrr.xml
sof-visit-8-00643	/data/nsrr/datasets/sof/polysomnography/edfs/sof-visit-8-00643.edf	/data/nsrr/datasets/sof/polysomnography/annotations-events-nsrr/sof-visit-8-00643-nsrr.xml
sof-visit-8-00652	/data/nsrr/datasets/sof/polysomnography/edfs/sof-visit-8-00652.edf	/data/nsrr/datasets/sof/polysomnography/annotations-events-nsrr/sof-visit-8-00652-nsrr.xml
sof-visit-8-00665	/data/nsrr/datasets/sof/polysomnography/edfs/sof-visit-8-00665.edf	/data/nsrr/datasets/sof/polysomnography/annotations-events-nsrr/sof-visit-8-00665-nsrr.xml
sof-visit-8-00724	/data/nsrr/datasets/sof/polysomnography/edfs/sof-visit-8-00724.edf	/data/nsrr/datasets/sof/polysomnography/annotations-events-nsrr/sof-visit-8-00724-nsrr.xml
sof-visit-8-00743	/data/nsrr/datasets/sof/polysomnography/edfs/sof-visit-8-00743.edf	/data/nsrr/datasets/sof/polysomnography/annotations-events-nsrr/sof-visit-8-00743-nsrr.xml
sof-visit-8-00816	/data/nsrr/datasets/sof/polysomnography/edfs/sof-visit-8-00816.edf	/data/nsrr/datasets/sof/polysomnography/annotations-events-nsrr/sof-visit-8-00816-nsrr.xml
sof-visit-8-00841	/data/nsrr/datasets/sof/polysomnography/edfs/sof-visit-8-00841.edf	/data/nsrr/datasets/sof/polysomnography/annotations-events-nsrr/sof-visit-8-00841-nsrr.xml
sof-visit-8-00847	/data/nsrr/datasets/sof/polysomnography/edfs/sof-visit-8-00847.edf	/data/nsrr/datasets/sof/polysomnography/annotations-events-nsrr/sof-visit-8-00847-nsrr.xml
sof-visit-8-00852	/data/nsrr/datasets/sof/polysomnography/edfs/sof-visit-8-00852.edf	/data/nsrr/datasets/sof/polysomnography/annotations-events-nsrr/sof-visit-8-00852-nsrr.xml
sof-visit-8-00893	/data/nsrr/datasets/sof/polysomnography/edfs/sof-visit-8-00893.edf	/data/nsrr/datasets/sof/polysomnography/annotations-events-nsrr/sof-visit-8-00893-nsrr.xml
sof-visit-8-00924	/data/nsrr/datasets/sof/polysomnography/edfs/sof-visit-8-00924.edf	/data/nsrr/datasets/sof/polysomnography/annotations-events-nsrr/sof-visit-8-00924-nsrr.xml
sof-visit-8-00970	/data/nsrr/datasets/sof/polysomnography/edfs/sof-visit-8-00970.edf	/data/nsrr/datasets/sof/polysomnography/annotations-events-nsrr/sof-visit-8-00970-nsrr.xml
sof-visit-8-00975	/data/nsrr/datasets/sof/polysomnography/edfs/sof-visit-8-00975.edf	/data/nsrr/datasets/sof/polysomnography/annotations-events-nsrr/sof-visit-8-00975-nsrr.xml
sof-visit-8-01102	/data/nsrr/datasets/sof/polysomnography/edfs/sof-visit-8-01102.edf	/data/nsrr/datasets/sof/polysomnography/annotations-events-nsrr/sof-visit-8-01102-nsrr.xml
sof-visit-8-01110	/data/nsrr/datasets/sof/polysomnography/edfs/sof-visit-8-01110.edf	/data/nsrr/datasets/sof/polysomnography/annotations-events-nsrr/sof-visit-8-01110-nsrr.xml
sof-visit-8-01188	/data/nsrr/datasets/sof/polysomnography/edfs/sof-visit-8-01188.edf	/data/nsrr/datasets/sof/polysomnography/annotations-events-nsrr/sof-visit-8-01188-nsrr.xml
sof-visit-8-01233	/data/nsrr/datasets/sof/polysomnography/edfs/sof-visit-8-01233.edf	/data/nsrr/datasets/sof/polysomnography/annotations-events-nsrr/sof-visit-8-01233-nsrr.xml
sof-visit-8-01234	/data/nsrr/datasets/sof/polysomnography/edfs/sof-visit-8-01234.edf	/data/nsrr/datasets/sof/polysomnography/annotations-events-nsrr/sof-visit-8-01234-nsrr.xml
sof-visit-8-01261	/data/nsrr/datasets/sof/polysomnography/edfs/sof-visit-8-01261.edf	/data/nsrr/datasets/sof/polysomnography/annotations-events-nsrr/sof-visit-8-01261-nsrr.xml
sof-visit-8-01262	/data/nsrr/datasets/sof/polysomnography/edfs/sof-visit-8-01262.edf	/data/nsrr/datasets/sof/polysomnography/annotations-events-nsrr/sof-visit-8-01262-nsrr.xml
sof-visit-8-01289	/data/nsrr/datasets/sof/polysomnography/edfs/sof-visit-8-01289.edf	/data/nsrr/datasets/sof/polysomnography/annotations-events-nsrr/sof-visit-8-01289-nsrr.xml
sof-visit-8-01294	/data/nsrr/datasets/sof/polysomnography/edfs/sof-visit-8-01294.edf	/data/nsrr/datasets/sof/polysomnography/annotations-events-nsrr/sof-visit-8-01294-nsrr.xml
sof-visit-8-01296	/data/nsrr/datasets/sof/polysomnography/edfs/sof-visit-8-01296.edf	/data/nsrr/datasets/sof/polysomnography/annotations-events-nsrr/sof-visit-8-01296-nsrr.xml
sof-visit-8-01320	/data/nsrr/datasets/sof/polysomnography/edfs/sof-visit-8-01320.edf	/data/nsrr/datasets/sof/polysomnography/annotations-events-nsrr/sof-visit-8-01320-nsrr.xml
sof-visit-8-01342	/data/nsrr/datasets/sof/polysomnography/edfs/sof-visit-8-01342.edf	/data/nsrr/datasets/sof/polysomnography/annotations-events-nsrr/sof-visit-8-01342-nsrr.xml
sof-visit-8-01362	/data/nsrr/datasets/sof/polysomnography/edfs/sof-visit-8-01362.edf	/data/nsrr/datasets/sof/polysomnography/annotations-events-nsrr/sof-visit-8-01362-nsrr.xml
sof-visit-8-01363	/data/nsrr/datasets/sof/polysomnography/edfs/sof-visit-8-01363.edf	/data/nsrr/datasets/sof/polysomnography/annotations-events-nsrr/sof-visit-8-01363-nsrr.xml
sof-visit-8-01404	/data/nsrr/datasets/sof/polysomnography/edfs/sof-visit-8-01404.edf	/data/nsrr/datasets/sof/polysomnography/annotations-events-nsrr/sof-visit-8-01404-nsrr.xml
sof-visit-8-01414	/data/nsrr/datasets/sof/polysomnography/edfs/sof-visit-8-01414.edf	/data/nsrr/datasets/sof/polysomnography/annotations-events-nsrr/sof-visit-8-01414-nsrr.xml
sof-visit-8-01420	/data/nsrr/datasets/sof/polysomnography/edfs/sof-visit-8-01420.edf	/data/nsrr/datasets/sof/polysomnography/annotations-events-nsrr/sof-visit-8-01420-nsrr.xml
sof-visit-8-01425	/data/nsrr/datasets/sof/polysomnography/edfs/sof-visit-8-01425.edf	/data/nsrr/datasets/sof/polysomnography/annotations-events-nsrr/sof-visit-8-01425-nsrr.xml
sof-visit-8-01463	/data/nsrr/datasets/sof/polysomnography/edfs/sof-visit-8-01463.edf	/data/nsrr/datasets/sof/polysomnography/annotations-events-nsrr/sof-visit-8-01463-nsrr.xml
sof-visit-8-01473	/data/nsrr/datasets/sof/polysomnography/edfs/sof-visit-8-01473.edf	/data/nsrr/datasets/sof/polysomnography/annotations-events-nsrr/sof-visit-8-01473-nsrr.xml
sof-visit-8-01483	/data/nsrr/datasets/sof/polysomnography/edfs/sof-visit-8-01483.edf	/data/nsrr/datasets/sof/polysomnography/annotations-events-nsrr/sof-visit-8-01483-nsrr.xml
sof-visit-8-01512	/data/nsrr/datasets/sof/polysomnography/edfs/sof-visit-8-01512.edf	/data/nsrr/datasets/sof/polysomnography/annotations-events-nsrr/sof-visit-8-01512-nsrr.xml
sof-visit-8-01525	/data/nsrr/datasets/sof/polysomnography/edfs/sof-visit-8-01525.edf	/data/nsrr/datasets/sof/polysomnography/annotations-events-nsrr/sof-visit-8-01525-nsrr.xml
sof-visit-8-01546	/data/nsrr/datasets/sof/polysomnography/edfs/sof-visit-8-01546.edf	/data/nsrr/datasets/sof/polysomnography/annotations-events-nsrr/sof-visit-8-01546-nsrr.xml
sof-visit-8-01575	/data/nsrr/datasets/sof/polysomnography/edfs/sof-visit-8-01575.edf	/data/nsrr/datasets/sof/polysomnography/annotations-events-nsrr/sof-visit-8-01575-nsrr.xml
sof-visit-8-01579	/data/nsrr/datasets/sof/polysomnography/edfs/sof-visit-8-01579.edf	/data/nsrr/datasets/sof/polysomnography/annotations-events-nsrr/sof-visit-8-01579-nsrr.xml
sof-visit-8-01613	/data/nsrr/datasets/sof/polysomnography/edfs/sof-visit-8-01613.edf	/data/nsrr/datasets/sof/polysomnography/annotations-events-nsrr/sof-visit-8-01613-nsrr.xml
sof-visit-8-01622	/data/nsrr/datasets/sof/polysomnography/edfs/sof-visit-8-01622.edf	/data/nsrr/datasets/sof/polysomnography/annotations-events-nsrr/sof-visit-8-01622-nsrr.xml
sof-visit-8-01632	/data/nsrr/datasets/sof/polysomnography/edfs/sof-visit-8-01632.edf	/data/nsrr/datasets/sof/polysomnography/annotations-events-nsrr/sof-visit-8-01632-nsrr.xml
sof-visit-8-01682	/data/nsrr/datasets/sof/polysomnography/edfs/sof-visit-8-01682.edf	/data/nsrr/datasets/sof/polysomnography/annotations-events-nsrr/sof-visit-8-01682-nsrr.xml
sof-visit-8-01694	/data/nsrr/datasets/sof/polysomnography/edfs/sof-visit-8-01694.edf	/data/nsrr/datasets/sof/polysomnography/annotations-events-nsrr/sof-visit-8-01694-nsrr.xml
sof-visit-8-01715	/data/nsrr/datasets/sof/polysomnography/edfs/sof-visit-8-01715.edf	/data/nsrr/datasets/sof/polysomnography/annotations-events-nsrr/sof-visit-8-01715-nsrr.xml
sof-visit-8-01719	/data/nsrr/datasets/sof/polysomnography/edfs/sof-visit-8-01719.edf	/data/nsrr/datasets/sof/polysomnography/annotations-events-nsrr/sof-visit-8-01719-nsrr.xml
sof-visit-8-01723	/data/nsrr/datasets/sof/polysomnography/edfs/sof-visit-8-01723.edf	/data/nsrr/datasets/sof/polysomnography/annotations-events-nsrr/sof-visit-8-01723-nsrr.xml
sof-visit-8-01745	/data/nsrr/datasets/sof/polysomnography/edfs/sof-visit-8-01745.edf	/data/nsrr/datasets/sof/polysomnography/annotations-events-nsrr/sof-visit-8-01745-nsrr.xml
sof-visit-8-01760	/data/nsrr/datasets/sof/polysomnography/edfs/sof-visit-8-01760.edf	/data/nsrr/datasets/sof/polysomnography/annotations-events-nsrr/sof-visit-8-01760-nsrr.xml
sof-visit-8-01797	/data/nsrr/datasets/sof/polysomnography/edfs/sof-visit-8-01797.edf	/data/nsrr/datasets/sof/polysomnography/annotations-events-nsrr/sof-visit-8-01797-nsrr.xml
sof-visit-8-01879	/data/nsrr/datasets/sof/polysomnography/edfs/sof-visit-8-01879.edf	/data/nsrr/datasets/sof/polysomnography/annotations-events-nsrr/sof-visit-8-01879-nsrr.xml
sof-visit-8-01928	/data/nsrr/datasets/sof/polysomnography/edfs/sof-visit-8-01928.edf	/data/nsrr/datasets/sof/polysomnography/annotations-events-nsrr/sof-visit-8-01928-nsrr.xml
sof-visit-8-01960	/data/nsrr/datasets/sof/polysomnography/edfs/sof-visit-8-01960.edf	/data/nsrr/datasets/sof/polysomnography/annotations-events-nsrr/sof-visit-8-01960-nsrr.xml
sof-visit-8-01986	/data/nsrr/datasets/sof/polysomnography/edfs/sof-visit-8-01986.edf	/data/nsrr/datasets/sof/polysomnography/annotations-events-nsrr/sof-visit-8-01986-nsrr.xml
sof-visit-8-02027	/data/nsrr/datasets/sof/polysomnography/edfs/sof-visit-8-02027.edf	/data/nsrr/datasets/sof/polysomnography/annotations-events-nsrr/sof-visit-8-02027-nsrr.xml
sof-visit-8-02035	/data/nsrr/datasets/sof/polysomnography/edfs/sof-visit-8-02035.edf	/data/nsrr/datasets/sof/polysomnography/annotations-events-nsrr/sof-visit-8-02035-nsrr.xml
sof-visit-8-02044	/data/nsrr/datasets/sof/polysomnography/edfs/sof-visit-8-02044.edf	/data/nsrr/datasets/sof/polysomnography/annotations-events-nsrr/sof-visit-8-02044-nsrr.xml
sof-visit-8-02077	/data/nsrr/datasets/sof/polysomnography/edfs/sof-visit-8-02077.edf	/data/nsrr/datasets/sof/polysomnography/annotations-events-nsrr/sof-visit-8-02077-nsrr.xml
sof-visit-8-02119	/data/nsrr/datasets/sof/polysomnography/edfs/sof-visit-8-02119.edf	/data/nsrr/datasets/sof/polysomnography/annotations-events-nsrr/sof-visit-8-02119-nsrr.xml
sof-visit-8-02138	/data/nsrr/datasets/sof/polysomnography/edfs/sof-visit-8-02138.edf	/data/nsrr/datasets/sof/polysomnography/annotations-events-nsrr/sof-visit-8-02138-nsrr.xml
sof-visit-8-02142	/data/nsrr/datasets/sof/polysomnography/edfs/sof-visit-8-02142.edf	/data/nsrr/datasets/sof/polysomnography/annotations-events-nsrr/sof-visit-8-02142-nsrr.xml
sof-visit-8-02196	/data/nsrr/datasets/sof/polysomnography/edfs/sof-visit-8-02196.edf	/data/nsrr/datasets/sof/polysomnography/annotations-events-nsrr/sof-visit-8-02196-nsrr.xml
sof-visit-8-02254	/data/nsrr/datasets/sof/polysomnography/edfs/sof-visit-8-02254.edf	/data/nsrr/datasets/sof/polysomnography/annotations-events-nsrr/sof-visit-8-02254-nsrr.xml
sof-visit-8-02268	/data/nsrr/datasets/sof/polysomnography/edfs/sof-visit-8-02268.edf	/data/nsrr/datasets/sof/polysomnography/annotations-events-nsrr/sof-visit-8-02268-nsrr.xml
sof-visit-8-02332	/data/nsrr/datasets/sof/polysomnography/edfs/sof-visit-8-02332.edf	/data/nsrr/datasets/sof/polysomnography/annotations-events-nsrr/sof-visit-8-02332-nsrr.xml
sof-visit-8-02387	/data/nsrr/datasets/sof/polysomnography/edfs/sof-visit-8-02387.edf	/data/nsrr/datasets/sof/polysomnography/annotations-events-nsrr/sof-visit-8-02387-nsrr.xml
sof-visit-8-02419	/data/nsrr/datasets/sof/polysomnography/edfs/sof-visit-8-02419.edf	/data/nsrr/datasets/sof/polysomnography/annotations-events-nsrr/sof-visit-8-02419-nsrr.xml
sof-visit-8-02439	/data/nsrr/datasets/sof/polysomnography/edfs/sof-visit-8-02439.edf	/data/nsrr/datasets/sof/polysomnography/annotations-events-nsrr/sof-visit-8-02439-nsrr.xml
sof-visit-8-02487	/data/nsrr/datasets/sof/polysomnography/edfs/sof-visit-8-02487.edf	/data/nsrr/datasets/sof/polysomnography/annotations-events-nsrr/sof-visit-8-02487-nsrr.xml
sof-visit-8-02527	/data/nsrr/datasets/sof/polysomnography/edfs/sof-visit-8-02527.edf	/data/nsrr/datasets/sof/polysomnography/annotations-events-nsrr/sof-visit-8-02527-nsrr.xml
sof-visit-8-02558	/data/nsrr/datasets/sof/polysomnography/edfs/sof-visit-8-02558.edf	/data/nsrr/datasets/sof/polysomnography/annotations-events-nsrr/sof-visit-8-02558-nsrr.xml
sof-visit-8-02562	/data/nsrr/datasets/sof/polysomnography/edfs/sof-visit-8-02562.edf	/data/nsrr/datasets/sof/polysomnography/annotations-events-nsrr/sof-visit-8-02562-nsrr.xml
sof-visit-8-02622	/data/nsrr/datasets/sof/polysomnography/edfs/sof-visit-8-02622.edf	/data/nsrr/datasets/sof/polysomnography/annotations-events-nsrr/sof-visit-8-02622-nsrr.xml
sof-visit-8-02632	/data/nsrr/datasets/sof/polysomnography/edfs/sof-visit-8-02632.edf	/data/nsrr/datasets/sof/polysomnography/annotations-events-nsrr/sof-visit-8-02632-nsrr.xml
sof-visit-8-02642	/data/nsrr/datasets/sof/polysomnography/edfs/sof-visit-8-02642.edf	/data/nsrr/datasets/sof/polysomnography/annotations-events-nsrr/sof-visit-8-02642-nsrr.xml
sof-visit-8-02648	/data/nsrr/datasets/sof/polysomnography/edfs/sof-visit-8-02648.edf	/data/nsrr/datasets/sof/polysomnography/annotations-events-nsrr/sof-visit-8-02648-nsrr.xml
sof-visit-8-02671	/data/nsrr/datasets/sof/polysomnography/edfs/sof-visit-8-02671.edf	/data/nsrr/datasets/sof/polysomnography/annotations-events-nsrr/sof-visit-8-02671-nsrr.xml
sof-visit-8-02691	/data/nsrr/datasets/sof/polysomnography/edfs/sof-visit-8-02691.edf	/data/nsrr/datasets/sof/polysomnography/annotations-events-nsrr/sof-visit-8-02691-nsrr.xml
sof-visit-8-02700	/data/nsrr/datasets/sof/polysomnography/edfs/sof-visit-8-02700.edf	/data/nsrr/datasets/sof/polysomnography/annotations-events-nsrr/sof-visit-8-02700-nsrr.xml
sof-visit-8-02705	/data/nsrr/datasets/sof/polysomnography/edfs/sof-visit-8-02705.edf	/data/nsrr/datasets/sof/polysomnography/annotations-events-nsrr/sof-visit-8-02705-nsrr.xml
sof-visit-8-02711	/data/nsrr/datasets/sof/polysomnography/edfs/sof-visit-8-02711.edf	/data/nsrr/datasets/sof/polysomnography/annotations-events-nsrr/sof-visit-8-02711-nsrr.xml
sof-visit-8-02766	/data/nsrr/datasets/sof/polysomnography/edfs/sof-visit-8-02766.edf	/data/nsrr/datasets/sof/polysomnography/annotations-events-nsrr/sof-visit-8-02766-nsrr.xml
sof-visit-8-02787	/data/nsrr/datasets/sof/polysomnography/edfs/sof-visit-8-02787.edf	/data/nsrr/datasets/sof/polysomnography/annotations-events-nsrr/sof-visit-8-02787-nsrr.xml
sof-visit-8-02794	/data/nsrr/datasets/sof/polysomnography/edfs/sof-visit-8-02794.edf	/data/nsrr/datasets/sof/polysomnography/annotations-events-nsrr/sof-visit-8-02794-nsrr.xml
sof-visit-8-02831	/data/nsrr/datasets/sof/polysomnography/edfs/sof-visit-8-02831.edf	/data/nsrr/datasets/sof/polysomnography/annotations-events-nsrr/sof-visit-8-02831-nsrr.xml
sof-visit-8-02930	/data/nsrr/datasets/sof/polysomnography/edfs/sof-visit-8-02930.edf	/data/nsrr/datasets/sof/polysomnography/annotations-events-nsrr/sof-visit-8-02930-nsrr.xml
sof-visit-8-02932	/data/nsrr/datasets/sof/polysomnography/edfs/sof-visit-8-02932.edf	/data/nsrr/datasets/sof/polysomnography/annotations-events-nsrr/sof-visit-8-02932-nsrr.xml
sof-visit-8-02950	/data/nsrr/datasets/sof/polysomnography/edfs/sof-visit-8-02950.edf	/data/nsrr/datasets/sof/polysomnography/annotations-events-nsrr/sof-visit-8-02950-nsrr.xml
sof-visit-8-02995	/data/nsrr/datasets/sof/polysomnography/edfs/sof-visit-8-02995.edf	/data/nsrr/datasets/sof/polysomnography/annotations-events-nsrr/sof-visit-8-02995-nsrr.xml
sof-visit-8-02998	/data/nsrr/datasets/sof/polysomnography/edfs/sof-visit-8-02998.edf	/data/nsrr/datasets/sof/polysomnography/annotations-events-nsrr/sof-visit-8-02998-nsrr.xml
sof-visit-8-03041	/data/nsrr/datasets/sof/polysomnography/edfs/sof-visit-8-03041.edf	/data/nsrr/datasets/sof/polysomnography/annotations-events-nsrr/sof-visit-8-03041-nsrr.xml
sof-visit-8-03044	/data/nsrr/datasets/sof/polysomnography/edfs/sof-visit-8-03044.edf	/data/nsrr/datasets/sof/polysomnography/annotations-events-nsrr/sof-visit-8-03044-nsrr.xml
sof-visit-8-03048	/data/nsrr/datasets/sof/polysomnography/edfs/sof-visit-8-03048.edf	/data/nsrr/datasets/sof/polysomnography/annotations-events-nsrr/sof-visit-8-03048-nsrr.xml
sof-visit-8-03094	/data/nsrr/datasets/sof/polysomnography/edfs/sof-visit-8-03094.edf	/data/nsrr/datasets/sof/polysomnography/annotations-events-nsrr/sof-visit-8-03094-nsrr.xml
sof-visit-8-03103	/data/nsrr/datasets/sof/polysomnography/edfs/sof-visit-8-03103.edf	/data/nsrr/datasets/sof/polysomnography/annotations-events-nsrr/sof-visit-8-03103-nsrr.xml
sof-visit-8-03132	/data/nsrr/datasets/sof/polysomnography/edfs/sof-visit-8-03132.edf	/data/nsrr/datasets/sof/polysomnography/annotations-events-nsrr/sof-visit-8-03132-nsrr.xml
sof-visit-8-03147	/data/nsrr/datasets/sof/polysomnography/edfs/sof-visit-8-03147.edf	/data/nsrr/datasets/sof/polysomnography/annotations-events-nsrr/sof-visit-8-03147-nsrr.xml
sof-visit-8-03183	/data/nsrr/datasets/sof/polysomnography/edfs/sof-visit-8-03183.edf	/data/nsrr/datasets/sof/polysomnography/annotations-events-nsrr/sof-visit-8-03183-nsrr.xml
sof-visit-8-03208	/data/nsrr/datasets/sof/polysomnography/edfs/sof-visit-8-03208.edf	/data/nsrr/datasets/sof/polysomnography/annotations-events-nsrr/sof-visit-8-03208-nsrr.xml
sof-visit-8-03212	/data/nsrr/datasets/sof/polysomnography/edfs/sof-visit-8-03212.edf	/data/nsrr/datasets/sof/polysomnography/annotations-events-nsrr/sof-visit-8-03212-nsrr.xml
sof-visit-8-03236	/data/nsrr/datasets/sof/polysomnography/edfs/sof-visit-8-03236.edf	/data/nsrr/datasets/sof/polysomnography/annotations-events-nsrr/sof-visit-8-03236-nsrr.xml
sof-visit-8-03260	/data/nsrr/datasets/sof/polysomnography/edfs/sof-visit-8-03260.edf	/data/nsrr/datasets/sof/polysomnography/annotations-events-nsrr/sof-visit-8-03260-nsrr.xml
sof-visit-8-03279	/data/nsrr/datasets/sof/polysomnography/edfs/sof-visit-8-03279.edf	/data/nsrr/datasets/sof/polysomnography/annotations-events-nsrr/sof-visit-8-03279-nsrr.xml
sof-visit-8-03310	/data/nsrr/datasets/sof/polysomnography/edfs/sof-visit-8-03310.edf	/data/nsrr/datasets/sof/polysomnography/annotations-events-nsrr/sof-visit-8-03310-nsrr.xml
sof-visit-8-03312	/data/nsrr/datasets/sof/polysomnography/edfs/sof-visit-8-03312.edf	/data/nsrr/datasets/sof/polysomnography/annotations-events-nsrr/sof-visit-8-03312-nsrr.xml
sof-visit-8-03325	/data/nsrr/datasets/sof/polysomnography/edfs/sof-visit-8-03325.edf	/data/nsrr/datasets/sof/polysomnography/annotations-events-nsrr/sof-visit-8-03325-nsrr.xml
sof-visit-8-03333	/data/nsrr/datasets/sof/polysomnography/edfs/sof-visit-8-03333.edf	/data/nsrr/datasets/sof/polysomnography/annotations-events-nsrr/sof-visit-8-03333-nsrr.xml
sof-visit-8-03334	/data/nsrr/datasets/sof/polysomnography/edfs/sof-visit-8-03334.edf	/data/nsrr/datasets/sof/polysomnography/annotations-events-nsrr/sof-visit-8-03334-nsrr.xml
sof-visit-8-03439	/data/nsrr/datasets/sof/polysomnography/edfs/sof-visit-8-03439.edf	/data/nsrr/datasets/sof/polysomnography/annotations-events-nsrr/sof-visit-8-03439-nsrr.xml
sof-visit-8-03445	/data/nsrr/datasets/sof/polysomnography/edfs/sof-visit-8-03445.edf	/data/nsrr/datasets/sof/polysomnography/annotations-events-nsrr/sof-visit-8-03445-nsrr.xml
sof-visit-8-03453	/data/nsrr/datasets/sof/polysomnography/edfs/sof-visit-8-03453.edf	/data/nsrr/datasets/sof/polysomnography/annotations-events-nsrr/sof-visit-8-03453-nsrr.xml
sof-visit-8-03474	/data/nsrr/datasets/sof/polysomnography/edfs/sof-visit-8-03474.edf	/data/nsrr/datasets/sof/polysomnography/annotations-events-nsrr/sof-visit-8-03474-nsrr.xml
sof-visit-8-03516	/data/nsrr/datasets/sof/polysomnography/edfs/sof-visit-8-03516.edf	/data/nsrr/datasets/sof/polysomnography/annotations-events-nsrr/sof-visit-8-03516-nsrr.xml
sof-visit-8-03589	/data/nsrr/datasets/sof/polysomnography/edfs/sof-visit-8-03589.edf	/data/nsrr/datasets/sof/polysomnography/annotations-events-nsrr/sof-visit-8-03589-nsrr.xml
sof-visit-8-03613	/data/nsrr/datasets/sof/polysomnography/edfs/sof-visit-8-03613.edf	/data/nsrr/datasets/sof/polysomnography/annotations-events-nsrr/sof-visit-8-03613-nsrr.xml
sof-visit-8-03640	/data/nsrr/datasets/sof/polysomnography/edfs/sof-visit-8-03640.edf	/data/nsrr/datasets/sof/polysomnography/annotations-events-nsrr/sof-visit-8-03640-nsrr.xml
sof-visit-8-03649	/data/nsrr/datasets/sof/polysomnography/edfs/sof-visit-8-03649.edf	/data/nsrr/datasets/sof/polysomnography/annotations-events-nsrr/sof-visit-8-03649-nsrr.xml
sof-visit-8-03660	/data/nsrr/datasets/sof/polysomnography/edfs/sof-visit-8-03660.edf	/data/nsrr/datasets/sof/polysomnography/annotations-events-nsrr/sof-visit-8-03660-nsrr.xml
sof-visit-8-03692	/data/nsrr/datasets/sof/polysomnography/edfs/sof-visit-8-03692.edf	/data/nsrr/datasets/sof/polysomnography/annotations-events-nsrr/sof-visit-8-03692-nsrr.xml
sof-visit-8-03708	/data/nsrr/datasets/sof/polysomnography/edfs/sof-visit-8-03708.edf	/data/nsrr/datasets/sof/polysomnography/annotations-events-nsrr/sof-visit-8-03708-nsrr.xml
sof-visit-8-03720	/data/nsrr/datasets/sof/polysomnography/edfs/sof-visit-8-03720.edf	/data/nsrr/datasets/sof/polysomnography/annotations-events-nsrr/sof-visit-8-03720-nsrr.xml
sof-visit-8-03725	/data/nsrr/datasets/sof/polysomnography/edfs/sof-visit-8-03725.edf	/data/nsrr/datasets/sof/polysomnography/annotations-events-nsrr/sof-visit-8-03725-nsrr.xml
sof-visit-8-03774	/data/nsrr/datasets/sof/polysomnography/edfs/sof-visit-8-03774.edf	/data/nsrr/datasets/sof/polysomnography/annotations-events-nsrr/sof-visit-8-03774-nsrr.xml
sof-visit-8-03788	/data/nsrr/datasets/sof/polysomnography/edfs/sof-visit-8-03788.edf	/data/nsrr/datasets/sof/polysomnography/annotations-events-nsrr/sof-visit-8-03788-nsrr.xml
sof-visit-8-03794	/data/nsrr/datasets/sof/polysomnography/edfs/sof-visit-8-03794.edf	/data/nsrr/datasets/sof/polysomnography/annotations-events-nsrr/sof-visit-8-03794-nsrr.xml
sof-visit-8-03798	/data/nsrr/datasets/sof/polysomnography/edfs/sof-visit-8-03798.edf	/data/nsrr/datasets/sof/polysomnography/annotations-events-nsrr/sof-visit-8-03798-nsrr.xml
sof-visit-8-03820	/data/nsrr/datasets/sof/polysomnography/edfs/sof-visit-8-03820.edf	/data/nsrr/datasets/sof/polysomnography/annotations-events-nsrr/sof-visit-8-03820-nsrr.xml
sof-visit-8-03837	/data/nsrr/datasets/sof/polysomnography/edfs/sof-visit-8-03837.edf	/data/nsrr/datasets/sof/polysomnography/annotations-events-nsrr/sof-visit-8-03837-nsrr.xml
sof-visit-8-03840	/data/nsrr/datasets/sof/polysomnography/edfs/sof-visit-8-03840.edf	/data/nsrr/datasets/sof/polysomnography/annotations-events-nsrr/sof-visit-8-03840-nsrr.xml
sof-visit-8-03958	/data/nsrr/datasets/sof/polysomnography/edfs/sof-visit-8-03958.edf	/data/nsrr/datasets/sof/polysomnography/annotations-events-nsrr/sof-visit-8-03958-nsrr.xml
sof-visit-8-03975	/data/nsrr/datasets/sof/polysomnography/edfs/sof-visit-8-03975.edf	/data/nsrr/datasets/sof/polysomnography/annotations-events-nsrr/sof-visit-8-03975-nsrr.xml
sof-visit-8-04040	/data/nsrr/datasets/sof/polysomnography/edfs/sof-visit-8-04040.edf	/data/nsrr/datasets/sof/polysomnography/annotations-events-nsrr/sof-visit-8-04040-nsrr.xml
sof-visit-8-04065	/data/nsrr/datasets/sof/polysomnography/edfs/sof-visit-8-04065.edf	/data/nsrr/datasets/sof/polysomnography/annotations-events-nsrr/sof-visit-8-04065-nsrr.xml
sof-visit-8-04083	/data/nsrr/datasets/sof/polysomnography/edfs/sof-visit-8-04083.edf	/data/nsrr/datasets/sof/polysomnography/annotations-events-nsrr/sof-visit-8-04083-nsrr.xml
sof-visit-8-04100	/data/nsrr/datasets/sof/polysomnography/edfs/sof-visit-8-04100.edf	/data/nsrr/datasets/sof/polysomnography/annotations-events-nsrr/sof-visit-8-04100-nsrr.xml
sof-visit-8-04104	/data/nsrr/datasets/sof/polysomnography/edfs/sof-visit-8-04104.edf	/data/nsrr/datasets/sof/polysomnography/annotations-events-nsrr/sof-visit-8-04104-nsrr.xml
sof-visit-8-04107	/data/nsrr/datasets/sof/polysomnography/edfs/sof-visit-8-04107.edf	/data/nsrr/datasets/sof/polysomnography/annotations-events-nsrr/sof-visit-8-04107-nsrr.xml
sof-visit-8-04122	/data/nsrr/datasets/sof/polysomnography/edfs/sof-visit-8-04122.edf	/data/nsrr/datasets/sof/polysomnography/annotations-events-nsrr/sof-visit-8-04122-nsrr.xml
sof-visit-8-04124	/data/nsrr/datasets/sof/polysomnography/edfs/sof-visit-8-04124.edf	/data/nsrr/datasets/sof/polysomnography/annotations-events-nsrr/sof-visit-8-04124-nsrr.xml
sof-visit-8-04183	/data/nsrr/datasets/sof/polysomnography/edfs/sof-visit-8-04183.edf	/data/nsrr/datasets/sof/polysomnography/annotations-events-nsrr/sof-visit-8-04183-nsrr.xml
sof-visit-8-04205	/data/nsrr/datasets/sof/polysomnography/edfs/sof-visit-8-04205.edf	/data/nsrr/datasets/sof/polysomnography/annotations-events-nsrr/sof-visit-8-04205-nsrr.xml
sof-visit-8-04206	/data/nsrr/datasets/sof/polysomnography/edfs/sof-visit-8-04206.edf	/data/nsrr/datasets/sof/polysomnography/annotations-events-nsrr/sof-visit-8-04206-nsrr.xml
sof-visit-8-04212	/data/nsrr/datasets/sof/polysomnography/edfs/sof-visit-8-04212.edf	/data/nsrr/datasets/sof/polysomnography/annotations-events-nsrr/sof-visit-8-04212-nsrr.xml
sof-visit-8-04231	/data/nsrr/datasets/sof/polysomnography/edfs/sof-visit-8-04231.edf	/data/nsrr/datasets/sof/polysomnography/annotations-events-nsrr/sof-visit-8-04231-nsrr.xml
sof-visit-8-04299	/data/nsrr/datasets/sof/polysomnography/edfs/sof-visit-8-04299.edf	/data/nsrr/datasets/sof/polysomnography/annotations-events-nsrr/sof-visit-8-04299-nsrr.xml
sof-visit-8-04300	/data/nsrr/datasets/sof/polysomnography/edfs/sof-visit-8-04300.edf	/data/nsrr/datasets/sof/polysomnography/annotations-events-nsrr/sof-visit-8-04300-nsrr.xml
sof-visit-8-04310	/data/nsrr/datasets/sof/polysomnography/edfs/sof-visit-8-04310.edf	/data/nsrr/datasets/sof/polysomnography/annotations-events-nsrr/sof-visit-8-04310-nsrr.xml
sof-visit-8-04328	/data/nsrr/datasets/sof/polysomnography/edfs/sof-visit-8-04328.edf	/data/nsrr/datasets/sof/polysomnography/annotations-events-nsrr/sof-visit-8-04328-nsrr.xml
sof-visit-8-04330	/data/nsrr/datasets/sof/polysomnography/edfs/sof-visit-8-04330.edf	/data/nsrr/datasets/sof/polysomnography/annotations-events-nsrr/sof-visit-8-04330-nsrr.xml
sof-visit-8-04334	/data/nsrr/datasets/sof/polysomnography/edfs/sof-visit-8-04334.edf	/data/nsrr/datasets/sof/polysomnography/annotations-events-nsrr/sof-visit-8-04334-nsrr.xml
sof-visit-8-04344	/data/nsrr/datasets/sof/polysomnography/edfs/sof-visit-8-04344.edf	/data/nsrr/datasets/sof/polysomnography/annotations-events-nsrr/sof-visit-8-04344-nsrr.xml
sof-visit-8-04368	/data/nsrr/datasets/sof/polysomnography/edfs/sof-visit-8-04368.edf	/data/nsrr/datasets/sof/polysomnography/annotations-events-nsrr/sof-visit-8-04368-nsrr.xml
sof-visit-8-04379	/data/nsrr/datasets/sof/polysomnography/edfs/sof-visit-8-04379.edf	/data/nsrr/datasets/sof/polysomnography/annotations-events-nsrr/sof-visit-8-04379-nsrr.xml
sof-visit-8-04428	/data/nsrr/datasets/sof/polysomnography/edfs/sof-visit-8-04428.edf	/data/nsrr/datasets/sof/polysomnography/annotations-events-nsrr/sof-visit-8-04428-nsrr.xml
sof-visit-8-04442	/data/nsrr/datasets/sof/polysomnography/edfs/sof-visit-8-04442.edf	/data/nsrr/datasets/sof/polysomnography/annotations-events-nsrr/sof-visit-8-04442-nsrr.xml
sof-visit-8-04546	/data/nsrr/datasets/sof/polysomnography/edfs/sof-visit-8-04546.edf	/data/nsrr/datasets/sof/polysomnography/annotations-events-nsrr/sof-visit-8-04546-nsrr.xml
sof-visit-8-04553	/data/nsrr/datasets/sof/polysomnography/edfs/sof-visit-8-04553.edf	/data/nsrr/datasets/sof/polysomnography/annotations-events-nsrr/sof-visit-8-04553-nsrr.xml
sof-visit-8-04557	/data/nsrr/datasets/sof/polysomnography/edfs/sof-visit-8-04557.edf	/data/nsrr/datasets/sof/polysomnography/annotations-events-nsrr/sof-visit-8-04557-nsrr.xml
sof-visit-8-04609	/data/nsrr/datasets/sof/polysomnography/edfs/sof-visit-8-04609.edf	/data/nsrr/datasets/sof/polysomnography/annotations-events-nsrr/sof-visit-8-04609-nsrr.xml
sof-visit-8-04614	/data/nsrr/datasets/sof/polysomnography/edfs/sof-visit-8-04614.edf	/data/nsrr/datasets/sof/polysomnography/annotations-events-nsrr/sof-visit-8-04614-nsrr.xml
sof-visit-8-04744	/data/nsrr/datasets/sof/polysomnography/edfs/sof-visit-8-04744.edf	/data/nsrr/datasets/sof/polysomnography/annotations-events-nsrr/sof-visit-8-04744-nsrr.xml
sof-visit-8-04763	/data/nsrr/datasets/sof/polysomnography/edfs/sof-visit-8-04763.edf	/data/nsrr/datasets/sof/polysomnography/annotations-events-nsrr/sof-visit-8-04763-nsrr.xml
sof-visit-8-04772	/data/nsrr/datasets/sof/polysomnography/edfs/sof-visit-8-04772.edf	/data/nsrr/datasets/sof/polysomnography/annotations-events-nsrr/sof-visit-8-04772-nsrr.xml
sof-visit-8-04798	/data/nsrr/datasets/sof/polysomnography/edfs/sof-visit-8-04798.edf	/data/nsrr/datasets/sof/polysomnography/annotations-events-nsrr/sof-visit-8-04798-nsrr.xml
sof-visit-8-04823	/data/nsrr/datasets/sof/polysomnography/edfs/sof-visit-8-04823.edf	/data/nsrr/datasets/sof/polysomnography/annotations-events-nsrr/sof-visit-8-04823-nsrr.xml
sof-visit-8-04855	/data/nsrr/datasets/sof/polysomnography/edfs/sof-visit-8-04855.edf	/data/nsrr/datasets/sof/polysomnography/annotations-events-nsrr/sof-visit-8-04855-nsrr.xml
sof-visit-8-04891	/data/nsrr/datasets/sof/polysomnography/edfs/sof-visit-8-04891.edf	/data/nsrr/datasets/sof/polysomnography/annotations-events-nsrr/sof-visit-8-04891-nsrr.xml
sof-visit-8-04904	/data/nsrr/datasets/sof/polysomnography/edfs/sof-visit-8-04904.edf	/data/nsrr/datasets/sof/polysomnography/annotations-events-nsrr/sof-visit-8-04904-nsrr.xml
sof-visit-8-04905	/data/nsrr/datasets/sof/polysomnography/edfs/sof-visit-8-04905.edf	/data/nsrr/datasets/sof/polysomnography/annotations-events-nsrr/sof-visit-8-04905-nsrr.xml
sof-visit-8-04932	/data/nsrr/datasets/sof/polysomnography/edfs/sof-visit-8-04932.edf	/data/nsrr/datasets/sof/polysomnography/annotations-events-nsrr/sof-visit-8-04932-nsrr.xml
sof-visit-8-04944	/data/nsrr/datasets/sof/polysomnography/edfs/sof-visit-8-04944.edf	/data/nsrr/datasets/sof/polysomnography/annotations-events-nsrr/sof-visit-8-04944-nsrr.xml
sof-visit-8-04952	/data/nsrr/datasets/sof/polysomnography/edfs/sof-visit-8-04952.edf	/data/nsrr/datasets/sof/polysomnography/annotations-events-nsrr/sof-visit-8-04952-nsrr.xml
sof-visit-8-04959	/data/nsrr/datasets/sof/polysomnography/edfs/sof-visit-8-04959.edf	/data/nsrr/datasets/sof/polysomnography/annotations-events-nsrr/sof-visit-8-04959-nsrr.xml
sof-visit-8-04981	/data/nsrr/datasets/sof/polysomnography/edfs/sof-visit-8-04981.edf	/data/nsrr/datasets/sof/polysomnography/annotations-events-nsrr/sof-visit-8-04981-nsrr.xml
sof-visit-8-04986	/data/nsrr/datasets/sof/polysomnography/edfs/sof-visit-8-04986.edf	/data/nsrr/datasets/sof/polysomnography/annotations-events-nsrr/sof-visit-8-04986-nsrr.xml
sof-visit-8-05015	/data/nsrr/datasets/sof/polysomnography/edfs/sof-visit-8-05015.edf	/data/nsrr/datasets/sof/polysomnography/annotations-events-nsrr/sof-visit-8-05015-nsrr.xml
sof-visit-8-05027	/data/nsrr/datasets/sof/polysomnography/edfs/sof-visit-8-05027.edf	/data/nsrr/datasets/sof/polysomnography/annotations-events-nsrr/sof-visit-8-05027-nsrr.xml
sof-visit-8-05080	/data/nsrr/datasets/sof/polysomnography/edfs/sof-visit-8-05080.edf	/data/nsrr/datasets/sof/polysomnography/annotations-events-nsrr/sof-visit-8-05080-nsrr.xml
sof-visit-8-05087	/data/nsrr/datasets/sof/polysomnography/edfs/sof-visit-8-05087.edf	/data/nsrr/datasets/sof/polysomnography/annotations-events-nsrr/sof-visit-8-05087-nsrr.xml
sof-visit-8-05097	/data/nsrr/datasets/sof/polysomnography/edfs/sof-visit-8-05097.edf	/data/nsrr/datasets/sof/polysomnography/annotations-events-nsrr/sof-visit-8-05097-nsrr.xml
sof-visit-8-05101	/data/nsrr/datasets/sof/polysomnography/edfs/sof-visit-8-05101.edf	/data/nsrr/datasets/sof/polysomnography/annotations-events-nsrr/sof-visit-8-05101-nsrr.xml
sof-visit-8-05128	/data/nsrr/datasets/sof/polysomnography/edfs/sof-visit-8-05128.edf	/data/nsrr/datasets/sof/polysomnography/annotations-events-nsrr/sof-visit-8-05128-nsrr.xml
sof-visit-8-05193	/data/nsrr/datasets/sof/polysomnography/edfs/sof-visit-8-05193.edf	/data/nsrr/datasets/sof/polysomnography/annotations-events-nsrr/sof-visit-8-05193-nsrr.xml
sof-visit-8-05194	/data/nsrr/datasets/sof/polysomnography/edfs/sof-visit-8-05194.edf	/data/nsrr/datasets/sof/polysomnography/annotations-events-nsrr/sof-visit-8-05194-nsrr.xml
sof-visit-8-05219	/data/nsrr/datasets/sof/polysomnography/edfs/sof-visit-8-05219.edf	/data/nsrr/datasets/sof/polysomnography/annotations-events-nsrr/sof-visit-8-05219-nsrr.xml
sof-visit-8-05240	/data/nsrr/datasets/sof/polysomnography/edfs/sof-visit-8-05240.edf	/data/nsrr/datasets/sof/polysomnography/annotations-events-nsrr/sof-visit-8-05240-nsrr.xml
sof-visit-8-05253	/data/nsrr/datasets/sof/polysomnography/edfs/sof-visit-8-05253.edf	/data/nsrr/datasets/sof/polysomnography/annotations-events-nsrr/sof-visit-8-05253-nsrr.xml
sof-visit-8-05275	/data/nsrr/datasets/sof/polysomnography/edfs/sof-visit-8-05275.edf	/data/nsrr/datasets/sof/polysomnography/annotations-events-nsrr/sof-visit-8-05275-nsrr.xml
sof-visit-8-05307	/data/nsrr/datasets/sof/polysomnography/edfs/sof-visit-8-05307.edf	/data/nsrr/datasets/sof/polysomnography/annotations-events-nsrr/sof-visit-8-05307-nsrr.xml
sof-visit-8-05318	/data/nsrr/datasets/sof/polysomnography/edfs/sof-visit-8-05318.edf	/data/nsrr/datasets/sof/polysomnography/annotations-events-nsrr/sof-visit-8-05318-nsrr.xml
sof-visit-8-05330	/data/nsrr/datasets/sof/polysomnography/edfs/sof-visit-8-05330.edf	/data/nsrr/datasets/sof/polysomnography/annotations-events-nsrr/sof-visit-8-05330-nsrr.xml
sof-visit-8-05341	/data/nsrr/datasets/sof/polysomnography/edfs/sof-visit-8-05341.edf	/data/nsrr/datasets/sof/polysomnography/annotations-events-nsrr/sof-visit-8-05341-nsrr.xml
sof-visit-8-05356	/data/nsrr/datasets/sof/polysomnography/edfs/sof-visit-8-05356.edf	/data/nsrr/datasets/sof/polysomnography/annotations-events-nsrr/sof-visit-8-05356-nsrr.xml
sof-visit-8-05439	/data/nsrr/datasets/sof/polysomnography/edfs/sof-visit-8-05439.edf	/data/nsrr/datasets/sof/polysomnography/annotations-events-nsrr/sof-visit-8-05439-nsrr.xml
sof-visit-8-05449	/data/nsrr/datasets/sof/polysomnography/edfs/sof-visit-8-05449.edf	/data/nsrr/datasets/sof/polysomnography/annotations-events-nsrr/sof-visit-8-05449-nsrr.xml
sof-visit-8-05481	/data/nsrr/datasets/sof/polysomnography/edfs/sof-visit-8-05481.edf	/data/nsrr/datasets/sof/polysomnography/annotations-events-nsrr/sof-visit-8-05481-nsrr.xml
sof-visit-8-05506	/data/nsrr/datasets/sof/polysomnography/edfs/sof-visit-8-05506.edf	/data/nsrr/datasets/sof/polysomnography/annotations-events-nsrr/sof-visit-8-05506-nsrr.xml
sof-visit-8-05523	/data/nsrr/datasets/sof/polysomnography/edfs/sof-visit-8-05523.edf	/data/nsrr/datasets/sof/polysomnography/annotations-events-nsrr/sof-visit-8-05523-nsrr.xml
sof-visit-8-05575	/data/nsrr/datasets/sof/polysomnography/edfs/sof-visit-8-05575.edf	/data/nsrr/datasets/sof/polysomnography/annotations-events-nsrr/sof-visit-8-05575-nsrr.xml
sof-visit-8-05580	/data/nsrr/datasets/sof/polysomnography/edfs/sof-visit-8-05580.edf	/data/nsrr/datasets/sof/polysomnography/annotations-events-nsrr/sof-visit-8-05580-nsrr.xml
sof-visit-8-05621	/data/nsrr/datasets/sof/polysomnography/edfs/sof-visit-8-05621.edf	/data/nsrr/datasets/sof/polysomnography/annotations-events-nsrr/sof-visit-8-05621-nsrr.xml
sof-visit-8-05673	/data/nsrr/datasets/sof/polysomnography/edfs/sof-visit-8-05673.edf	/data/nsrr/datasets/sof/polysomnography/annotations-events-nsrr/sof-visit-8-05673-nsrr.xml
sof-visit-8-05674	/data/nsrr/datasets/sof/polysomnography/edfs/sof-visit-8-05674.edf	/data/nsrr/datasets/sof/polysomnography/annotations-events-nsrr/sof-visit-8-05674-nsrr.xml
sof-visit-8-05725	/data/nsrr/datasets/sof/polysomnography/edfs/sof-visit-8-05725.edf	/data/nsrr/datasets/sof/polysomnography/annotations-events-nsrr/sof-visit-8-05725-nsrr.xml
sof-visit-8-05741	/data/nsrr/datasets/sof/polysomnography/edfs/sof-visit-8-05741.edf	/data/nsrr/datasets/sof/polysomnography/annotations-events-nsrr/sof-visit-8-05741-nsrr.xml
sof-visit-8-05763	/data/nsrr/datasets/sof/polysomnography/edfs/sof-visit-8-05763.edf	/data/nsrr/datasets/sof/polysomnography/annotations-events-nsrr/sof-visit-8-05763-nsrr.xml
sof-visit-8-05776	/data/nsrr/datasets/sof/polysomnography/edfs/sof-visit-8-05776.edf	/data/nsrr/datasets/sof/polysomnography/annotations-events-nsrr/sof-visit-8-05776-nsrr.xml
sof-visit-8-05779	/data/nsrr/datasets/sof/polysomnography/edfs/sof-visit-8-05779.edf	/data/nsrr/datasets/sof/polysomnography/annotations-events-nsrr/sof-visit-8-05779-nsrr.xml
sof-visit-8-05782	/data/nsrr/datasets/sof/polysomnography/edfs/sof-visit-8-05782.edf	/data/nsrr/datasets/sof/polysomnography/annotations-events-nsrr/sof-visit-8-05782-nsrr.xml
sof-visit-8-05786	/data/nsrr/datasets/sof/polysomnography/edfs/sof-visit-8-05786.edf	/data/nsrr/datasets/sof/polysomnography/annotations-events-nsrr/sof-visit-8-05786-nsrr.xml
sof-visit-8-05799	/data/nsrr/datasets/sof/polysomnography/edfs/sof-visit-8-05799.edf	/data/nsrr/datasets/sof/polysomnography/annotations-events-nsrr/sof-visit-8-05799-nsrr.xml
sof-visit-8-05834	/data/nsrr/datasets/sof/polysomnography/edfs/sof-visit-8-05834.edf	/data/nsrr/datasets/sof/polysomnography/annotations-events-nsrr/sof-visit-8-05834-nsrr.xml
sof-visit-8-05841	/data/nsrr/datasets/sof/polysomnography/edfs/sof-visit-8-05841.edf	/data/nsrr/datasets/sof/polysomnography/annotations-events-nsrr/sof-visit-8-05841-nsrr.xml
sof-visit-8-05878	/data/nsrr/datasets/sof/polysomnography/edfs/sof-visit-8-05878.edf	/data/nsrr/datasets/sof/polysomnography/annotations-events-nsrr/sof-visit-8-05878-nsrr.xml
sof-visit-8-05890	/data/nsrr/datasets/sof/polysomnography/edfs/sof-visit-8-05890.edf	/data/nsrr/datasets/sof/polysomnography/annotations-events-nsrr/sof-visit-8-05890-nsrr.xml
sof-visit-8-05932	/data/nsrr/datasets/sof/polysomnography/edfs/sof-visit-8-05932.edf	/data/nsrr/datasets/sof/polysomnography/annotations-events-nsrr/sof-visit-8-05932-nsrr.xml
sof-visit-8-05983	/data/nsrr/datasets/sof/polysomnography/edfs/sof-visit-8-05983.edf	/data/nsrr/datasets/sof/polysomnography/annotations-events-nsrr/sof-visit-8-05983-nsrr.xml
sof-visit-8-06008	/data/nsrr/datasets/sof/polysomnography/edfs/sof-visit-8-06008.edf	/data/nsrr/datasets/sof/polysomnography/annotations-events-nsrr/sof-visit-8-06008-nsrr.xml
sof-visit-8-06013	/data/nsrr/datasets/sof/polysomnography/edfs/sof-visit-8-06013.edf	/data/nsrr/datasets/sof/polysomnography/annotations-events-nsrr/sof-visit-8-06013-nsrr.xml
sof-visit-8-06016	/data/nsrr/datasets/sof/polysomnography/edfs/sof-visit-8-06016.edf	/data/nsrr/datasets/sof/polysomnography/annotations-events-nsrr/sof-visit-8-06016-nsrr.xml
sof-visit-8-06034	/data/nsrr/datasets/sof/polysomnography/edfs/sof-visit-8-06034.edf	/data/nsrr/datasets/sof/polysomnography/annotations-events-nsrr/sof-visit-8-06034-nsrr.xml
sof-visit-8-06051	/data/nsrr/datasets/sof/polysomnography/edfs/sof-visit-8-06051.edf	/data/nsrr/datasets/sof/polysomnography/annotations-events-nsrr/sof-visit-8-06051-nsrr.xml
sof-visit-8-06061	/data/nsrr/datasets/sof/polysomnography/edfs/sof-visit-8-06061.edf	/data/nsrr/datasets/sof/polysomnography/annotations-events-nsrr/sof-visit-8-06061-nsrr.xml
sof-visit-8-06090	/data/nsrr/datasets/sof/polysomnography/edfs/sof-visit-8-06090.edf	/data/nsrr/datasets/sof/polysomnography/annotations-events-nsrr/sof-visit-8-06090-nsrr.xml
sof-visit-8-06099	/data/nsrr/datasets/sof/polysomnography/edfs/sof-visit-8-06099.edf	/data/nsrr/datasets/sof/polysomnography/annotations-events-nsrr/sof-visit-8-06099-nsrr.xml
sof-visit-8-06108	/data/nsrr/datasets/sof/polysomnography/edfs/sof-visit-8-06108.edf	/data/nsrr/datasets/sof/polysomnography/annotations-events-nsrr/sof-visit-8-06108-nsrr.xml
sof-visit-8-06130	/data/nsrr/datasets/sof/polysomnography/edfs/sof-visit-8-06130.edf	/data/nsrr/datasets/sof/polysomnography/annotations-events-nsrr/sof-visit-8-06130-nsrr.xml
sof-visit-8-06159	/data/nsrr/datasets/sof/polysomnography/edfs/sof-visit-8-06159.edf	/data/nsrr/datasets/sof/polysomnography/annotations-events-nsrr/sof-visit-8-06159-nsrr.xml
sof-visit-8-06172	/data/nsrr/datasets/sof/polysomnography/edfs/sof-visit-8-06172.edf	/data/nsrr/datasets/sof/polysomnography/annotations-events-nsrr/sof-visit-8-06172-nsrr.xml
sof-visit-8-06175	/data/nsrr/datasets/sof/polysomnography/edfs/sof-visit-8-06175.edf	/data/nsrr/datasets/sof/polysomnography/annotations-events-nsrr/sof-visit-8-06175-nsrr.xml
sof-visit-8-06216	/data/nsrr/datasets/sof/polysomnography/edfs/sof-visit-8-06216.edf	/data/nsrr/datasets/sof/polysomnography/annotations-events-nsrr/sof-visit-8-06216-nsrr.xml
sof-visit-8-06217	/data/nsrr/datasets/sof/polysomnography/edfs/sof-visit-8-06217.edf	/data/nsrr/datasets/sof/polysomnography/annotations-events-nsrr/sof-visit-8-06217-nsrr.xml
sof-visit-8-06283	/data/nsrr/datasets/sof/polysomnography/edfs/sof-visit-8-06283.edf	/data/nsrr/datasets/sof/polysomnography/annotations-events-nsrr/sof-visit-8-06283-nsrr.xml
sof-visit-8-06284	/data/nsrr/datasets/sof/polysomnography/edfs/sof-visit-8-06284.edf	/data/nsrr/datasets/sof/polysomnography/annotations-events-nsrr/sof-visit-8-06284-nsrr.xml
sof-visit-8-06285	/data/nsrr/datasets/sof/polysomnography/edfs/sof-visit-8-06285.edf	/data/nsrr/datasets/sof/polysomnography/annotations-events-nsrr/sof-visit-8-06285-nsrr.xml
sof-visit-8-06294	/data/nsrr/datasets/sof/polysomnography/edfs/sof-visit-8-06294.edf	/data/nsrr/datasets/sof/polysomnography/annotations-events-nsrr/sof-visit-8-06294-nsrr.xml
sof-visit-8-06315	/data/nsrr/datasets/sof/polysomnography/edfs/sof-visit-8-06315.edf	/data/nsrr/datasets/sof/polysomnography/annotations-events-nsrr/sof-visit-8-06315-nsrr.xml
sof-visit-8-06316	/data/nsrr/datasets/sof/polysomnography/edfs/sof-visit-8-06316.edf	/data/nsrr/datasets/sof/polysomnography/annotations-events-nsrr/sof-visit-8-06316-nsrr.xml
sof-visit-8-06319	/data/nsrr/datasets/sof/polysomnography/edfs/sof-visit-8-06319.edf	/data/nsrr/datasets/sof/polysomnography/annotations-events-nsrr/sof-visit-8-06319-nsrr.xml
sof-visit-8-06325	/data/nsrr/datasets/sof/polysomnography/edfs/sof-visit-8-06325.edf	/data/nsrr/datasets/sof/polysomnography/annotations-events-nsrr/sof-visit-8-06325-nsrr.xml
sof-visit-8-06353	/data/nsrr/datasets/sof/polysomnography/edfs/sof-visit-8-06353.edf	/data/nsrr/datasets/sof/polysomnography/annotations-events-nsrr/sof-visit-8-06353-nsrr.xml
sof-visit-8-06354	/data/nsrr/datasets/sof/polysomnography/edfs/sof-visit-8-06354.edf	/data/nsrr/datasets/sof/polysomnography/annotations-events-nsrr/sof-visit-8-06354-nsrr.xml
sof-visit-8-06448	/data/nsrr/datasets/sof/polysomnography/edfs/sof-visit-8-06448.edf	/data/nsrr/datasets/sof/polysomnography/annotations-events-nsrr/sof-visit-8-06448-nsrr.xml
sof-visit-8-06518	/data/nsrr/datasets/sof/polysomnography/edfs/sof-visit-8-06518.edf	/data/nsrr/datasets/sof/polysomnography/annotations-events-nsrr/sof-visit-8-06518-nsrr.xml
sof-visit-8-06542	/data/nsrr/datasets/sof/polysomnography/edfs/sof-visit-8-06542.edf	/data/nsrr/datasets/sof/polysomnography/annotations-events-nsrr/sof-visit-8-06542-nsrr.xml
sof-visit-8-06549	/data/nsrr/datasets/sof/polysomnography/edfs/sof-visit-8-06549.edf	/data/nsrr/datasets/sof/polysomnography/annotations-events-nsrr/sof-visit-8-06549-nsrr.xml
sof-visit-8-06561	/data/nsrr/datasets/sof/polysomnography/edfs/sof-visit-8-06561.edf	/data/nsrr/datasets/sof/polysomnography/annotations-events-nsrr/sof-visit-8-06561-nsrr.xml
sof-visit-8-06577	/data/nsrr/datasets/sof/polysomnography/edfs/sof-visit-8-06577.edf	/data/nsrr/datasets/sof/polysomnography/annotations-events-nsrr/sof-visit-8-06577-nsrr.xml
sof-visit-8-06589	/data/nsrr/datasets/sof/polysomnography/edfs/sof-visit-8-06589.edf	/data/nsrr/datasets/sof/polysomnography/annotations-events-nsrr/sof-visit-8-06589-nsrr.xml
sof-visit-8-06595	/data/nsrr/datasets/sof/polysomnography/edfs/sof-visit-8-06595.edf	/data/nsrr/datasets/sof/polysomnography/annotations-events-nsrr/sof-visit-8-06595-nsrr.xml
sof-visit-8-06602	/data/nsrr/datasets/sof/polysomnography/edfs/sof-visit-8-06602.edf	/data/nsrr/datasets/sof/polysomnography/annotations-events-nsrr/sof-visit-8-06602-nsrr.xml
sof-visit-8-06604	/data/nsrr/datasets/sof/polysomnography/edfs/sof-visit-8-06604.edf	/data/nsrr/datasets/sof/polysomnography/annotations-events-nsrr/sof-visit-8-06604-nsrr.xml
sof-visit-8-06613	/data/nsrr/datasets/sof/polysomnography/edfs/sof-visit-8-06613.edf	/data/nsrr/datasets/sof/polysomnography/annotations-events-nsrr/sof-visit-8-06613-nsrr.xml
sof-visit-8-06629	/data/nsrr/datasets/sof/polysomnography/edfs/sof-visit-8-06629.edf	/data/nsrr/datasets/sof/polysomnography/annotations-events-nsrr/sof-visit-8-06629-nsrr.xml
sof-visit-8-06670	/data/nsrr/datasets/sof/polysomnography/edfs/sof-visit-8-06670.edf	/data/nsrr/datasets/sof/polysomnography/annotations-events-nsrr/sof-visit-8-06670-nsrr.xml
sof-visit-8-06671	/data/nsrr/datasets/sof/polysomnography/edfs/sof-visit-8-06671.edf	/data/nsrr/datasets/sof/polysomnography/annotations-events-nsrr/sof-visit-8-06671-nsrr.xml
sof-visit-8-06682	/data/nsrr/datasets/sof/polysomnography/edfs/sof-visit-8-06682.edf	/data/nsrr/datasets/sof/polysomnography/annotations-events-nsrr/sof-visit-8-06682-nsrr.xml
sof-visit-8-06698	/data/nsrr/datasets/sof/polysomnography/edfs/sof-visit-8-06698.edf	/data/nsrr/datasets/sof/polysomnography/annotations-events-nsrr/sof-visit-8-06698-nsrr.xml
sof-visit-8-06703	/data/nsrr/datasets/sof/polysomnography/edfs/sof-visit-8-06703.edf	/data/nsrr/datasets/sof/polysomnography/annotations-events-nsrr/sof-visit-8-06703-nsrr.xml
sof-visit-8-06710	/data/nsrr/datasets/sof/polysomnography/edfs/sof-visit-8-06710.edf	/data/nsrr/datasets/sof/polysomnography/annotations-events-nsrr/sof-visit-8-06710-nsrr.xml
sof-visit-8-06740	/data/nsrr/datasets/sof/polysomnography/edfs/sof-visit-8-06740.edf	/data/nsrr/datasets/sof/polysomnography/annotations-events-nsrr/sof-visit-8-06740-nsrr.xml
sof-visit-8-06765	/data/nsrr/datasets/sof/polysomnography/edfs/sof-visit-8-06765.edf	/data/nsrr/datasets/sof/polysomnography/annotations-events-nsrr/sof-visit-8-06765-nsrr.xml
sof-visit-8-06816	/data/nsrr/datasets/sof/polysomnography/edfs/sof-visit-8-06816.edf	/data/nsrr/datasets/sof/polysomnography/annotations-events-nsrr/sof-visit-8-06816-nsrr.xml
sof-visit-8-06840	/data/nsrr/datasets/sof/polysomnography/edfs/sof-visit-8-06840.edf	/data/nsrr/datasets/sof/polysomnography/annotations-events-nsrr/sof-visit-8-06840-nsrr.xml
sof-visit-8-06881	/data/nsrr/datasets/sof/polysomnography/edfs/sof-visit-8-06881.edf	/data/nsrr/datasets/sof/polysomnography/annotations-events-nsrr/sof-visit-8-06881-nsrr.xml
sof-visit-8-06897	/data/nsrr/datasets/sof/polysomnography/edfs/sof-visit-8-06897.edf	/data/nsrr/datasets/sof/polysomnography/annotations-events-nsrr/sof-visit-8-06897-nsrr.xml
sof-visit-8-06940	/data/nsrr/datasets/sof/polysomnography/edfs/sof-visit-8-06940.edf	/data/nsrr/datasets/sof/polysomnography/annotations-events-nsrr/sof-visit-8-06940-nsrr.xml
sof-visit-8-07035	/data/nsrr/datasets/sof/polysomnography/edfs/sof-visit-8-07035.edf	/data/nsrr/datasets/sof/polysomnography/annotations-events-nsrr/sof-visit-8-07035-nsrr.xml
sof-visit-8-07043	/data/nsrr/datasets/sof/polysomnography/edfs/sof-visit-8-07043.edf	/data/nsrr/datasets/sof/polysomnography/annotations-events-nsrr/sof-visit-8-07043-nsrr.xml
sof-visit-8-07132	/data/nsrr/datasets/sof/polysomnography/edfs/sof-visit-8-07132.edf	/data/nsrr/datasets/sof/polysomnography/annotations-events-nsrr/sof-visit-8-07132-nsrr.xml
sof-visit-8-07213	/data/nsrr/datasets/sof/polysomnography/edfs/sof-visit-8-07213.edf	/data/nsrr/datasets/sof/polysomnography/annotations-events-nsrr/sof-visit-8-07213-nsrr.xml
sof-visit-8-07282	/data/nsrr/datasets/sof/polysomnography/edfs/sof-visit-8-07282.edf	/data/nsrr/datasets/sof/polysomnography/annotations-events-nsrr/sof-visit-8-07282-nsrr.xml
sof-visit-8-07288	/data/nsrr/datasets/sof/polysomnography/edfs/sof-visit-8-07288.edf	/data/nsrr/datasets/sof/polysomnography/annotations-events-nsrr/sof-visit-8-07288-nsrr.xml
sof-visit-8-07353	/data/nsrr/datasets/sof/polysomnography/edfs/sof-visit-8-07353.edf	/data/nsrr/datasets/sof/polysomnography/annotations-events-nsrr/sof-visit-8-07353-nsrr.xml
sof-visit-8-07354	/data/nsrr/datasets/sof/polysomnography/edfs/sof-visit-8-07354.edf	/data/nsrr/datasets/sof/polysomnography/annotations-events-nsrr/sof-visit-8-07354-nsrr.xml
sof-visit-8-07412	/data/nsrr/datasets/sof/polysomnography/edfs/sof-visit-8-07412.edf	/data/nsrr/datasets/sof/polysomnography/annotations-events-nsrr/sof-visit-8-07412-nsrr.xml
sof-visit-8-07427	/data/nsrr/datasets/sof/polysomnography/edfs/sof-visit-8-07427.edf	/data/nsrr/datasets/sof/polysomnography/annotations-events-nsrr/sof-visit-8-07427-nsrr.xml
sof-visit-8-07441	/data/nsrr/datasets/sof/polysomnography/edfs/sof-visit-8-07441.edf	/data/nsrr/datasets/sof/polysomnography/annotations-events-nsrr/sof-visit-8-07441-nsrr.xml
sof-visit-8-07444	/data/nsrr/datasets/sof/polysomnography/edfs/sof-visit-8-07444.edf	/data/nsrr/datasets/sof/polysomnography/annotations-events-nsrr/sof-visit-8-07444-nsrr.xml
sof-visit-8-07459	/data/nsrr/datasets/sof/polysomnography/edfs/sof-visit-8-07459.edf	/data/nsrr/datasets/sof/polysomnography/annotations-events-nsrr/sof-visit-8-07459-nsrr.xml
sof-visit-8-07463	/data/nsrr/datasets/sof/polysomnography/edfs/sof-visit-8-07463.edf	/data/nsrr/datasets/sof/polysomnography/annotations-events-nsrr/sof-visit-8-07463-nsrr.xml
sof-visit-8-07471	/data/nsrr/datasets/sof/polysomnography/edfs/sof-visit-8-07471.edf	/data/nsrr/datasets/sof/polysomnography/annotations-events-nsrr/sof-visit-8-07471-nsrr.xml
sof-visit-8-07499	/data/nsrr/datasets/sof/polysomnography/edfs/sof-visit-8-07499.edf	/data/nsrr/datasets/sof/polysomnography/annotations-events-nsrr/sof-visit-8-07499-nsrr.xml
sof-visit-8-07538	/data/nsrr/datasets/sof/polysomnography/edfs/sof-visit-8-07538.edf	/data/nsrr/datasets/sof/polysomnography/annotations-events-nsrr/sof-visit-8-07538-nsrr.xml
sof-visit-8-07576	/data/nsrr/datasets/sof/polysomnography/edfs/sof-visit-8-07576.edf	/data/nsrr/datasets/sof/polysomnography/annotations-events-nsrr/sof-visit-8-07576-nsrr.xml
sof-visit-8-07605	/data/nsrr/datasets/sof/polysomnography/edfs/sof-visit-8-07605.edf	/data/nsrr/datasets/sof/polysomnography/annotations-events-nsrr/sof-visit-8-07605-nsrr.xml
sof-visit-8-07623	/data/nsrr/datasets/sof/polysomnography/edfs/sof-visit-8-07623.edf	/data/nsrr/datasets/sof/polysomnography/annotations-events-nsrr/sof-visit-8-07623-nsrr.xml
sof-visit-8-07635	/data/nsrr/datasets/sof/polysomnography/edfs/sof-visit-8-07635.edf	/data/nsrr/datasets/sof/polysomnography/annotations-events-nsrr/sof-visit-8-07635-nsrr.xml
sof-visit-8-07701	/data/nsrr/datasets/sof/polysomnography/edfs/sof-visit-8-07701.edf	/data/nsrr/datasets/sof/polysomnography/annotations-events-nsrr/sof-visit-8-07701-nsrr.xml
sof-visit-8-07728	/data/nsrr/datasets/sof/polysomnography/edfs/sof-visit-8-07728.edf	/data/nsrr/datasets/sof/polysomnography/annotations-events-nsrr/sof-visit-8-07728-nsrr.xml
sof-visit-8-07735	/data/nsrr/datasets/sof/polysomnography/edfs/sof-visit-8-07735.edf	/data/nsrr/datasets/sof/polysomnography/annotations-events-nsrr/sof-visit-8-07735-nsrr.xml
sof-visit-8-07737	/data/nsrr/datasets/sof/polysomnography/edfs/sof-visit-8-07737.edf	/data/nsrr/datasets/sof/polysomnography/annotations-events-nsrr/sof-visit-8-07737-nsrr.xml
sof-visit-8-07741	/data/nsrr/datasets/sof/polysomnography/edfs/sof-visit-8-07741.edf	/data/nsrr/datasets/sof/polysomnography/annotations-events-nsrr/sof-visit-8-07741-nsrr.xml
sof-visit-8-07751	/data/nsrr/datasets/sof/polysomnography/edfs/sof-visit-8-07751.edf	/data/nsrr/datasets/sof/polysomnography/annotations-events-nsrr/sof-visit-8-07751-nsrr.xml
sof-visit-8-07757	/data/nsrr/datasets/sof/polysomnography/edfs/sof-visit-8-07757.edf	/data/nsrr/datasets/sof/polysomnography/annotations-events-nsrr/sof-visit-8-07757-nsrr.xml
sof-visit-8-07830	/data/nsrr/datasets/sof/polysomnography/edfs/sof-visit-8-07830.edf	/data/nsrr/datasets/sof/polysomnography/annotations-events-nsrr/sof-visit-8-07830-nsrr.xml
sof-visit-8-07836	/data/nsrr/datasets/sof/polysomnography/edfs/sof-visit-8-07836.edf	/data/nsrr/datasets/sof/polysomnography/annotations-events-nsrr/sof-visit-8-07836-nsrr.xml
sof-visit-8-07853	/data/nsrr/datasets/sof/polysomnography/edfs/sof-visit-8-07853.edf	/data/nsrr/datasets/sof/polysomnography/annotations-events-nsrr/sof-visit-8-07853-nsrr.xml
sof-visit-8-07856	/data/nsrr/datasets/sof/polysomnography/edfs/sof-visit-8-07856.edf	/data/nsrr/datasets/sof/polysomnography/annotations-events-nsrr/sof-visit-8-07856-nsrr.xml
sof-visit-8-07865	/data/nsrr/datasets/sof/polysomnography/edfs/sof-visit-8-07865.edf	/data/nsrr/datasets/sof/polysomnography/annotations-events-nsrr/sof-visit-8-07865-nsrr.xml
sof-visit-8-07877	/data/nsrr/datasets/sof/polysomnography/edfs/sof-visit-8-07877.edf	/data/nsrr/datasets/sof/polysomnography/annotations-events-nsrr/sof-visit-8-07877-nsrr.xml
sof-visit-8-07884	/data/nsrr/datasets/sof/polysomnography/edfs/sof-visit-8-07884.edf	/data/nsrr/datasets/sof/polysomnography/annotations-events-nsrr/sof-visit-8-07884-nsrr.xml
sof-visit-8-08026	/data/nsrr/datasets/sof/polysomnography/edfs/sof-visit-8-08026.edf	/data/nsrr/datasets/sof/polysomnography/annotations-events-nsrr/sof-visit-8-08026-nsrr.xml
sof-visit-8-08035	/data/nsrr/datasets/sof/polysomnography/edfs/sof-visit-8-08035.edf	/data/nsrr/datasets/sof/polysomnography/annotations-events-nsrr/sof-visit-8-08035-nsrr.xml
sof-visit-8-08050	/data/nsrr/datasets/sof/polysomnography/edfs/sof-visit-8-08050.edf	/data/nsrr/datasets/sof/polysomnography/annotations-events-nsrr/sof-visit-8-08050-nsrr.xml
sof-visit-8-08055	/data/nsrr/datasets/sof/polysomnography/edfs/sof-visit-8-08055.edf	/data/nsrr/datasets/sof/polysomnography/annotations-events-nsrr/sof-visit-8-08055-nsrr.xml
sof-visit-8-08095	/data/nsrr/datasets/sof/polysomnography/edfs/sof-visit-8-08095.edf	/data/nsrr/datasets/sof/polysomnography/annotations-events-nsrr/sof-visit-8-08095-nsrr.xml
sof-visit-8-08113	/data/nsrr/datasets/sof/polysomnography/edfs/sof-visit-8-08113.edf	/data/nsrr/datasets/sof/polysomnography/annotations-events-nsrr/sof-visit-8-08113-nsrr.xml
sof-visit-8-08124	/data/nsrr/datasets/sof/polysomnography/edfs/sof-visit-8-08124.edf	/data/nsrr/datasets/sof/polysomnography/annotations-events-nsrr/sof-visit-8-08124-nsrr.xml
sof-visit-8-08138	/data/nsrr/datasets/sof/polysomnography/edfs/sof-visit-8-08138.edf	/data/nsrr/datasets/sof/polysomnography/annotations-events-nsrr/sof-visit-8-08138-nsrr.xml
sof-visit-8-08140	/data/nsrr/datasets/sof/polysomnography/edfs/sof-visit-8-08140.edf	/data/nsrr/datasets/sof/polysomnography/annotations-events-nsrr/sof-visit-8-08140-nsrr.xml
sof-visit-8-08158	/data/nsrr/datasets/sof/polysomnography/edfs/sof-visit-8-08158.edf	/data/nsrr/datasets/sof/polysomnography/annotations-events-nsrr/sof-visit-8-08158-nsrr.xml
sof-visit-8-08237	/data/nsrr/datasets/sof/polysomnography/edfs/sof-visit-8-08237.edf	/data/nsrr/datasets/sof/polysomnography/annotations-events-nsrr/sof-visit-8-08237-nsrr.xml
sof-visit-8-08250	/data/nsrr/datasets/sof/polysomnography/edfs/sof-visit-8-08250.edf	/data/nsrr/datasets/sof/polysomnography/annotations-events-nsrr/sof-visit-8-08250-nsrr.xml
sof-visit-8-08261	/data/nsrr/datasets/sof/polysomnography/edfs/sof-visit-8-08261.edf	/data/nsrr/datasets/sof/polysomnography/annotations-events-nsrr/sof-visit-8-08261-nsrr.xml
sof-visit-8-08312	/data/nsrr/datasets/sof/polysomnography/edfs/sof-visit-8-08312.edf	/data/nsrr/datasets/sof/polysomnography/annotations-events-nsrr/sof-visit-8-08312-nsrr.xml
sof-visit-8-08313	/data/nsrr/datasets/sof/polysomnography/edfs/sof-visit-8-08313.edf	/data/nsrr/datasets/sof/polysomnography/annotations-events-nsrr/sof-visit-8-08313-nsrr.xml
sof-visit-8-08365	/data/nsrr/datasets/sof/polysomnography/edfs/sof-visit-8-08365.edf	/data/nsrr/datasets/sof/polysomnography/annotations-events-nsrr/sof-visit-8-08365-nsrr.xml
sof-visit-8-08409	/data/nsrr/datasets/sof/polysomnography/edfs/sof-visit-8-08409.edf	/data/nsrr/datasets/sof/polysomnography/annotations-events-nsrr/sof-visit-8-08409-nsrr.xml
sof-visit-8-08415	/data/nsrr/datasets/sof/polysomnography/edfs/sof-visit-8-08415.edf	/data/nsrr/datasets/sof/polysomnography/annotations-events-nsrr/sof-visit-8-08415-nsrr.xml
sof-visit-8-08435	/data/nsrr/datasets/sof/polysomnography/edfs/sof-visit-8-08435.edf	/data/nsrr/datasets/sof/polysomnography/annotations-events-nsrr/sof-visit-8-08435-nsrr.xml
sof-visit-8-08437	/data/nsrr/datasets/sof/polysomnography/edfs/sof-visit-8-08437.edf	/data/nsrr/datasets/sof/polysomnography/annotations-events-nsrr/sof-visit-8-08437-nsrr.xml
sof-visit-8-08455	/data/nsrr/datasets/sof/polysomnography/edfs/sof-visit-8-08455.edf	/data/nsrr/datasets/sof/polysomnography/annotations-events-nsrr/sof-visit-8-08455-nsrr.xml
sof-visit-8-08480	/data/nsrr/datasets/sof/polysomnography/edfs/sof-visit-8-08480.edf	/data/nsrr/datasets/sof/polysomnography/annotations-events-nsrr/sof-visit-8-08480-nsrr.xml
sof-visit-8-08484	/data/nsrr/datasets/sof/polysomnography/edfs/sof-visit-8-08484.edf	/data/nsrr/datasets/sof/polysomnography/annotations-events-nsrr/sof-visit-8-08484-nsrr.xml
sof-visit-8-08486	/data/nsrr/datasets/sof/polysomnography/edfs/sof-visit-8-08486.edf	/data/nsrr/datasets/sof/polysomnography/annotations-events-nsrr/sof-visit-8-08486-nsrr.xml
sof-visit-8-08515	/data/nsrr/datasets/sof/polysomnography/edfs/sof-visit-8-08515.edf	/data/nsrr/datasets/sof/polysomnography/annotations-events-nsrr/sof-visit-8-08515-nsrr.xml
sof-visit-8-08526	/data/nsrr/datasets/sof/polysomnography/edfs/sof-visit-8-08526.edf	/data/nsrr/datasets/sof/polysomnography/annotations-events-nsrr/sof-visit-8-08526-nsrr.xml
sof-visit-8-08569	/data/nsrr/datasets/sof/polysomnography/edfs/sof-visit-8-08569.edf	/data/nsrr/datasets/sof/polysomnography/annotations-events-nsrr/sof-visit-8-08569-nsrr.xml
sof-visit-8-08598	/data/nsrr/datasets/sof/polysomnography/edfs/sof-visit-8-08598.edf	/data/nsrr/datasets/sof/polysomnography/annotations-events-nsrr/sof-visit-8-08598-nsrr.xml
sof-visit-8-08600	/data/nsrr/datasets/sof/polysomnography/edfs/sof-visit-8-08600.edf	/data/nsrr/datasets/sof/polysomnography/annotations-events-nsrr/sof-visit-8-08600-nsrr.xml
sof-visit-8-08646	/data/nsrr/datasets/sof/polysomnography/edfs/sof-visit-8-08646.edf	/data/nsrr/datasets/sof/polysomnography/annotations-events-nsrr/sof-visit-8-08646-nsrr.xml
sof-visit-8-08664	/data/nsrr/datasets/sof/polysomnography/edfs/sof-visit-8-08664.edf	/data/nsrr/datasets/sof/polysomnography/annotations-events-nsrr/sof-visit-8-08664-nsrr.xml
sof-visit-8-08699	/data/nsrr/datasets/sof/polysomnography/edfs/sof-visit-8-08699.edf	/data/nsrr/datasets/sof/polysomnography/annotations-events-nsrr/sof-visit-8-08699-nsrr.xml
sof-visit-8-08728	/data/nsrr/datasets/sof/polysomnography/edfs/sof-visit-8-08728.edf	/data/nsrr/datasets/sof/polysomnography/annotations-events-nsrr/sof-visit-8-08728-nsrr.xml
sof-visit-8-08733	/data/nsrr/datasets/sof/polysomnography/edfs/sof-visit-8-08733.edf	/data/nsrr/datasets/sof/polysomnography/annotations-events-nsrr/sof-visit-8-08733-nsrr.xml
sof-visit-8-08743	/data/nsrr/datasets/sof/polysomnography/edfs/sof-visit-8-08743.edf	/data/nsrr/datasets/sof/polysomnography/annotations-events-nsrr/sof-visit-8-08743-nsrr.xml
sof-visit-8-08751	/data/nsrr/datasets/sof/polysomnography/edfs/sof-visit-8-08751.edf	/data/nsrr/datasets/sof/polysomnography/annotations-events-nsrr/sof-visit-8-08751-nsrr.xml
sof-visit-8-08753	/data/nsrr/datasets/sof/polysomnography/edfs/sof-visit-8-08753.edf	/data/nsrr/datasets/sof/polysomnography/annotations-events-nsrr/sof-visit-8-08753-nsrr.xml
sof-visit-8-08758	/data/nsrr/datasets/sof/polysomnography/edfs/sof-visit-8-08758.edf	/data/nsrr/datasets/sof/polysomnography/annotations-events-nsrr/sof-visit-8-08758-nsrr.xml
sof-visit-8-08759	/data/nsrr/datasets/sof/polysomnography/edfs/sof-visit-8-08759.edf	/data/nsrr/datasets/sof/polysomnography/annotations-events-nsrr/sof-visit-8-08759-nsrr.xml
sof-visit-8-08806	/data/nsrr/datasets/sof/polysomnography/edfs/sof-visit-8-08806.edf	/data/nsrr/datasets/sof/polysomnography/annotations-events-nsrr/sof-visit-8-08806-nsrr.xml
sof-visit-8-08810	/data/nsrr/datasets/sof/polysomnography/edfs/sof-visit-8-08810.edf	/data/nsrr/datasets/sof/polysomnography/annotations-events-nsrr/sof-visit-8-08810-nsrr.xml
sof-visit-8-08830	/data/nsrr/datasets/sof/polysomnography/edfs/sof-visit-8-08830.edf	/data/nsrr/datasets/sof/polysomnography/annotations-events-nsrr/sof-visit-8-08830-nsrr.xml
sof-visit-8-08846	/data/nsrr/datasets/sof/polysomnography/edfs/sof-visit-8-08846.edf	/data/nsrr/datasets/sof/polysomnography/annotations-events-nsrr/sof-visit-8-08846-nsrr.xml
sof-visit-8-08882	/data/nsrr/datasets/sof/polysomnography/edfs/sof-visit-8-08882.edf	/data/nsrr/datasets/sof/polysomnography/annotations-events-nsrr/sof-visit-8-08882-nsrr.xml
sof-visit-8-08897	/data/nsrr/datasets/sof/polysomnography/edfs/sof-visit-8-08897.edf	/data/nsrr/datasets/sof/polysomnography/annotations-events-nsrr/sof-visit-8-08897-nsrr.xml
sof-visit-8-08904	/data/nsrr/datasets/sof/polysomnography/edfs/sof-visit-8-08904.edf	/data/nsrr/datasets/sof/polysomnography/annotations-events-nsrr/sof-visit-8-08904-nsrr.xml
sof-visit-8-08912	/data/nsrr/datasets/sof/polysomnography/edfs/sof-visit-8-08912.edf	/data/nsrr/datasets/sof/polysomnography/annotations-events-nsrr/sof-visit-8-08912-nsrr.xml
sof-visit-8-08958	/data/nsrr/datasets/sof/polysomnography/edfs/sof-visit-8-08958.edf	/data/nsrr/datasets/sof/polysomnography/annotations-events-nsrr/sof-visit-8-08958-nsrr.xml
sof-visit-8-08974	/data/nsrr/datasets/sof/polysomnography/edfs/sof-visit-8-08974.edf	/data/nsrr/datasets/sof/polysomnography/annotations-events-nsrr/sof-visit-8-08974-nsrr.xml
sof-visit-8-09017	/data/nsrr/datasets/sof/polysomnography/edfs/sof-visit-8-09017.edf	/data/nsrr/datasets/sof/polysomnography/annotations-events-nsrr/sof-visit-8-09017-nsrr.xml
sof-visit-8-09018	/data/nsrr/datasets/sof/polysomnography/edfs/sof-visit-8-09018.edf	/data/nsrr/datasets/sof/polysomnography/annotations-events-nsrr/sof-visit-8-09018-nsrr.xml
sof-visit-8-09036	/data/nsrr/datasets/sof/polysomnography/edfs/sof-visit-8-09036.edf	/data/nsrr/datasets/sof/polysomnography/annotations-events-nsrr/sof-visit-8-09036-nsrr.xml
sof-visit-8-09079	/data/nsrr/datasets/sof/polysomnography/edfs/sof-visit-8-09079.edf	/data/nsrr/datasets/sof/polysomnography/annotations-events-nsrr/sof-visit-8-09079-nsrr.xml
sof-visit-8-09085	/data/nsrr/datasets/sof/polysomnography/edfs/sof-visit-8-09085.edf	/data/nsrr/datasets/sof/polysomnography/annotations-events-nsrr/sof-visit-8-09085-nsrr.xml
sof-visit-8-09095	/data/nsrr/datasets/sof/polysomnography/edfs/sof-visit-8-09095.edf	/data/nsrr/datasets/sof/polysomnography/annotations-events-nsrr/sof-visit-8-09095-nsrr.xml
sof-visit-8-09096	/data/nsrr/datasets/sof/polysomnography/edfs/sof-visit-8-09096.edf	/data/nsrr/datasets/sof/polysomnography/annotations-events-nsrr/sof-visit-8-09096-nsrr.xml
sof-visit-8-09115	/data/nsrr/datasets/sof/polysomnography/edfs/sof-visit-8-09115.edf	/data/nsrr/datasets/sof/polysomnography/annotations-events-nsrr/sof-visit-8-09115-nsrr.xml
sof-visit-8-09120	/data/nsrr/datasets/sof/polysomnography/edfs/sof-visit-8-09120.edf	/data/nsrr/datasets/sof/polysomnography/annotations-events-nsrr/sof-visit-8-09120-nsrr.xml
sof-visit-8-09129	/data/nsrr/datasets/sof/polysomnography/edfs/sof-visit-8-09129.edf	/data/nsrr/datasets/sof/polysomnography/annotations-events-nsrr/sof-visit-8-09129-nsrr.xml
sof-visit-8-09131	/data/nsrr/datasets/sof/polysomnography/edfs/sof-visit-8-09131.edf	/data/nsrr/datasets/sof/polysomnography/annotations-events-nsrr/sof-visit-8-09131-nsrr.xml
sof-visit-8-09143	/data/nsrr/datasets/sof/polysomnography/edfs/sof-visit-8-09143.edf	/data/nsrr/datasets/sof/polysomnography/annotations-events-nsrr/sof-visit-8-09143-nsrr.xml
sof-visit-8-09152	/data/nsrr/datasets/sof/polysomnography/edfs/sof-visit-8-09152.edf	/data/nsrr/datasets/sof/polysomnography/annotations-events-nsrr/sof-visit-8-09152-nsrr.xml
sof-visit-8-09201	/data/nsrr/datasets/sof/polysomnography/edfs/sof-visit-8-09201.edf	/data/nsrr/datasets/sof/polysomnography/annotations-events-nsrr/sof-visit-8-09201-nsrr.xml
sof-visit-8-09233	/data/nsrr/datasets/sof/polysomnography/edfs/sof-visit-8-09233.edf	/data/nsrr/datasets/sof/polysomnography/annotations-events-nsrr/sof-visit-8-09233-nsrr.xml
sof-visit-8-09291	/data/nsrr/datasets/sof/polysomnography/edfs/sof-visit-8-09291.edf	/data/nsrr/datasets/sof/polysomnography/annotations-events-nsrr/sof-visit-8-09291-nsrr.xml
sof-visit-8-09360	/data/nsrr/datasets/sof/polysomnography/edfs/sof-visit-8-09360.edf	/data/nsrr/datasets/sof/polysomnography/annotations-events-nsrr/sof-visit-8-09360-nsrr.xml
sof-visit-8-09430	/data/nsrr/datasets/sof/polysomnography/edfs/sof-visit-8-09430.edf	/data/nsrr/datasets/sof/polysomnography/annotations-events-nsrr/sof-visit-8-09430-nsrr.xml
sof-visit-8-09451	/data/nsrr/datasets/sof/polysomnography/edfs/sof-visit-8-09451.edf	/data/nsrr/datasets/sof/polysomnography/annotations-events-nsrr/sof-visit-8-09451-nsrr.xml
sof-visit-8-09496	/data/nsrr/datasets/sof/polysomnography/edfs/sof-visit-8-09496.edf	/data/nsrr/datasets/sof/polysomnography/annotations-events-nsrr/sof-visit-8-09496-nsrr.xml
sof-visit-8-09534	/data/nsrr/datasets/sof/polysomnography/edfs/sof-visit-8-09534.edf	/data/nsrr/datasets/sof/polysomnography/annotations-events-nsrr/sof-visit-8-09534-nsrr.xml
sof-visit-8-09539	/data/nsrr/datasets/sof/polysomnography/edfs/sof-visit-8-09539.edf	/data/nsrr/datasets/sof/polysomnography/annotations-events-nsrr/sof-visit-8-09539-nsrr.xml
sof-visit-8-09555	/data/nsrr/datasets/sof/polysomnography/edfs/sof-visit-8-09555.edf	/data/nsrr/datasets/sof/polysomnography/annotations-events-nsrr/sof-visit-8-09555-nsrr.xml
sof-visit-8-09592	/data/nsrr/datasets/sof/polysomnography/edfs/sof-visit-8-09592.edf	/data/nsrr/datasets/sof/polysomnography/annotations-events-nsrr/sof-visit-8-09592-nsrr.xml
sof-visit-8-09608	/data/nsrr/datasets/sof/polysomnography/edfs/sof-visit-8-09608.edf	/data/nsrr/datasets/sof/polysomnography/annotations-events-nsrr/sof-visit-8-09608-nsrr.xml
sof-visit-8-09613	/data/nsrr/datasets/sof/polysomnography/edfs/sof-visit-8-09613.edf	/data/nsrr/datasets/sof/polysomnography/annotations-events-nsrr/sof-visit-8-09613-nsrr.xml
sof-visit-8-09614	/data/nsrr/datasets/sof/polysomnography/edfs/sof-visit-8-09614.edf	/data/nsrr/datasets/sof/polysomnography/annotations-events-nsrr/sof-visit-8-09614-nsrr.xml
sof-visit-8-09616	/data/nsrr/datasets/sof/polysomnography/edfs/sof-visit-8-09616.edf	/data/nsrr/datasets/sof/polysomnography/annotations-events-nsrr/sof-visit-8-09616-nsrr.xml
sof-visit-8-09627	/data/nsrr/datasets/sof/polysomnography/edfs/sof-visit-8-09627.edf	/data/nsrr/datasets/sof/polysomnography/annotations-events-nsrr/sof-visit-8-09627-nsrr.xml
sof-visit-8-09631	/data/nsrr/datasets/sof/polysomnography/edfs/sof-visit-8-09631.edf	/data/nsrr/datasets/sof/polysomnography/annotations-events-nsrr/sof-visit-8-09631-nsrr.xml
sof-visit-8-09665	/data/nsrr/datasets/sof/polysomnography/edfs/sof-visit-8-09665.edf	/data/nsrr/datasets/sof/polysomnography/annotations-events-nsrr/sof-visit-8-09665-nsrr.xml
sof-visit-8-09666	/data/nsrr/datasets/sof/polysomnography/edfs/sof-visit-8-09666.edf	/data/nsrr/datasets/sof/polysomnography/annotations-events-nsrr/sof-visit-8-09666-nsrr.xml
sof-visit-8-10010	/data/nsrr/datasets/sof/polysomnography/edfs/sof-visit-8-10010.edf	/data/nsrr/datasets/sof/polysomnography/annotations-events-nsrr/sof-visit-8-10010-nsrr.xml
sof-visit-8-10025	/data/nsrr/datasets/sof/polysomnography/edfs/sof-visit-8-10025.edf	/data/nsrr/datasets/sof/polysomnography/annotations-events-nsrr/sof-visit-8-10025-nsrr.xml
sof-visit-8-10027	/data/nsrr/datasets/sof/polysomnography/edfs/sof-visit-8-10027.edf	/data/nsrr/datasets/sof/polysomnography/annotations-events-nsrr/sof-visit-8-10027-nsrr.xml
sof-visit-8-10029	/data/nsrr/datasets/sof/polysomnography/edfs/sof-visit-8-10029.edf	/data/nsrr/datasets/sof/polysomnography/annotations-events-nsrr/sof-visit-8-10029-nsrr.xml
sof-visit-8-10060	/data/nsrr/datasets/sof/polysomnography/edfs/sof-visit-8-10060.edf	/data/nsrr/datasets/sof/polysomnography/annotations-events-nsrr/sof-visit-8-10060-nsrr.xml
sof-visit-8-10112	/data/nsrr/datasets/sof/polysomnography/edfs/sof-visit-8-10112.edf	/data/nsrr/datasets/sof/polysomnography/annotations-events-nsrr/sof-visit-8-10112-nsrr.xml
sof-visit-8-10139	/data/nsrr/datasets/sof/polysomnography/edfs/sof-visit-8-10139.edf	/data/nsrr/datasets/sof/polysomnography/annotations-events-nsrr/sof-visit-8-10139-nsrr.xml
sof-visit-8-10144	/data/nsrr/datasets/sof/polysomnography/edfs/sof-visit-8-10144.edf	/data/nsrr/datasets/sof/polysomnography/annotations-events-nsrr/sof-visit-8-10144-nsrr.xml
sof-visit-8-10153	/data/nsrr/datasets/sof/polysomnography/edfs/sof-visit-8-10153.edf	/data/nsrr/datasets/sof/polysomnography/annotations-events-nsrr/sof-visit-8-10153-nsrr.xml
sof-visit-8-10190	/data/nsrr/datasets/sof/polysomnography/edfs/sof-visit-8-10190.edf	/data/nsrr/datasets/sof/polysomnography/annotations-events-nsrr/sof-visit-8-10190-nsrr.xml
sof-visit-8-10210	/data/nsrr/datasets/sof/polysomnography/edfs/sof-visit-8-10210.edf	/data/nsrr/datasets/sof/polysomnography/annotations-events-nsrr/sof-visit-8-10210-nsrr.xml
sof-visit-8-10228	/data/nsrr/datasets/sof/polysomnography/edfs/sof-visit-8-10228.edf	/data/nsrr/datasets/sof/polysomnography/annotations-events-nsrr/sof-visit-8-10228-nsrr.xml
sof-visit-8-10234	/data/nsrr/datasets/sof/polysomnography/edfs/sof-visit-8-10234.edf	/data/nsrr/datasets/sof/polysomnography/annotations-events-nsrr/sof-visit-8-10234-nsrr.xml
sof-visit-8-10246	/data/nsrr/datasets/sof/polysomnography/edfs/sof-visit-8-10246.edf	/data/nsrr/datasets/sof/polysomnography/annotations-events-nsrr/sof-visit-8-10246-nsrr.xml
sof-visit-8-10250	/data/nsrr/datasets/sof/polysomnography/edfs/sof-visit-8-10250.edf	/data/nsrr/datasets/sof/polysomnography/annotations-events-nsrr/sof-visit-8-10250-nsrr.xml
sof-visit-8-10271	/data/nsrr/datasets/sof/polysomnography/edfs/sof-visit-8-10271.edf	/data/nsrr/datasets/sof/polysomnography/annotations-events-nsrr/sof-visit-8-10271-nsrr.xml
sof-visit-8-10287	/data/nsrr/datasets/sof/polysomnography/edfs/sof-visit-8-10287.edf	/data/nsrr/datasets/sof/polysomnography/annotations-events-nsrr/sof-visit-8-10287-nsrr.xml
sof-visit-8-10305	/data/nsrr/datasets/sof/polysomnography/edfs/sof-visit-8-10305.edf	/data/nsrr/datasets/sof/polysomnography/annotations-events-nsrr/sof-visit-8-10305-nsrr.xml
sof-visit-8-10309	/data/nsrr/datasets/sof/polysomnography/edfs/sof-visit-8-10309.edf	/data/nsrr/datasets/sof/polysomnography/annotations-events-nsrr/sof-visit-8-10309-nsrr.xml
sof-visit-8-10315	/data/nsrr/datasets/sof/polysomnography/edfs/sof-visit-8-10315.edf	/data/nsrr/datasets/sof/polysomnography/annotations-events-nsrr/sof-visit-8-10315-nsrr.xml
sof-visit-8-10319	/data/nsrr/datasets/sof/polysomnography/edfs/sof-visit-8-10319.edf	/data/nsrr/datasets/sof/polysomnography/annotations-events-nsrr/sof-visit-8-10319-nsrr.xml
sof-visit-8-10332	/data/nsrr/datasets/sof/polysomnography/edfs/sof-visit-8-10332.edf	/data/nsrr/datasets/sof/polysomnography/annotations-events-nsrr/sof-visit-8-10332-nsrr.xml
sof-visit-8-10354	/data/nsrr/datasets/sof/polysomnography/edfs/sof-visit-8-10354.edf	/data/nsrr/datasets/sof/polysomnography/annotations-events-nsrr/sof-visit-8-10354-nsrr.xml
sof-visit-8-10418	/data/nsrr/datasets/sof/polysomnography/edfs/sof-visit-8-10418.edf	/data/nsrr/datasets/sof/polysomnography/annotations-events-nsrr/sof-visit-8-10418-nsrr.xml
sof-visit-8-10424	/data/nsrr/datasets/sof/polysomnography/edfs/sof-visit-8-10424.edf	/data/nsrr/datasets/sof/polysomnography/annotations-events-nsrr/sof-visit-8-10424-nsrr.xml
sof-visit-8-10436	/data/nsrr/datasets/sof/polysomnography/edfs/sof-visit-8-10436.edf	/data/nsrr/datasets/sof/polysomnography/annotations-events-nsrr/sof-visit-8-10436-nsrr.xml
sof-visit-8-10467	/data/nsrr/datasets/sof/polysomnography/edfs/sof-visit-8-10467.edf	/data/nsrr/datasets/sof/polysomnography/annotations-events-nsrr/sof-visit-8-10467-nsrr.xml
sof-visit-8-10480	/data/nsrr/datasets/sof/polysomnography/edfs/sof-visit-8-10480.edf	/data/nsrr/datasets/sof/polysomnography/annotations-events-nsrr/sof-visit-8-10480-nsrr.xml
sof-visit-8-10491	/data/nsrr/datasets/sof/polysomnography/edfs/sof-visit-8-10491.edf	/data/nsrr/datasets/sof/polysomnography/annotations-events-nsrr/sof-visit-8-10491-nsrr.xml
sof-visit-8-10514	/data/nsrr/datasets/sof/polysomnography/edfs/sof-visit-8-10514.edf	/data/nsrr/datasets/sof/polysomnography/annotations-events-nsrr/sof-visit-8-10514-nsrr.xml
sof-visit-8-10525	/data/nsrr/datasets/sof/polysomnography/edfs/sof-visit-8-10525.edf	/data/nsrr/datasets/sof/polysomnography/annotations-events-nsrr/sof-visit-8-10525-nsrr.xml
sof-visit-8-10572	/data/nsrr/datasets/sof/polysomnography/edfs/sof-visit-8-10572.edf	/data/nsrr/datasets/sof/polysomnography/annotations-events-nsrr/sof-visit-8-10572-nsrr.xml
sof-visit-8-10610	/data/nsrr/datasets/sof/polysomnography/edfs/sof-visit-8-10610.edf	/data/nsrr/datasets/sof/polysomnography/annotations-events-nsrr/sof-visit-8-10610-nsrr.xml
sof-visit-8-10615	/data/nsrr/datasets/sof/polysomnography/edfs/sof-visit-8-10615.edf	/data/nsrr/datasets/sof/polysomnography/annotations-events-nsrr/sof-visit-8-10615-nsrr.xml
sof-visit-8-10639	/data/nsrr/datasets/sof/polysomnography/edfs/sof-visit-8-10639.edf	/data/nsrr/datasets/sof/polysomnography/annotations-events-nsrr/sof-visit-8-10639-nsrr.xml
sof-visit-8-10642	/data/nsrr/datasets/sof/polysomnography/edfs/sof-visit-8-10642.edf	/data/nsrr/datasets/sof/polysomnography/annotations-events-nsrr/sof-visit-8-10642-nsrr.xml
sof-visit-8-10647	/data/nsrr/datasets/sof/polysomnography/edfs/sof-visit-8-10647.edf	/data/nsrr/datasets/sof/polysomnography/annotations-events-nsrr/sof-visit-8-10647-nsrr.xml
sof-visit-8-10654	/data/nsrr/datasets/sof/polysomnography/edfs/sof-visit-8-10654.edf	/data/nsrr/datasets/sof/polysomnography/annotations-events-nsrr/sof-visit-8-10654-nsrr.xml
