ccshs-trec-1800001	/data/nsrr/datasets/ccshs/polysomnography/edfs/ccshs-trec-1800001.edf	/data/nsrr/datasets/ccshs/polysomnography/annotations-events-nsrr/ccshs-trec-1800001-nsrr.xml
ccshs-trec-1800005	/data/nsrr/datasets/ccshs/polysomnography/edfs/ccshs-trec-1800005.edf	/data/nsrr/datasets/ccshs/polysomnography/annotations-events-nsrr/ccshs-trec-1800005-nsrr.xml
ccshs-trec-1800007	/data/nsrr/datasets/ccshs/polysomnography/edfs/ccshs-trec-1800007.edf	/data/nsrr/datasets/ccshs/polysomnography/annotations-events-nsrr/ccshs-trec-1800007-nsrr.xml
ccshs-trec-1800013	/data/nsrr/datasets/ccshs/polysomnography/edfs/ccshs-trec-1800013.edf	/data/nsrr/datasets/ccshs/polysomnography/annotations-events-nsrr/ccshs-trec-1800013-nsrr.xml
ccshs-trec-1800014	/data/nsrr/datasets/ccshs/polysomnography/edfs/ccshs-trec-1800014.edf	/data/nsrr/datasets/ccshs/polysomnography/annotations-events-nsrr/ccshs-trec-1800014-nsrr.xml
ccshs-trec-1800018	/data/nsrr/datasets/ccshs/polysomnography/edfs/ccshs-trec-1800018.edf	/data/nsrr/datasets/ccshs/polysomnography/annotations-events-nsrr/ccshs-trec-1800018-nsrr.xml
ccshs-trec-1800020	/data/nsrr/datasets/ccshs/polysomnography/edfs/ccshs-trec-1800020.edf	/data/nsrr/datasets/ccshs/polysomnography/annotations-events-nsrr/ccshs-trec-1800020-nsrr.xml
ccshs-trec-1800021	/data/nsrr/datasets/ccshs/polysomnography/edfs/ccshs-trec-1800021.edf	/data/nsrr/datasets/ccshs/polysomnography/annotations-events-nsrr/ccshs-trec-1800021-nsrr.xml
ccshs-trec-1800022	/data/nsrr/datasets/ccshs/polysomnography/edfs/ccshs-trec-1800022.edf	/data/nsrr/datasets/ccshs/polysomnography/annotations-events-nsrr/ccshs-trec-1800022-nsrr.xml
ccshs-trec-1800023	/data/nsrr/datasets/ccshs/polysomnography/edfs/ccshs-trec-1800023.edf	/data/nsrr/datasets/ccshs/polysomnography/annotations-events-nsrr/ccshs-trec-1800023-nsrr.xml
ccshs-trec-1800024	/data/nsrr/datasets/ccshs/polysomnography/edfs/ccshs-trec-1800024.edf	/data/nsrr/datasets/ccshs/polysomnography/annotations-events-nsrr/ccshs-trec-1800024-nsrr.xml
ccshs-trec-1800027	/data/nsrr/datasets/ccshs/polysomnography/edfs/ccshs-trec-1800027.edf	/data/nsrr/datasets/ccshs/polysomnography/annotations-events-nsrr/ccshs-trec-1800027-nsrr.xml
ccshs-trec-1800030	/data/nsrr/datasets/ccshs/polysomnography/edfs/ccshs-trec-1800030.edf	/data/nsrr/datasets/ccshs/polysomnography/annotations-events-nsrr/ccshs-trec-1800030-nsrr.xml
ccshs-trec-1800031	/data/nsrr/datasets/ccshs/polysomnography/edfs/ccshs-trec-1800031.edf	/data/nsrr/datasets/ccshs/polysomnography/annotations-events-nsrr/ccshs-trec-1800031-nsrr.xml
ccshs-trec-1800032	/data/nsrr/datasets/ccshs/polysomnography/edfs/ccshs-trec-1800032.edf	/data/nsrr/datasets/ccshs/polysomnography/annotations-events-nsrr/ccshs-trec-1800032-nsrr.xml
ccshs-trec-1800033	/data/nsrr/datasets/ccshs/polysomnography/edfs/ccshs-trec-1800033.edf	/data/nsrr/datasets/ccshs/polysomnography/annotations-events-nsrr/ccshs-trec-1800033-nsrr.xml
ccshs-trec-1800034	/data/nsrr/datasets/ccshs/polysomnography/edfs/ccshs-trec-1800034.edf	/data/nsrr/datasets/ccshs/polysomnography/annotations-events-nsrr/ccshs-trec-1800034-nsrr.xml
ccshs-trec-1800036	/data/nsrr/datasets/ccshs/polysomnography/edfs/ccshs-trec-1800036.edf	/data/nsrr/datasets/ccshs/polysomnography/annotations-events-nsrr/ccshs-trec-1800036-nsrr.xml
ccshs-trec-1800038	/data/nsrr/datasets/ccshs/polysomnography/edfs/ccshs-trec-1800038.edf	/data/nsrr/datasets/ccshs/polysomnography/annotations-events-nsrr/ccshs-trec-1800038-nsrr.xml
ccshs-trec-1800039	/data/nsrr/datasets/ccshs/polysomnography/edfs/ccshs-trec-1800039.edf	/data/nsrr/datasets/ccshs/polysomnography/annotations-events-nsrr/ccshs-trec-1800039-nsrr.xml
ccshs-trec-1800042	/data/nsrr/datasets/ccshs/polysomnography/edfs/ccshs-trec-1800042.edf	/data/nsrr/datasets/ccshs/polysomnography/annotations-events-nsrr/ccshs-trec-1800042-nsrr.xml
ccshs-trec-1800044	/data/nsrr/datasets/ccshs/polysomnography/edfs/ccshs-trec-1800044.edf	/data/nsrr/datasets/ccshs/polysomnography/annotations-events-nsrr/ccshs-trec-1800044-nsrr.xml
ccshs-trec-1800045	/data/nsrr/datasets/ccshs/polysomnography/edfs/ccshs-trec-1800045.edf	/data/nsrr/datasets/ccshs/polysomnography/annotations-events-nsrr/ccshs-trec-1800045-nsrr.xml
ccshs-trec-1800047	/data/nsrr/datasets/ccshs/polysomnography/edfs/ccshs-trec-1800047.edf	/data/nsrr/datasets/ccshs/polysomnography/annotations-events-nsrr/ccshs-trec-1800047-nsrr.xml
ccshs-trec-1800048	/data/nsrr/datasets/ccshs/polysomnography/edfs/ccshs-trec-1800048.edf	/data/nsrr/datasets/ccshs/polysomnography/annotations-events-nsrr/ccshs-trec-1800048-nsrr.xml
ccshs-trec-1800049	/data/nsrr/datasets/ccshs/polysomnography/edfs/ccshs-trec-1800049.edf	/data/nsrr/datasets/ccshs/polysomnography/annotations-events-nsrr/ccshs-trec-1800049-nsrr.xml
ccshs-trec-1800050	/data/nsrr/datasets/ccshs/polysomnography/edfs/ccshs-trec-1800050.edf	/data/nsrr/datasets/ccshs/polysomnography/annotations-events-nsrr/ccshs-trec-1800050-nsrr.xml
ccshs-trec-1800051	/data/nsrr/datasets/ccshs/polysomnography/edfs/ccshs-trec-1800051.edf	/data/nsrr/datasets/ccshs/polysomnography/annotations-events-nsrr/ccshs-trec-1800051-nsrr.xml
ccshs-trec-1800052	/data/nsrr/datasets/ccshs/polysomnography/edfs/ccshs-trec-1800052.edf	/data/nsrr/datasets/ccshs/polysomnography/annotations-events-nsrr/ccshs-trec-1800052-nsrr.xml
ccshs-trec-1800055	/data/nsrr/datasets/ccshs/polysomnography/edfs/ccshs-trec-1800055.edf	/data/nsrr/datasets/ccshs/polysomnography/annotations-events-nsrr/ccshs-trec-1800055-nsrr.xml
ccshs-trec-1800059	/data/nsrr/datasets/ccshs/polysomnography/edfs/ccshs-trec-1800059.edf	/data/nsrr/datasets/ccshs/polysomnography/annotations-events-nsrr/ccshs-trec-1800059-nsrr.xml
ccshs-trec-1800061	/data/nsrr/datasets/ccshs/polysomnography/edfs/ccshs-trec-1800061.edf	/data/nsrr/datasets/ccshs/polysomnography/annotations-events-nsrr/ccshs-trec-1800061-nsrr.xml
ccshs-trec-1800064	/data/nsrr/datasets/ccshs/polysomnography/edfs/ccshs-trec-1800064.edf	/data/nsrr/datasets/ccshs/polysomnography/annotations-events-nsrr/ccshs-trec-1800064-nsrr.xml
ccshs-trec-1800065	/data/nsrr/datasets/ccshs/polysomnography/edfs/ccshs-trec-1800065.edf	/data/nsrr/datasets/ccshs/polysomnography/annotations-events-nsrr/ccshs-trec-1800065-nsrr.xml
ccshs-trec-1800067	/data/nsrr/datasets/ccshs/polysomnography/edfs/ccshs-trec-1800067.edf	/data/nsrr/datasets/ccshs/polysomnography/annotations-events-nsrr/ccshs-trec-1800067-nsrr.xml
ccshs-trec-1800068	/data/nsrr/datasets/ccshs/polysomnography/edfs/ccshs-trec-1800068.edf	/data/nsrr/datasets/ccshs/polysomnography/annotations-events-nsrr/ccshs-trec-1800068-nsrr.xml
ccshs-trec-1800070	/data/nsrr/datasets/ccshs/polysomnography/edfs/ccshs-trec-1800070.edf	/data/nsrr/datasets/ccshs/polysomnography/annotations-events-nsrr/ccshs-trec-1800070-nsrr.xml
ccshs-trec-1800071	/data/nsrr/datasets/ccshs/polysomnography/edfs/ccshs-trec-1800071.edf	/data/nsrr/datasets/ccshs/polysomnography/annotations-events-nsrr/ccshs-trec-1800071-nsrr.xml
ccshs-trec-1800072	/data/nsrr/datasets/ccshs/polysomnography/edfs/ccshs-trec-1800072.edf	/data/nsrr/datasets/ccshs/polysomnography/annotations-events-nsrr/ccshs-trec-1800072-nsrr.xml
ccshs-trec-1800074	/data/nsrr/datasets/ccshs/polysomnography/edfs/ccshs-trec-1800074.edf	/data/nsrr/datasets/ccshs/polysomnography/annotations-events-nsrr/ccshs-trec-1800074-nsrr.xml
ccshs-trec-1800075	/data/nsrr/datasets/ccshs/polysomnography/edfs/ccshs-trec-1800075.edf	/data/nsrr/datasets/ccshs/polysomnography/annotations-events-nsrr/ccshs-trec-1800075-nsrr.xml
ccshs-trec-1800076	/data/nsrr/datasets/ccshs/polysomnography/edfs/ccshs-trec-1800076.edf	/data/nsrr/datasets/ccshs/polysomnography/annotations-events-nsrr/ccshs-trec-1800076-nsrr.xml
ccshs-trec-1800078	/data/nsrr/datasets/ccshs/polysomnography/edfs/ccshs-trec-1800078.edf	/data/nsrr/datasets/ccshs/polysomnography/annotations-events-nsrr/ccshs-trec-1800078-nsrr.xml
ccshs-trec-1800081	/data/nsrr/datasets/ccshs/polysomnography/edfs/ccshs-trec-1800081.edf	/data/nsrr/datasets/ccshs/polysomnography/annotations-events-nsrr/ccshs-trec-1800081-nsrr.xml
ccshs-trec-1800082	/data/nsrr/datasets/ccshs/polysomnography/edfs/ccshs-trec-1800082.edf	/data/nsrr/datasets/ccshs/polysomnography/annotations-events-nsrr/ccshs-trec-1800082-nsrr.xml
ccshs-trec-1800085	/data/nsrr/datasets/ccshs/polysomnography/edfs/ccshs-trec-1800085.edf	/data/nsrr/datasets/ccshs/polysomnography/annotations-events-nsrr/ccshs-trec-1800085-nsrr.xml
ccshs-trec-1800088	/data/nsrr/datasets/ccshs/polysomnography/edfs/ccshs-trec-1800088.edf	/data/nsrr/datasets/ccshs/polysomnography/annotations-events-nsrr/ccshs-trec-1800088-nsrr.xml
ccshs-trec-1800089	/data/nsrr/datasets/ccshs/polysomnography/edfs/ccshs-trec-1800089.edf	/data/nsrr/datasets/ccshs/polysomnography/annotations-events-nsrr/ccshs-trec-1800089-nsrr.xml
ccshs-trec-1800090	/data/nsrr/datasets/ccshs/polysomnography/edfs/ccshs-trec-1800090.edf	/data/nsrr/datasets/ccshs/polysomnography/annotations-events-nsrr/ccshs-trec-1800090-nsrr.xml
ccshs-trec-1800091	/data/nsrr/datasets/ccshs/polysomnography/edfs/ccshs-trec-1800091.edf	/data/nsrr/datasets/ccshs/polysomnography/annotations-events-nsrr/ccshs-trec-1800091-nsrr.xml
ccshs-trec-1800094	/data/nsrr/datasets/ccshs/polysomnography/edfs/ccshs-trec-1800094.edf	/data/nsrr/datasets/ccshs/polysomnography/annotations-events-nsrr/ccshs-trec-1800094-nsrr.xml
ccshs-trec-1800095	/data/nsrr/datasets/ccshs/polysomnography/edfs/ccshs-trec-1800095.edf	/data/nsrr/datasets/ccshs/polysomnography/annotations-events-nsrr/ccshs-trec-1800095-nsrr.xml
ccshs-trec-1800096	/data/nsrr/datasets/ccshs/polysomnography/edfs/ccshs-trec-1800096.edf	/data/nsrr/datasets/ccshs/polysomnography/annotations-events-nsrr/ccshs-trec-1800096-nsrr.xml
ccshs-trec-1800097	/data/nsrr/datasets/ccshs/polysomnography/edfs/ccshs-trec-1800097.edf	/data/nsrr/datasets/ccshs/polysomnography/annotations-events-nsrr/ccshs-trec-1800097-nsrr.xml
ccshs-trec-1800098	/data/nsrr/datasets/ccshs/polysomnography/edfs/ccshs-trec-1800098.edf	/data/nsrr/datasets/ccshs/polysomnography/annotations-events-nsrr/ccshs-trec-1800098-nsrr.xml
ccshs-trec-1800099	/data/nsrr/datasets/ccshs/polysomnography/edfs/ccshs-trec-1800099.edf	/data/nsrr/datasets/ccshs/polysomnography/annotations-events-nsrr/ccshs-trec-1800099-nsrr.xml
ccshs-trec-1800100	/data/nsrr/datasets/ccshs/polysomnography/edfs/ccshs-trec-1800100.edf	/data/nsrr/datasets/ccshs/polysomnography/annotations-events-nsrr/ccshs-trec-1800100-nsrr.xml
ccshs-trec-1800101	/data/nsrr/datasets/ccshs/polysomnography/edfs/ccshs-trec-1800101.edf	/data/nsrr/datasets/ccshs/polysomnography/annotations-events-nsrr/ccshs-trec-1800101-nsrr.xml
ccshs-trec-1800102	/data/nsrr/datasets/ccshs/polysomnography/edfs/ccshs-trec-1800102.edf	/data/nsrr/datasets/ccshs/polysomnography/annotations-events-nsrr/ccshs-trec-1800102-nsrr.xml
ccshs-trec-1800103	/data/nsrr/datasets/ccshs/polysomnography/edfs/ccshs-trec-1800103.edf	/data/nsrr/datasets/ccshs/polysomnography/annotations-events-nsrr/ccshs-trec-1800103-nsrr.xml
ccshs-trec-1800106	/data/nsrr/datasets/ccshs/polysomnography/edfs/ccshs-trec-1800106.edf	/data/nsrr/datasets/ccshs/polysomnography/annotations-events-nsrr/ccshs-trec-1800106-nsrr.xml
ccshs-trec-1800109	/data/nsrr/datasets/ccshs/polysomnography/edfs/ccshs-trec-1800109.edf	/data/nsrr/datasets/ccshs/polysomnography/annotations-events-nsrr/ccshs-trec-1800109-nsrr.xml
ccshs-trec-1800115	/data/nsrr/datasets/ccshs/polysomnography/edfs/ccshs-trec-1800115.edf	/data/nsrr/datasets/ccshs/polysomnography/annotations-events-nsrr/ccshs-trec-1800115-nsrr.xml
ccshs-trec-1800117	/data/nsrr/datasets/ccshs/polysomnography/edfs/ccshs-trec-1800117.edf	/data/nsrr/datasets/ccshs/polysomnography/annotations-events-nsrr/ccshs-trec-1800117-nsrr.xml
ccshs-trec-1800123	/data/nsrr/datasets/ccshs/polysomnography/edfs/ccshs-trec-1800123.edf	/data/nsrr/datasets/ccshs/polysomnography/annotations-events-nsrr/ccshs-trec-1800123-nsrr.xml
ccshs-trec-1800126	/data/nsrr/datasets/ccshs/polysomnography/edfs/ccshs-trec-1800126.edf	/data/nsrr/datasets/ccshs/polysomnography/annotations-events-nsrr/ccshs-trec-1800126-nsrr.xml
ccshs-trec-1800127	/data/nsrr/datasets/ccshs/polysomnography/edfs/ccshs-trec-1800127.edf	/data/nsrr/datasets/ccshs/polysomnography/annotations-events-nsrr/ccshs-trec-1800127-nsrr.xml
ccshs-trec-1800129	/data/nsrr/datasets/ccshs/polysomnography/edfs/ccshs-trec-1800129.edf	/data/nsrr/datasets/ccshs/polysomnography/annotations-events-nsrr/ccshs-trec-1800129-nsrr.xml
ccshs-trec-1800130	/data/nsrr/datasets/ccshs/polysomnography/edfs/ccshs-trec-1800130.edf	/data/nsrr/datasets/ccshs/polysomnography/annotations-events-nsrr/ccshs-trec-1800130-nsrr.xml
ccshs-trec-1800131	/data/nsrr/datasets/ccshs/polysomnography/edfs/ccshs-trec-1800131.edf	/data/nsrr/datasets/ccshs/polysomnography/annotations-events-nsrr/ccshs-trec-1800131-nsrr.xml
ccshs-trec-1800132	/data/nsrr/datasets/ccshs/polysomnography/edfs/ccshs-trec-1800132.edf	/data/nsrr/datasets/ccshs/polysomnography/annotations-events-nsrr/ccshs-trec-1800132-nsrr.xml
ccshs-trec-1800137	/data/nsrr/datasets/ccshs/polysomnography/edfs/ccshs-trec-1800137.edf	/data/nsrr/datasets/ccshs/polysomnography/annotations-events-nsrr/ccshs-trec-1800137-nsrr.xml
ccshs-trec-1800138	/data/nsrr/datasets/ccshs/polysomnography/edfs/ccshs-trec-1800138.edf	/data/nsrr/datasets/ccshs/polysomnography/annotations-events-nsrr/ccshs-trec-1800138-nsrr.xml
ccshs-trec-1800140	/data/nsrr/datasets/ccshs/polysomnography/edfs/ccshs-trec-1800140.edf	/data/nsrr/datasets/ccshs/polysomnography/annotations-events-nsrr/ccshs-trec-1800140-nsrr.xml
ccshs-trec-1800142	/data/nsrr/datasets/ccshs/polysomnography/edfs/ccshs-trec-1800142.edf	/data/nsrr/datasets/ccshs/polysomnography/annotations-events-nsrr/ccshs-trec-1800142-nsrr.xml
ccshs-trec-1800145	/data/nsrr/datasets/ccshs/polysomnography/edfs/ccshs-trec-1800145.edf	/data/nsrr/datasets/ccshs/polysomnography/annotations-events-nsrr/ccshs-trec-1800145-nsrr.xml
ccshs-trec-1800146	/data/nsrr/datasets/ccshs/polysomnography/edfs/ccshs-trec-1800146.edf	/data/nsrr/datasets/ccshs/polysomnography/annotations-events-nsrr/ccshs-trec-1800146-nsrr.xml
ccshs-trec-1800149	/data/nsrr/datasets/ccshs/polysomnography/edfs/ccshs-trec-1800149.edf	/data/nsrr/datasets/ccshs/polysomnography/annotations-events-nsrr/ccshs-trec-1800149-nsrr.xml
ccshs-trec-1800150	/data/nsrr/datasets/ccshs/polysomnography/edfs/ccshs-trec-1800150.edf	/data/nsrr/datasets/ccshs/polysomnography/annotations-events-nsrr/ccshs-trec-1800150-nsrr.xml
ccshs-trec-1800153	/data/nsrr/datasets/ccshs/polysomnography/edfs/ccshs-trec-1800153.edf	/data/nsrr/datasets/ccshs/polysomnography/annotations-events-nsrr/ccshs-trec-1800153-nsrr.xml
ccshs-trec-1800155	/data/nsrr/datasets/ccshs/polysomnography/edfs/ccshs-trec-1800155.edf	/data/nsrr/datasets/ccshs/polysomnography/annotations-events-nsrr/ccshs-trec-1800155-nsrr.xml
ccshs-trec-1800157	/data/nsrr/datasets/ccshs/polysomnography/edfs/ccshs-trec-1800157.edf	/data/nsrr/datasets/ccshs/polysomnography/annotations-events-nsrr/ccshs-trec-1800157-nsrr.xml
ccshs-trec-1800159	/data/nsrr/datasets/ccshs/polysomnography/edfs/ccshs-trec-1800159.edf	/data/nsrr/datasets/ccshs/polysomnography/annotations-events-nsrr/ccshs-trec-1800159-nsrr.xml
ccshs-trec-1800160	/data/nsrr/datasets/ccshs/polysomnography/edfs/ccshs-trec-1800160.edf	/data/nsrr/datasets/ccshs/polysomnography/annotations-events-nsrr/ccshs-trec-1800160-nsrr.xml
ccshs-trec-1800161	/data/nsrr/datasets/ccshs/polysomnography/edfs/ccshs-trec-1800161.edf	/data/nsrr/datasets/ccshs/polysomnography/annotations-events-nsrr/ccshs-trec-1800161-nsrr.xml
ccshs-trec-1800164	/data/nsrr/datasets/ccshs/polysomnography/edfs/ccshs-trec-1800164.edf	/data/nsrr/datasets/ccshs/polysomnography/annotations-events-nsrr/ccshs-trec-1800164-nsrr.xml
ccshs-trec-1800165	/data/nsrr/datasets/ccshs/polysomnography/edfs/ccshs-trec-1800165.edf	/data/nsrr/datasets/ccshs/polysomnography/annotations-events-nsrr/ccshs-trec-1800165-nsrr.xml
ccshs-trec-1800166	/data/nsrr/datasets/ccshs/polysomnography/edfs/ccshs-trec-1800166.edf	/data/nsrr/datasets/ccshs/polysomnography/annotations-events-nsrr/ccshs-trec-1800166-nsrr.xml
ccshs-trec-1800167	/data/nsrr/datasets/ccshs/polysomnography/edfs/ccshs-trec-1800167.edf	/data/nsrr/datasets/ccshs/polysomnography/annotations-events-nsrr/ccshs-trec-1800167-nsrr.xml
ccshs-trec-1800169	/data/nsrr/datasets/ccshs/polysomnography/edfs/ccshs-trec-1800169.edf	/data/nsrr/datasets/ccshs/polysomnography/annotations-events-nsrr/ccshs-trec-1800169-nsrr.xml
ccshs-trec-1800174	/data/nsrr/datasets/ccshs/polysomnography/edfs/ccshs-trec-1800174.edf	/data/nsrr/datasets/ccshs/polysomnography/annotations-events-nsrr/ccshs-trec-1800174-nsrr.xml
ccshs-trec-1800177	/data/nsrr/datasets/ccshs/polysomnography/edfs/ccshs-trec-1800177.edf	/data/nsrr/datasets/ccshs/polysomnography/annotations-events-nsrr/ccshs-trec-1800177-nsrr.xml
ccshs-trec-1800178	/data/nsrr/datasets/ccshs/polysomnography/edfs/ccshs-trec-1800178.edf	/data/nsrr/datasets/ccshs/polysomnography/annotations-events-nsrr/ccshs-trec-1800178-nsrr.xml
ccshs-trec-1800180	/data/nsrr/datasets/ccshs/polysomnography/edfs/ccshs-trec-1800180.edf	/data/nsrr/datasets/ccshs/polysomnography/annotations-events-nsrr/ccshs-trec-1800180-nsrr.xml
ccshs-trec-1800181	/data/nsrr/datasets/ccshs/polysomnography/edfs/ccshs-trec-1800181.edf	/data/nsrr/datasets/ccshs/polysomnography/annotations-events-nsrr/ccshs-trec-1800181-nsrr.xml
ccshs-trec-1800184	/data/nsrr/datasets/ccshs/polysomnography/edfs/ccshs-trec-1800184.edf	/data/nsrr/datasets/ccshs/polysomnography/annotations-events-nsrr/ccshs-trec-1800184-nsrr.xml
ccshs-trec-1800185	/data/nsrr/datasets/ccshs/polysomnography/edfs/ccshs-trec-1800185.edf	/data/nsrr/datasets/ccshs/polysomnography/annotations-events-nsrr/ccshs-trec-1800185-nsrr.xml
ccshs-trec-1800186	/data/nsrr/datasets/ccshs/polysomnography/edfs/ccshs-trec-1800186.edf	/data/nsrr/datasets/ccshs/polysomnography/annotations-events-nsrr/ccshs-trec-1800186-nsrr.xml
ccshs-trec-1800187	/data/nsrr/datasets/ccshs/polysomnography/edfs/ccshs-trec-1800187.edf	/data/nsrr/datasets/ccshs/polysomnography/annotations-events-nsrr/ccshs-trec-1800187-nsrr.xml
ccshs-trec-1800191	/data/nsrr/datasets/ccshs/polysomnography/edfs/ccshs-trec-1800191.edf	/data/nsrr/datasets/ccshs/polysomnography/annotations-events-nsrr/ccshs-trec-1800191-nsrr.xml
ccshs-trec-1800192	/data/nsrr/datasets/ccshs/polysomnography/edfs/ccshs-trec-1800192.edf	/data/nsrr/datasets/ccshs/polysomnography/annotations-events-nsrr/ccshs-trec-1800192-nsrr.xml
ccshs-trec-1800194	/data/nsrr/datasets/ccshs/polysomnography/edfs/ccshs-trec-1800194.edf	/data/nsrr/datasets/ccshs/polysomnography/annotations-events-nsrr/ccshs-trec-1800194-nsrr.xml
ccshs-trec-1800195	/data/nsrr/datasets/ccshs/polysomnography/edfs/ccshs-trec-1800195.edf	/data/nsrr/datasets/ccshs/polysomnography/annotations-events-nsrr/ccshs-trec-1800195-nsrr.xml
ccshs-trec-1800197	/data/nsrr/datasets/ccshs/polysomnography/edfs/ccshs-trec-1800197.edf	/data/nsrr/datasets/ccshs/polysomnography/annotations-events-nsrr/ccshs-trec-1800197-nsrr.xml
ccshs-trec-1800198	/data/nsrr/datasets/ccshs/polysomnography/edfs/ccshs-trec-1800198.edf	/data/nsrr/datasets/ccshs/polysomnography/annotations-events-nsrr/ccshs-trec-1800198-nsrr.xml
ccshs-trec-1800200	/data/nsrr/datasets/ccshs/polysomnography/edfs/ccshs-trec-1800200.edf	/data/nsrr/datasets/ccshs/polysomnography/annotations-events-nsrr/ccshs-trec-1800200-nsrr.xml
ccshs-trec-1800202	/data/nsrr/datasets/ccshs/polysomnography/edfs/ccshs-trec-1800202.edf	/data/nsrr/datasets/ccshs/polysomnography/annotations-events-nsrr/ccshs-trec-1800202-nsrr.xml
ccshs-trec-1800203	/data/nsrr/datasets/ccshs/polysomnography/edfs/ccshs-trec-1800203.edf	/data/nsrr/datasets/ccshs/polysomnography/annotations-events-nsrr/ccshs-trec-1800203-nsrr.xml
ccshs-trec-1800204	/data/nsrr/datasets/ccshs/polysomnography/edfs/ccshs-trec-1800204.edf	/data/nsrr/datasets/ccshs/polysomnography/annotations-events-nsrr/ccshs-trec-1800204-nsrr.xml
ccshs-trec-1800206	/data/nsrr/datasets/ccshs/polysomnography/edfs/ccshs-trec-1800206.edf	/data/nsrr/datasets/ccshs/polysomnography/annotations-events-nsrr/ccshs-trec-1800206-nsrr.xml
ccshs-trec-1800207	/data/nsrr/datasets/ccshs/polysomnography/edfs/ccshs-trec-1800207.edf	/data/nsrr/datasets/ccshs/polysomnography/annotations-events-nsrr/ccshs-trec-1800207-nsrr.xml
ccshs-trec-1800211	/data/nsrr/datasets/ccshs/polysomnography/edfs/ccshs-trec-1800211.edf	/data/nsrr/datasets/ccshs/polysomnography/annotations-events-nsrr/ccshs-trec-1800211-nsrr.xml
ccshs-trec-1800212	/data/nsrr/datasets/ccshs/polysomnography/edfs/ccshs-trec-1800212.edf	/data/nsrr/datasets/ccshs/polysomnography/annotations-events-nsrr/ccshs-trec-1800212-nsrr.xml
ccshs-trec-1800213	/data/nsrr/datasets/ccshs/polysomnography/edfs/ccshs-trec-1800213.edf	/data/nsrr/datasets/ccshs/polysomnography/annotations-events-nsrr/ccshs-trec-1800213-nsrr.xml
ccshs-trec-1800214	/data/nsrr/datasets/ccshs/polysomnography/edfs/ccshs-trec-1800214.edf	/data/nsrr/datasets/ccshs/polysomnography/annotations-events-nsrr/ccshs-trec-1800214-nsrr.xml
ccshs-trec-1800215	/data/nsrr/datasets/ccshs/polysomnography/edfs/ccshs-trec-1800215.edf	/data/nsrr/datasets/ccshs/polysomnography/annotations-events-nsrr/ccshs-trec-1800215-nsrr.xml
ccshs-trec-1800218	/data/nsrr/datasets/ccshs/polysomnography/edfs/ccshs-trec-1800218.edf	/data/nsrr/datasets/ccshs/polysomnography/annotations-events-nsrr/ccshs-trec-1800218-nsrr.xml
ccshs-trec-1800219	/data/nsrr/datasets/ccshs/polysomnography/edfs/ccshs-trec-1800219.edf	/data/nsrr/datasets/ccshs/polysomnography/annotations-events-nsrr/ccshs-trec-1800219-nsrr.xml
ccshs-trec-1800222	/data/nsrr/datasets/ccshs/polysomnography/edfs/ccshs-trec-1800222.edf	/data/nsrr/datasets/ccshs/polysomnography/annotations-events-nsrr/ccshs-trec-1800222-nsrr.xml
ccshs-trec-1800223	/data/nsrr/datasets/ccshs/polysomnography/edfs/ccshs-trec-1800223.edf	/data/nsrr/datasets/ccshs/polysomnography/annotations-events-nsrr/ccshs-trec-1800223-nsrr.xml
ccshs-trec-1800224	/data/nsrr/datasets/ccshs/polysomnography/edfs/ccshs-trec-1800224.edf	/data/nsrr/datasets/ccshs/polysomnography/annotations-events-nsrr/ccshs-trec-1800224-nsrr.xml
ccshs-trec-1800226	/data/nsrr/datasets/ccshs/polysomnography/edfs/ccshs-trec-1800226.edf	/data/nsrr/datasets/ccshs/polysomnography/annotations-events-nsrr/ccshs-trec-1800226-nsrr.xml
ccshs-trec-1800230	/data/nsrr/datasets/ccshs/polysomnography/edfs/ccshs-trec-1800230.edf	/data/nsrr/datasets/ccshs/polysomnography/annotations-events-nsrr/ccshs-trec-1800230-nsrr.xml
ccshs-trec-1800231	/data/nsrr/datasets/ccshs/polysomnography/edfs/ccshs-trec-1800231.edf	/data/nsrr/datasets/ccshs/polysomnography/annotations-events-nsrr/ccshs-trec-1800231-nsrr.xml
ccshs-trec-1800234	/data/nsrr/datasets/ccshs/polysomnography/edfs/ccshs-trec-1800234.edf	/data/nsrr/datasets/ccshs/polysomnography/annotations-events-nsrr/ccshs-trec-1800234-nsrr.xml
ccshs-trec-1800236	/data/nsrr/datasets/ccshs/polysomnography/edfs/ccshs-trec-1800236.edf	/data/nsrr/datasets/ccshs/polysomnography/annotations-events-nsrr/ccshs-trec-1800236-nsrr.xml
ccshs-trec-1800237	/data/nsrr/datasets/ccshs/polysomnography/edfs/ccshs-trec-1800237.edf	/data/nsrr/datasets/ccshs/polysomnography/annotations-events-nsrr/ccshs-trec-1800237-nsrr.xml
ccshs-trec-1800238	/data/nsrr/datasets/ccshs/polysomnography/edfs/ccshs-trec-1800238.edf	/data/nsrr/datasets/ccshs/polysomnography/annotations-events-nsrr/ccshs-trec-1800238-nsrr.xml
ccshs-trec-1800239	/data/nsrr/datasets/ccshs/polysomnography/edfs/ccshs-trec-1800239.edf	/data/nsrr/datasets/ccshs/polysomnography/annotations-events-nsrr/ccshs-trec-1800239-nsrr.xml
ccshs-trec-1800240	/data/nsrr/datasets/ccshs/polysomnography/edfs/ccshs-trec-1800240.edf	/data/nsrr/datasets/ccshs/polysomnography/annotations-events-nsrr/ccshs-trec-1800240-nsrr.xml
ccshs-trec-1800243	/data/nsrr/datasets/ccshs/polysomnography/edfs/ccshs-trec-1800243.edf	/data/nsrr/datasets/ccshs/polysomnography/annotations-events-nsrr/ccshs-trec-1800243-nsrr.xml
ccshs-trec-1800246	/data/nsrr/datasets/ccshs/polysomnography/edfs/ccshs-trec-1800246.edf	/data/nsrr/datasets/ccshs/polysomnography/annotations-events-nsrr/ccshs-trec-1800246-nsrr.xml
ccshs-trec-1800248	/data/nsrr/datasets/ccshs/polysomnography/edfs/ccshs-trec-1800248.edf	/data/nsrr/datasets/ccshs/polysomnography/annotations-events-nsrr/ccshs-trec-1800248-nsrr.xml
ccshs-trec-1800251	/data/nsrr/datasets/ccshs/polysomnography/edfs/ccshs-trec-1800251.edf	/data/nsrr/datasets/ccshs/polysomnography/annotations-events-nsrr/ccshs-trec-1800251-nsrr.xml
ccshs-trec-1800253	/data/nsrr/datasets/ccshs/polysomnography/edfs/ccshs-trec-1800253.edf	/data/nsrr/datasets/ccshs/polysomnography/annotations-events-nsrr/ccshs-trec-1800253-nsrr.xml
ccshs-trec-1800254	/data/nsrr/datasets/ccshs/polysomnography/edfs/ccshs-trec-1800254.edf	/data/nsrr/datasets/ccshs/polysomnography/annotations-events-nsrr/ccshs-trec-1800254-nsrr.xml
ccshs-trec-1800257	/data/nsrr/datasets/ccshs/polysomnography/edfs/ccshs-trec-1800257.edf	/data/nsrr/datasets/ccshs/polysomnography/annotations-events-nsrr/ccshs-trec-1800257-nsrr.xml
ccshs-trec-1800260	/data/nsrr/datasets/ccshs/polysomnography/edfs/ccshs-trec-1800260.edf	/data/nsrr/datasets/ccshs/polysomnography/annotations-events-nsrr/ccshs-trec-1800260-nsrr.xml
ccshs-trec-1800262	/data/nsrr/datasets/ccshs/polysomnography/edfs/ccshs-trec-1800262.edf	/data/nsrr/datasets/ccshs/polysomnography/annotations-events-nsrr/ccshs-trec-1800262-nsrr.xml
ccshs-trec-1800263	/data/nsrr/datasets/ccshs/polysomnography/edfs/ccshs-trec-1800263.edf	/data/nsrr/datasets/ccshs/polysomnography/annotations-events-nsrr/ccshs-trec-1800263-nsrr.xml
ccshs-trec-1800264	/data/nsrr/datasets/ccshs/polysomnography/edfs/ccshs-trec-1800264.edf	/data/nsrr/datasets/ccshs/polysomnography/annotations-events-nsrr/ccshs-trec-1800264-nsrr.xml
ccshs-trec-1800265	/data/nsrr/datasets/ccshs/polysomnography/edfs/ccshs-trec-1800265.edf	/data/nsrr/datasets/ccshs/polysomnography/annotations-events-nsrr/ccshs-trec-1800265-nsrr.xml
ccshs-trec-1800266	/data/nsrr/datasets/ccshs/polysomnography/edfs/ccshs-trec-1800266.edf	/data/nsrr/datasets/ccshs/polysomnography/annotations-events-nsrr/ccshs-trec-1800266-nsrr.xml
ccshs-trec-1800269	/data/nsrr/datasets/ccshs/polysomnography/edfs/ccshs-trec-1800269.edf	/data/nsrr/datasets/ccshs/polysomnography/annotations-events-nsrr/ccshs-trec-1800269-nsrr.xml
ccshs-trec-1800272	/data/nsrr/datasets/ccshs/polysomnography/edfs/ccshs-trec-1800272.edf	/data/nsrr/datasets/ccshs/polysomnography/annotations-events-nsrr/ccshs-trec-1800272-nsrr.xml
ccshs-trec-1800273	/data/nsrr/datasets/ccshs/polysomnography/edfs/ccshs-trec-1800273.edf	/data/nsrr/datasets/ccshs/polysomnography/annotations-events-nsrr/ccshs-trec-1800273-nsrr.xml
ccshs-trec-1800274	/data/nsrr/datasets/ccshs/polysomnography/edfs/ccshs-trec-1800274.edf	/data/nsrr/datasets/ccshs/polysomnography/annotations-events-nsrr/ccshs-trec-1800274-nsrr.xml
ccshs-trec-1800275	/data/nsrr/datasets/ccshs/polysomnography/edfs/ccshs-trec-1800275.edf	/data/nsrr/datasets/ccshs/polysomnography/annotations-events-nsrr/ccshs-trec-1800275-nsrr.xml
ccshs-trec-1800276	/data/nsrr/datasets/ccshs/polysomnography/edfs/ccshs-trec-1800276.edf	/data/nsrr/datasets/ccshs/polysomnography/annotations-events-nsrr/ccshs-trec-1800276-nsrr.xml
ccshs-trec-1800278	/data/nsrr/datasets/ccshs/polysomnography/edfs/ccshs-trec-1800278.edf	/data/nsrr/datasets/ccshs/polysomnography/annotations-events-nsrr/ccshs-trec-1800278-nsrr.xml
ccshs-trec-1800279	/data/nsrr/datasets/ccshs/polysomnography/edfs/ccshs-trec-1800279.edf	/data/nsrr/datasets/ccshs/polysomnography/annotations-events-nsrr/ccshs-trec-1800279-nsrr.xml
ccshs-trec-1800280	/data/nsrr/datasets/ccshs/polysomnography/edfs/ccshs-trec-1800280.edf	/data/nsrr/datasets/ccshs/polysomnography/annotations-events-nsrr/ccshs-trec-1800280-nsrr.xml
ccshs-trec-1800282	/data/nsrr/datasets/ccshs/polysomnography/edfs/ccshs-trec-1800282.edf	/data/nsrr/datasets/ccshs/polysomnography/annotations-events-nsrr/ccshs-trec-1800282-nsrr.xml
ccshs-trec-1800285	/data/nsrr/datasets/ccshs/polysomnography/edfs/ccshs-trec-1800285.edf	/data/nsrr/datasets/ccshs/polysomnography/annotations-events-nsrr/ccshs-trec-1800285-nsrr.xml
ccshs-trec-1800286	/data/nsrr/datasets/ccshs/polysomnography/edfs/ccshs-trec-1800286.edf	/data/nsrr/datasets/ccshs/polysomnography/annotations-events-nsrr/ccshs-trec-1800286-nsrr.xml
ccshs-trec-1800287	/data/nsrr/datasets/ccshs/polysomnography/edfs/ccshs-trec-1800287.edf	/data/nsrr/datasets/ccshs/polysomnography/annotations-events-nsrr/ccshs-trec-1800287-nsrr.xml
ccshs-trec-1800288	/data/nsrr/datasets/ccshs/polysomnography/edfs/ccshs-trec-1800288.edf	/data/nsrr/datasets/ccshs/polysomnography/annotations-events-nsrr/ccshs-trec-1800288-nsrr.xml
ccshs-trec-1800289	/data/nsrr/datasets/ccshs/polysomnography/edfs/ccshs-trec-1800289.edf	/data/nsrr/datasets/ccshs/polysomnography/annotations-events-nsrr/ccshs-trec-1800289-nsrr.xml
ccshs-trec-1800290	/data/nsrr/datasets/ccshs/polysomnography/edfs/ccshs-trec-1800290.edf	/data/nsrr/datasets/ccshs/polysomnography/annotations-events-nsrr/ccshs-trec-1800290-nsrr.xml
ccshs-trec-1800294	/data/nsrr/datasets/ccshs/polysomnography/edfs/ccshs-trec-1800294.edf	/data/nsrr/datasets/ccshs/polysomnography/annotations-events-nsrr/ccshs-trec-1800294-nsrr.xml
ccshs-trec-1800297	/data/nsrr/datasets/ccshs/polysomnography/edfs/ccshs-trec-1800297.edf	/data/nsrr/datasets/ccshs/polysomnography/annotations-events-nsrr/ccshs-trec-1800297-nsrr.xml
ccshs-trec-1800298	/data/nsrr/datasets/ccshs/polysomnography/edfs/ccshs-trec-1800298.edf	/data/nsrr/datasets/ccshs/polysomnography/annotations-events-nsrr/ccshs-trec-1800298-nsrr.xml
ccshs-trec-1800299	/data/nsrr/datasets/ccshs/polysomnography/edfs/ccshs-trec-1800299.edf	/data/nsrr/datasets/ccshs/polysomnography/annotations-events-nsrr/ccshs-trec-1800299-nsrr.xml
ccshs-trec-1800301	/data/nsrr/datasets/ccshs/polysomnography/edfs/ccshs-trec-1800301.edf	/data/nsrr/datasets/ccshs/polysomnography/annotations-events-nsrr/ccshs-trec-1800301-nsrr.xml
ccshs-trec-1800302	/data/nsrr/datasets/ccshs/polysomnography/edfs/ccshs-trec-1800302.edf	/data/nsrr/datasets/ccshs/polysomnography/annotations-events-nsrr/ccshs-trec-1800302-nsrr.xml
ccshs-trec-1800303	/data/nsrr/datasets/ccshs/polysomnography/edfs/ccshs-trec-1800303.edf	/data/nsrr/datasets/ccshs/polysomnography/annotations-events-nsrr/ccshs-trec-1800303-nsrr.xml
ccshs-trec-1800304	/data/nsrr/datasets/ccshs/polysomnography/edfs/ccshs-trec-1800304.edf	/data/nsrr/datasets/ccshs/polysomnography/annotations-events-nsrr/ccshs-trec-1800304-nsrr.xml
ccshs-trec-1800305	/data/nsrr/datasets/ccshs/polysomnography/edfs/ccshs-trec-1800305.edf	/data/nsrr/datasets/ccshs/polysomnography/annotations-events-nsrr/ccshs-trec-1800305-nsrr.xml
ccshs-trec-1800306	/data/nsrr/datasets/ccshs/polysomnography/edfs/ccshs-trec-1800306.edf	/data/nsrr/datasets/ccshs/polysomnography/annotations-events-nsrr/ccshs-trec-1800306-nsrr.xml
ccshs-trec-1800307	/data/nsrr/datasets/ccshs/polysomnography/edfs/ccshs-trec-1800307.edf	/data/nsrr/datasets/ccshs/polysomnography/annotations-events-nsrr/ccshs-trec-1800307-nsrr.xml
ccshs-trec-1800308	/data/nsrr/datasets/ccshs/polysomnography/edfs/ccshs-trec-1800308.edf	/data/nsrr/datasets/ccshs/polysomnography/annotations-events-nsrr/ccshs-trec-1800308-nsrr.xml
ccshs-trec-1800314	/data/nsrr/datasets/ccshs/polysomnography/edfs/ccshs-trec-1800314.edf	/data/nsrr/datasets/ccshs/polysomnography/annotations-events-nsrr/ccshs-trec-1800314-nsrr.xml
ccshs-trec-1800315	/data/nsrr/datasets/ccshs/polysomnography/edfs/ccshs-trec-1800315.edf	/data/nsrr/datasets/ccshs/polysomnography/annotations-events-nsrr/ccshs-trec-1800315-nsrr.xml
ccshs-trec-1800316	/data/nsrr/datasets/ccshs/polysomnography/edfs/ccshs-trec-1800316.edf	/data/nsrr/datasets/ccshs/polysomnography/annotations-events-nsrr/ccshs-trec-1800316-nsrr.xml
ccshs-trec-1800317	/data/nsrr/datasets/ccshs/polysomnography/edfs/ccshs-trec-1800317.edf	/data/nsrr/datasets/ccshs/polysomnography/annotations-events-nsrr/ccshs-trec-1800317-nsrr.xml
ccshs-trec-1800318	/data/nsrr/datasets/ccshs/polysomnography/edfs/ccshs-trec-1800318.edf	/data/nsrr/datasets/ccshs/polysomnography/annotations-events-nsrr/ccshs-trec-1800318-nsrr.xml
ccshs-trec-1800322	/data/nsrr/datasets/ccshs/polysomnography/edfs/ccshs-trec-1800322.edf	/data/nsrr/datasets/ccshs/polysomnography/annotations-events-nsrr/ccshs-trec-1800322-nsrr.xml
ccshs-trec-1800324	/data/nsrr/datasets/ccshs/polysomnography/edfs/ccshs-trec-1800324.edf	/data/nsrr/datasets/ccshs/polysomnography/annotations-events-nsrr/ccshs-trec-1800324-nsrr.xml
ccshs-trec-1800325	/data/nsrr/datasets/ccshs/polysomnography/edfs/ccshs-trec-1800325.edf	/data/nsrr/datasets/ccshs/polysomnography/annotations-events-nsrr/ccshs-trec-1800325-nsrr.xml
ccshs-trec-1800326	/data/nsrr/datasets/ccshs/polysomnography/edfs/ccshs-trec-1800326.edf	/data/nsrr/datasets/ccshs/polysomnography/annotations-events-nsrr/ccshs-trec-1800326-nsrr.xml
ccshs-trec-1800328	/data/nsrr/datasets/ccshs/polysomnography/edfs/ccshs-trec-1800328.edf	/data/nsrr/datasets/ccshs/polysomnography/annotations-events-nsrr/ccshs-trec-1800328-nsrr.xml
ccshs-trec-1800330	/data/nsrr/datasets/ccshs/polysomnography/edfs/ccshs-trec-1800330.edf	/data/nsrr/datasets/ccshs/polysomnography/annotations-events-nsrr/ccshs-trec-1800330-nsrr.xml
ccshs-trec-1800332	/data/nsrr/datasets/ccshs/polysomnography/edfs/ccshs-trec-1800332.edf	/data/nsrr/datasets/ccshs/polysomnography/annotations-events-nsrr/ccshs-trec-1800332-nsrr.xml
ccshs-trec-1800333	/data/nsrr/datasets/ccshs/polysomnography/edfs/ccshs-trec-1800333.edf	/data/nsrr/datasets/ccshs/polysomnography/annotations-events-nsrr/ccshs-trec-1800333-nsrr.xml
ccshs-trec-1800335	/data/nsrr/datasets/ccshs/polysomnography/edfs/ccshs-trec-1800335.edf	/data/nsrr/datasets/ccshs/polysomnography/annotations-events-nsrr/ccshs-trec-1800335-nsrr.xml
ccshs-trec-1800336	/data/nsrr/datasets/ccshs/polysomnography/edfs/ccshs-trec-1800336.edf	/data/nsrr/datasets/ccshs/polysomnography/annotations-events-nsrr/ccshs-trec-1800336-nsrr.xml
ccshs-trec-1800337	/data/nsrr/datasets/ccshs/polysomnography/edfs/ccshs-trec-1800337.edf	/data/nsrr/datasets/ccshs/polysomnography/annotations-events-nsrr/ccshs-trec-1800337-nsrr.xml
ccshs-trec-1800339	/data/nsrr/datasets/ccshs/polysomnography/edfs/ccshs-trec-1800339.edf	/data/nsrr/datasets/ccshs/polysomnography/annotations-events-nsrr/ccshs-trec-1800339-nsrr.xml
ccshs-trec-1800341	/data/nsrr/datasets/ccshs/polysomnography/edfs/ccshs-trec-1800341.edf	/data/nsrr/datasets/ccshs/polysomnography/annotations-events-nsrr/ccshs-trec-1800341-nsrr.xml
ccshs-trec-1800343	/data/nsrr/datasets/ccshs/polysomnography/edfs/ccshs-trec-1800343.edf	/data/nsrr/datasets/ccshs/polysomnography/annotations-events-nsrr/ccshs-trec-1800343-nsrr.xml
ccshs-trec-1800346	/data/nsrr/datasets/ccshs/polysomnography/edfs/ccshs-trec-1800346.edf	/data/nsrr/datasets/ccshs/polysomnography/annotations-events-nsrr/ccshs-trec-1800346-nsrr.xml
ccshs-trec-1800350	/data/nsrr/datasets/ccshs/polysomnography/edfs/ccshs-trec-1800350.edf	/data/nsrr/datasets/ccshs/polysomnography/annotations-events-nsrr/ccshs-trec-1800350-nsrr.xml
ccshs-trec-1800353	/data/nsrr/datasets/ccshs/polysomnography/edfs/ccshs-trec-1800353.edf	/data/nsrr/datasets/ccshs/polysomnography/annotations-events-nsrr/ccshs-trec-1800353-nsrr.xml
ccshs-trec-1800354	/data/nsrr/datasets/ccshs/polysomnography/edfs/ccshs-trec-1800354.edf	/data/nsrr/datasets/ccshs/polysomnography/annotations-events-nsrr/ccshs-trec-1800354-nsrr.xml
ccshs-trec-1800355	/data/nsrr/datasets/ccshs/polysomnography/edfs/ccshs-trec-1800355.edf	/data/nsrr/datasets/ccshs/polysomnography/annotations-events-nsrr/ccshs-trec-1800355-nsrr.xml
ccshs-trec-1800356	/data/nsrr/datasets/ccshs/polysomnography/edfs/ccshs-trec-1800356.edf	/data/nsrr/datasets/ccshs/polysomnography/annotations-events-nsrr/ccshs-trec-1800356-nsrr.xml
ccshs-trec-1800358	/data/nsrr/datasets/ccshs/polysomnography/edfs/ccshs-trec-1800358.edf	/data/nsrr/datasets/ccshs/polysomnography/annotations-events-nsrr/ccshs-trec-1800358-nsrr.xml
ccshs-trec-1800359	/data/nsrr/datasets/ccshs/polysomnography/edfs/ccshs-trec-1800359.edf	/data/nsrr/datasets/ccshs/polysomnography/annotations-events-nsrr/ccshs-trec-1800359-nsrr.xml
ccshs-trec-1800360	/data/nsrr/datasets/ccshs/polysomnography/edfs/ccshs-trec-1800360.edf	/data/nsrr/datasets/ccshs/polysomnography/annotations-events-nsrr/ccshs-trec-1800360-nsrr.xml
ccshs-trec-1800361	/data/nsrr/datasets/ccshs/polysomnography/edfs/ccshs-trec-1800361.edf	/data/nsrr/datasets/ccshs/polysomnography/annotations-events-nsrr/ccshs-trec-1800361-nsrr.xml
ccshs-trec-1800363	/data/nsrr/datasets/ccshs/polysomnography/edfs/ccshs-trec-1800363.edf	/data/nsrr/datasets/ccshs/polysomnography/annotations-events-nsrr/ccshs-trec-1800363-nsrr.xml
ccshs-trec-1800364	/data/nsrr/datasets/ccshs/polysomnography/edfs/ccshs-trec-1800364.edf	/data/nsrr/datasets/ccshs/polysomnography/annotations-events-nsrr/ccshs-trec-1800364-nsrr.xml
ccshs-trec-1800365	/data/nsrr/datasets/ccshs/polysomnography/edfs/ccshs-trec-1800365.edf	/data/nsrr/datasets/ccshs/polysomnography/annotations-events-nsrr/ccshs-trec-1800365-nsrr.xml
ccshs-trec-1800366	/data/nsrr/datasets/ccshs/polysomnography/edfs/ccshs-trec-1800366.edf	/data/nsrr/datasets/ccshs/polysomnography/annotations-events-nsrr/ccshs-trec-1800366-nsrr.xml
ccshs-trec-1800367	/data/nsrr/datasets/ccshs/polysomnography/edfs/ccshs-trec-1800367.edf	/data/nsrr/datasets/ccshs/polysomnography/annotations-events-nsrr/ccshs-trec-1800367-nsrr.xml
ccshs-trec-1800368	/data/nsrr/datasets/ccshs/polysomnography/edfs/ccshs-trec-1800368.edf	/data/nsrr/datasets/ccshs/polysomnography/annotations-events-nsrr/ccshs-trec-1800368-nsrr.xml
ccshs-trec-1800370	/data/nsrr/datasets/ccshs/polysomnography/edfs/ccshs-trec-1800370.edf	/data/nsrr/datasets/ccshs/polysomnography/annotations-events-nsrr/ccshs-trec-1800370-nsrr.xml
ccshs-trec-1800373	/data/nsrr/datasets/ccshs/polysomnography/edfs/ccshs-trec-1800373.edf	/data/nsrr/datasets/ccshs/polysomnography/annotations-events-nsrr/ccshs-trec-1800373-nsrr.xml
ccshs-trec-1800375	/data/nsrr/datasets/ccshs/polysomnography/edfs/ccshs-trec-1800375.edf	/data/nsrr/datasets/ccshs/polysomnography/annotations-events-nsrr/ccshs-trec-1800375-nsrr.xml
ccshs-trec-1800376	/data/nsrr/datasets/ccshs/polysomnography/edfs/ccshs-trec-1800376.edf	/data/nsrr/datasets/ccshs/polysomnography/annotations-events-nsrr/ccshs-trec-1800376-nsrr.xml
ccshs-trec-1800377	/data/nsrr/datasets/ccshs/polysomnography/edfs/ccshs-trec-1800377.edf	/data/nsrr/datasets/ccshs/polysomnography/annotations-events-nsrr/ccshs-trec-1800377-nsrr.xml
ccshs-trec-1800378	/data/nsrr/datasets/ccshs/polysomnography/edfs/ccshs-trec-1800378.edf	/data/nsrr/datasets/ccshs/polysomnography/annotations-events-nsrr/ccshs-trec-1800378-nsrr.xml
ccshs-trec-1800379	/data/nsrr/datasets/ccshs/polysomnography/edfs/ccshs-trec-1800379.edf	/data/nsrr/datasets/ccshs/polysomnography/annotations-events-nsrr/ccshs-trec-1800379-nsrr.xml
ccshs-trec-1800380	/data/nsrr/datasets/ccshs/polysomnography/edfs/ccshs-trec-1800380.edf	/data/nsrr/datasets/ccshs/polysomnography/annotations-events-nsrr/ccshs-trec-1800380-nsrr.xml
ccshs-trec-1800382	/data/nsrr/datasets/ccshs/polysomnography/edfs/ccshs-trec-1800382.edf	/data/nsrr/datasets/ccshs/polysomnography/annotations-events-nsrr/ccshs-trec-1800382-nsrr.xml
ccshs-trec-1800384	/data/nsrr/datasets/ccshs/polysomnography/edfs/ccshs-trec-1800384.edf	/data/nsrr/datasets/ccshs/polysomnography/annotations-events-nsrr/ccshs-trec-1800384-nsrr.xml
ccshs-trec-1800385	/data/nsrr/datasets/ccshs/polysomnography/edfs/ccshs-trec-1800385.edf	/data/nsrr/datasets/ccshs/polysomnography/annotations-events-nsrr/ccshs-trec-1800385-nsrr.xml
ccshs-trec-1800386	/data/nsrr/datasets/ccshs/polysomnography/edfs/ccshs-trec-1800386.edf	/data/nsrr/datasets/ccshs/polysomnography/annotations-events-nsrr/ccshs-trec-1800386-nsrr.xml
ccshs-trec-1800389	/data/nsrr/datasets/ccshs/polysomnography/edfs/ccshs-trec-1800389.edf	/data/nsrr/datasets/ccshs/polysomnography/annotations-events-nsrr/ccshs-trec-1800389-nsrr.xml
ccshs-trec-1800391	/data/nsrr/datasets/ccshs/polysomnography/edfs/ccshs-trec-1800391.edf	/data/nsrr/datasets/ccshs/polysomnography/annotations-events-nsrr/ccshs-trec-1800391-nsrr.xml
ccshs-trec-1800393	/data/nsrr/datasets/ccshs/polysomnography/edfs/ccshs-trec-1800393.edf	/data/nsrr/datasets/ccshs/polysomnography/annotations-events-nsrr/ccshs-trec-1800393-nsrr.xml
ccshs-trec-1800394	/data/nsrr/datasets/ccshs/polysomnography/edfs/ccshs-trec-1800394.edf	/data/nsrr/datasets/ccshs/polysomnography/annotations-events-nsrr/ccshs-trec-1800394-nsrr.xml
ccshs-trec-1800396	/data/nsrr/datasets/ccshs/polysomnography/edfs/ccshs-trec-1800396.edf	/data/nsrr/datasets/ccshs/polysomnography/annotations-events-nsrr/ccshs-trec-1800396-nsrr.xml
ccshs-trec-1800399	/data/nsrr/datasets/ccshs/polysomnography/edfs/ccshs-trec-1800399.edf	/data/nsrr/datasets/ccshs/polysomnography/annotations-events-nsrr/ccshs-trec-1800399-nsrr.xml
ccshs-trec-1800403	/data/nsrr/datasets/ccshs/polysomnography/edfs/ccshs-trec-1800403.edf	/data/nsrr/datasets/ccshs/polysomnography/annotations-events-nsrr/ccshs-trec-1800403-nsrr.xml
ccshs-trec-1800407	/data/nsrr/datasets/ccshs/polysomnography/edfs/ccshs-trec-1800407.edf	/data/nsrr/datasets/ccshs/polysomnography/annotations-events-nsrr/ccshs-trec-1800407-nsrr.xml
ccshs-trec-1800410	/data/nsrr/datasets/ccshs/polysomnography/edfs/ccshs-trec-1800410.edf	/data/nsrr/datasets/ccshs/polysomnography/annotations-events-nsrr/ccshs-trec-1800410-nsrr.xml
ccshs-trec-1800411	/data/nsrr/datasets/ccshs/polysomnography/edfs/ccshs-trec-1800411.edf	/data/nsrr/datasets/ccshs/polysomnography/annotations-events-nsrr/ccshs-trec-1800411-nsrr.xml
ccshs-trec-1800414	/data/nsrr/datasets/ccshs/polysomnography/edfs/ccshs-trec-1800414.edf	/data/nsrr/datasets/ccshs/polysomnography/annotations-events-nsrr/ccshs-trec-1800414-nsrr.xml
ccshs-trec-1800415	/data/nsrr/datasets/ccshs/polysomnography/edfs/ccshs-trec-1800415.edf	/data/nsrr/datasets/ccshs/polysomnography/annotations-events-nsrr/ccshs-trec-1800415-nsrr.xml
ccshs-trec-1800416	/data/nsrr/datasets/ccshs/polysomnography/edfs/ccshs-trec-1800416.edf	/data/nsrr/datasets/ccshs/polysomnography/annotations-events-nsrr/ccshs-trec-1800416-nsrr.xml
ccshs-trec-1800419	/data/nsrr/datasets/ccshs/polysomnography/edfs/ccshs-trec-1800419.edf	/data/nsrr/datasets/ccshs/polysomnography/annotations-events-nsrr/ccshs-trec-1800419-nsrr.xml
ccshs-trec-1800425	/data/nsrr/datasets/ccshs/polysomnography/edfs/ccshs-trec-1800425.edf	/data/nsrr/datasets/ccshs/polysomnography/annotations-events-nsrr/ccshs-trec-1800425-nsrr.xml
ccshs-trec-1800426	/data/nsrr/datasets/ccshs/polysomnography/edfs/ccshs-trec-1800426.edf	/data/nsrr/datasets/ccshs/polysomnography/annotations-events-nsrr/ccshs-trec-1800426-nsrr.xml
ccshs-trec-1800428	/data/nsrr/datasets/ccshs/polysomnography/edfs/ccshs-trec-1800428.edf	/data/nsrr/datasets/ccshs/polysomnography/annotations-events-nsrr/ccshs-trec-1800428-nsrr.xml
ccshs-trec-1800429	/data/nsrr/datasets/ccshs/polysomnography/edfs/ccshs-trec-1800429.edf	/data/nsrr/datasets/ccshs/polysomnography/annotations-events-nsrr/ccshs-trec-1800429-nsrr.xml
ccshs-trec-1800430	/data/nsrr/datasets/ccshs/polysomnography/edfs/ccshs-trec-1800430.edf	/data/nsrr/datasets/ccshs/polysomnography/annotations-events-nsrr/ccshs-trec-1800430-nsrr.xml
ccshs-trec-1800431	/data/nsrr/datasets/ccshs/polysomnography/edfs/ccshs-trec-1800431.edf	/data/nsrr/datasets/ccshs/polysomnography/annotations-events-nsrr/ccshs-trec-1800431-nsrr.xml
ccshs-trec-1800432	/data/nsrr/datasets/ccshs/polysomnography/edfs/ccshs-trec-1800432.edf	/data/nsrr/datasets/ccshs/polysomnography/annotations-events-nsrr/ccshs-trec-1800432-nsrr.xml
ccshs-trec-1800433	/data/nsrr/datasets/ccshs/polysomnography/edfs/ccshs-trec-1800433.edf	/data/nsrr/datasets/ccshs/polysomnography/annotations-events-nsrr/ccshs-trec-1800433-nsrr.xml
ccshs-trec-1800434	/data/nsrr/datasets/ccshs/polysomnography/edfs/ccshs-trec-1800434.edf	/data/nsrr/datasets/ccshs/polysomnography/annotations-events-nsrr/ccshs-trec-1800434-nsrr.xml
ccshs-trec-1800435	/data/nsrr/datasets/ccshs/polysomnography/edfs/ccshs-trec-1800435.edf	/data/nsrr/datasets/ccshs/polysomnography/annotations-events-nsrr/ccshs-trec-1800435-nsrr.xml
ccshs-trec-1800436	/data/nsrr/datasets/ccshs/polysomnography/edfs/ccshs-trec-1800436.edf	/data/nsrr/datasets/ccshs/polysomnography/annotations-events-nsrr/ccshs-trec-1800436-nsrr.xml
ccshs-trec-1800438	/data/nsrr/datasets/ccshs/polysomnography/edfs/ccshs-trec-1800438.edf	/data/nsrr/datasets/ccshs/polysomnography/annotations-events-nsrr/ccshs-trec-1800438-nsrr.xml
ccshs-trec-1800439	/data/nsrr/datasets/ccshs/polysomnography/edfs/ccshs-trec-1800439.edf	/data/nsrr/datasets/ccshs/polysomnography/annotations-events-nsrr/ccshs-trec-1800439-nsrr.xml
ccshs-trec-1800444	/data/nsrr/datasets/ccshs/polysomnography/edfs/ccshs-trec-1800444.edf	/data/nsrr/datasets/ccshs/polysomnography/annotations-events-nsrr/ccshs-trec-1800444-nsrr.xml
ccshs-trec-1800447	/data/nsrr/datasets/ccshs/polysomnography/edfs/ccshs-trec-1800447.edf	/data/nsrr/datasets/ccshs/polysomnography/annotations-events-nsrr/ccshs-trec-1800447-nsrr.xml
ccshs-trec-1800448	/data/nsrr/datasets/ccshs/polysomnography/edfs/ccshs-trec-1800448.edf	/data/nsrr/datasets/ccshs/polysomnography/annotations-events-nsrr/ccshs-trec-1800448-nsrr.xml
ccshs-trec-1800449	/data/nsrr/datasets/ccshs/polysomnography/edfs/ccshs-trec-1800449.edf	/data/nsrr/datasets/ccshs/polysomnography/annotations-events-nsrr/ccshs-trec-1800449-nsrr.xml
ccshs-trec-1800451	/data/nsrr/datasets/ccshs/polysomnography/edfs/ccshs-trec-1800451.edf	/data/nsrr/datasets/ccshs/polysomnography/annotations-events-nsrr/ccshs-trec-1800451-nsrr.xml
ccshs-trec-1800452	/data/nsrr/datasets/ccshs/polysomnography/edfs/ccshs-trec-1800452.edf	/data/nsrr/datasets/ccshs/polysomnography/annotations-events-nsrr/ccshs-trec-1800452-nsrr.xml
ccshs-trec-1800453	/data/nsrr/datasets/ccshs/polysomnography/edfs/ccshs-trec-1800453.edf	/data/nsrr/datasets/ccshs/polysomnography/annotations-events-nsrr/ccshs-trec-1800453-nsrr.xml
ccshs-trec-1800454	/data/nsrr/datasets/ccshs/polysomnography/edfs/ccshs-trec-1800454.edf	/data/nsrr/datasets/ccshs/polysomnography/annotations-events-nsrr/ccshs-trec-1800454-nsrr.xml
ccshs-trec-1800456	/data/nsrr/datasets/ccshs/polysomnography/edfs/ccshs-trec-1800456.edf	/data/nsrr/datasets/ccshs/polysomnography/annotations-events-nsrr/ccshs-trec-1800456-nsrr.xml
ccshs-trec-1800457	/data/nsrr/datasets/ccshs/polysomnography/edfs/ccshs-trec-1800457.edf	/data/nsrr/datasets/ccshs/polysomnography/annotations-events-nsrr/ccshs-trec-1800457-nsrr.xml
ccshs-trec-1800458	/data/nsrr/datasets/ccshs/polysomnography/edfs/ccshs-trec-1800458.edf	/data/nsrr/datasets/ccshs/polysomnography/annotations-events-nsrr/ccshs-trec-1800458-nsrr.xml
ccshs-trec-1800459	/data/nsrr/datasets/ccshs/polysomnography/edfs/ccshs-trec-1800459.edf	/data/nsrr/datasets/ccshs/polysomnography/annotations-events-nsrr/ccshs-trec-1800459-nsrr.xml
ccshs-trec-1800460	/data/nsrr/datasets/ccshs/polysomnography/edfs/ccshs-trec-1800460.edf	/data/nsrr/datasets/ccshs/polysomnography/annotations-events-nsrr/ccshs-trec-1800460-nsrr.xml
ccshs-trec-1800464	/data/nsrr/datasets/ccshs/polysomnography/edfs/ccshs-trec-1800464.edf	/data/nsrr/datasets/ccshs/polysomnography/annotations-events-nsrr/ccshs-trec-1800464-nsrr.xml
ccshs-trec-1800466	/data/nsrr/datasets/ccshs/polysomnography/edfs/ccshs-trec-1800466.edf	/data/nsrr/datasets/ccshs/polysomnography/annotations-events-nsrr/ccshs-trec-1800466-nsrr.xml
ccshs-trec-1800467	/data/nsrr/datasets/ccshs/polysomnography/edfs/ccshs-trec-1800467.edf	/data/nsrr/datasets/ccshs/polysomnography/annotations-events-nsrr/ccshs-trec-1800467-nsrr.xml
ccshs-trec-1800468	/data/nsrr/datasets/ccshs/polysomnography/edfs/ccshs-trec-1800468.edf	/data/nsrr/datasets/ccshs/polysomnography/annotations-events-nsrr/ccshs-trec-1800468-nsrr.xml
ccshs-trec-1800470	/data/nsrr/datasets/ccshs/polysomnography/edfs/ccshs-trec-1800470.edf	/data/nsrr/datasets/ccshs/polysomnography/annotations-events-nsrr/ccshs-trec-1800470-nsrr.xml
ccshs-trec-1800471	/data/nsrr/datasets/ccshs/polysomnography/edfs/ccshs-trec-1800471.edf	/data/nsrr/datasets/ccshs/polysomnography/annotations-events-nsrr/ccshs-trec-1800471-nsrr.xml
ccshs-trec-1800473	/data/nsrr/datasets/ccshs/polysomnography/edfs/ccshs-trec-1800473.edf	/data/nsrr/datasets/ccshs/polysomnography/annotations-events-nsrr/ccshs-trec-1800473-nsrr.xml
ccshs-trec-1800475	/data/nsrr/datasets/ccshs/polysomnography/edfs/ccshs-trec-1800475.edf	/data/nsrr/datasets/ccshs/polysomnography/annotations-events-nsrr/ccshs-trec-1800475-nsrr.xml
ccshs-trec-1800477	/data/nsrr/datasets/ccshs/polysomnography/edfs/ccshs-trec-1800477.edf	/data/nsrr/datasets/ccshs/polysomnography/annotations-events-nsrr/ccshs-trec-1800477-nsrr.xml
ccshs-trec-1800479	/data/nsrr/datasets/ccshs/polysomnography/edfs/ccshs-trec-1800479.edf	/data/nsrr/datasets/ccshs/polysomnography/annotations-events-nsrr/ccshs-trec-1800479-nsrr.xml
ccshs-trec-1800481	/data/nsrr/datasets/ccshs/polysomnography/edfs/ccshs-trec-1800481.edf	/data/nsrr/datasets/ccshs/polysomnography/annotations-events-nsrr/ccshs-trec-1800481-nsrr.xml
ccshs-trec-1800483	/data/nsrr/datasets/ccshs/polysomnography/edfs/ccshs-trec-1800483.edf	/data/nsrr/datasets/ccshs/polysomnography/annotations-events-nsrr/ccshs-trec-1800483-nsrr.xml
ccshs-trec-1800485	/data/nsrr/datasets/ccshs/polysomnography/edfs/ccshs-trec-1800485.edf	/data/nsrr/datasets/ccshs/polysomnography/annotations-events-nsrr/ccshs-trec-1800485-nsrr.xml
ccshs-trec-1800487	/data/nsrr/datasets/ccshs/polysomnography/edfs/ccshs-trec-1800487.edf	/data/nsrr/datasets/ccshs/polysomnography/annotations-events-nsrr/ccshs-trec-1800487-nsrr.xml
ccshs-trec-1800489	/data/nsrr/datasets/ccshs/polysomnography/edfs/ccshs-trec-1800489.edf	/data/nsrr/datasets/ccshs/polysomnography/annotations-events-nsrr/ccshs-trec-1800489-nsrr.xml
ccshs-trec-1800490	/data/nsrr/datasets/ccshs/polysomnography/edfs/ccshs-trec-1800490.edf	/data/nsrr/datasets/ccshs/polysomnography/annotations-events-nsrr/ccshs-trec-1800490-nsrr.xml
ccshs-trec-1800491	/data/nsrr/datasets/ccshs/polysomnography/edfs/ccshs-trec-1800491.edf	/data/nsrr/datasets/ccshs/polysomnography/annotations-events-nsrr/ccshs-trec-1800491-nsrr.xml
ccshs-trec-1800493	/data/nsrr/datasets/ccshs/polysomnography/edfs/ccshs-trec-1800493.edf	/data/nsrr/datasets/ccshs/polysomnography/annotations-events-nsrr/ccshs-trec-1800493-nsrr.xml
ccshs-trec-1800494	/data/nsrr/datasets/ccshs/polysomnography/edfs/ccshs-trec-1800494.edf	/data/nsrr/datasets/ccshs/polysomnography/annotations-events-nsrr/ccshs-trec-1800494-nsrr.xml
ccshs-trec-1800497	/data/nsrr/datasets/ccshs/polysomnography/edfs/ccshs-trec-1800497.edf	/data/nsrr/datasets/ccshs/polysomnography/annotations-events-nsrr/ccshs-trec-1800497-nsrr.xml
ccshs-trec-1800500	/data/nsrr/datasets/ccshs/polysomnography/edfs/ccshs-trec-1800500.edf	/data/nsrr/datasets/ccshs/polysomnography/annotations-events-nsrr/ccshs-trec-1800500-nsrr.xml
ccshs-trec-1800502	/data/nsrr/datasets/ccshs/polysomnography/edfs/ccshs-trec-1800502.edf	/data/nsrr/datasets/ccshs/polysomnography/annotations-events-nsrr/ccshs-trec-1800502-nsrr.xml
ccshs-trec-1800506	/data/nsrr/datasets/ccshs/polysomnography/edfs/ccshs-trec-1800506.edf	/data/nsrr/datasets/ccshs/polysomnography/annotations-events-nsrr/ccshs-trec-1800506-nsrr.xml
ccshs-trec-1800507	/data/nsrr/datasets/ccshs/polysomnography/edfs/ccshs-trec-1800507.edf	/data/nsrr/datasets/ccshs/polysomnography/annotations-events-nsrr/ccshs-trec-1800507-nsrr.xml
ccshs-trec-1800509	/data/nsrr/datasets/ccshs/polysomnography/edfs/ccshs-trec-1800509.edf	/data/nsrr/datasets/ccshs/polysomnography/annotations-events-nsrr/ccshs-trec-1800509-nsrr.xml
ccshs-trec-1800512	/data/nsrr/datasets/ccshs/polysomnography/edfs/ccshs-trec-1800512.edf	/data/nsrr/datasets/ccshs/polysomnography/annotations-events-nsrr/ccshs-trec-1800512-nsrr.xml
ccshs-trec-1800515	/data/nsrr/datasets/ccshs/polysomnography/edfs/ccshs-trec-1800515.edf	/data/nsrr/datasets/ccshs/polysomnography/annotations-events-nsrr/ccshs-trec-1800515-nsrr.xml
ccshs-trec-1800520	/data/nsrr/datasets/ccshs/polysomnography/edfs/ccshs-trec-1800520.edf	/data/nsrr/datasets/ccshs/polysomnography/annotations-events-nsrr/ccshs-trec-1800520-nsrr.xml
ccshs-trec-1800521	/data/nsrr/datasets/ccshs/polysomnography/edfs/ccshs-trec-1800521.edf	/data/nsrr/datasets/ccshs/polysomnography/annotations-events-nsrr/ccshs-trec-1800521-nsrr.xml
ccshs-trec-1800523	/data/nsrr/datasets/ccshs/polysomnography/edfs/ccshs-trec-1800523.edf	/data/nsrr/datasets/ccshs/polysomnography/annotations-events-nsrr/ccshs-trec-1800523-nsrr.xml
ccshs-trec-1800527	/data/nsrr/datasets/ccshs/polysomnography/edfs/ccshs-trec-1800527.edf	/data/nsrr/datasets/ccshs/polysomnography/annotations-events-nsrr/ccshs-trec-1800527-nsrr.xml
ccshs-trec-1800528	/data/nsrr/datasets/ccshs/polysomnography/edfs/ccshs-trec-1800528.edf	/data/nsrr/datasets/ccshs/polysomnography/annotations-events-nsrr/ccshs-trec-1800528-nsrr.xml
ccshs-trec-1800529	/data/nsrr/datasets/ccshs/polysomnography/edfs/ccshs-trec-1800529.edf	/data/nsrr/datasets/ccshs/polysomnography/annotations-events-nsrr/ccshs-trec-1800529-nsrr.xml
ccshs-trec-1800530	/data/nsrr/datasets/ccshs/polysomnography/edfs/ccshs-trec-1800530.edf	/data/nsrr/datasets/ccshs/polysomnography/annotations-events-nsrr/ccshs-trec-1800530-nsrr.xml
ccshs-trec-1800531	/data/nsrr/datasets/ccshs/polysomnography/edfs/ccshs-trec-1800531.edf	/data/nsrr/datasets/ccshs/polysomnography/annotations-events-nsrr/ccshs-trec-1800531-nsrr.xml
ccshs-trec-1800533	/data/nsrr/datasets/ccshs/polysomnography/edfs/ccshs-trec-1800533.edf	/data/nsrr/datasets/ccshs/polysomnography/annotations-events-nsrr/ccshs-trec-1800533-nsrr.xml
ccshs-trec-1800537	/data/nsrr/datasets/ccshs/polysomnography/edfs/ccshs-trec-1800537.edf	/data/nsrr/datasets/ccshs/polysomnography/annotations-events-nsrr/ccshs-trec-1800537-nsrr.xml
ccshs-trec-1800540	/data/nsrr/datasets/ccshs/polysomnography/edfs/ccshs-trec-1800540.edf	/data/nsrr/datasets/ccshs/polysomnography/annotations-events-nsrr/ccshs-trec-1800540-nsrr.xml
ccshs-trec-1800541	/data/nsrr/datasets/ccshs/polysomnography/edfs/ccshs-trec-1800541.edf	/data/nsrr/datasets/ccshs/polysomnography/annotations-events-nsrr/ccshs-trec-1800541-nsrr.xml
ccshs-trec-1800542	/data/nsrr/datasets/ccshs/polysomnography/edfs/ccshs-trec-1800542.edf	/data/nsrr/datasets/ccshs/polysomnography/annotations-events-nsrr/ccshs-trec-1800542-nsrr.xml
ccshs-trec-1800543	/data/nsrr/datasets/ccshs/polysomnography/edfs/ccshs-trec-1800543.edf	/data/nsrr/datasets/ccshs/polysomnography/annotations-events-nsrr/ccshs-trec-1800543-nsrr.xml
ccshs-trec-1800544	/data/nsrr/datasets/ccshs/polysomnography/edfs/ccshs-trec-1800544.edf	/data/nsrr/datasets/ccshs/polysomnography/annotations-events-nsrr/ccshs-trec-1800544-nsrr.xml
ccshs-trec-1800548	/data/nsrr/datasets/ccshs/polysomnography/edfs/ccshs-trec-1800548.edf	/data/nsrr/datasets/ccshs/polysomnography/annotations-events-nsrr/ccshs-trec-1800548-nsrr.xml
ccshs-trec-1800549	/data/nsrr/datasets/ccshs/polysomnography/edfs/ccshs-trec-1800549.edf	/data/nsrr/datasets/ccshs/polysomnography/annotations-events-nsrr/ccshs-trec-1800549-nsrr.xml
ccshs-trec-1800551	/data/nsrr/datasets/ccshs/polysomnography/edfs/ccshs-trec-1800551.edf	/data/nsrr/datasets/ccshs/polysomnography/annotations-events-nsrr/ccshs-trec-1800551-nsrr.xml
ccshs-trec-1800552	/data/nsrr/datasets/ccshs/polysomnography/edfs/ccshs-trec-1800552.edf	/data/nsrr/datasets/ccshs/polysomnography/annotations-events-nsrr/ccshs-trec-1800552-nsrr.xml
ccshs-trec-1800553	/data/nsrr/datasets/ccshs/polysomnography/edfs/ccshs-trec-1800553.edf	/data/nsrr/datasets/ccshs/polysomnography/annotations-events-nsrr/ccshs-trec-1800553-nsrr.xml
ccshs-trec-1800554	/data/nsrr/datasets/ccshs/polysomnography/edfs/ccshs-trec-1800554.edf	/data/nsrr/datasets/ccshs/polysomnography/annotations-events-nsrr/ccshs-trec-1800554-nsrr.xml
ccshs-trec-1800557	/data/nsrr/datasets/ccshs/polysomnography/edfs/ccshs-trec-1800557.edf	/data/nsrr/datasets/ccshs/polysomnography/annotations-events-nsrr/ccshs-trec-1800557-nsrr.xml
ccshs-trec-1800558	/data/nsrr/datasets/ccshs/polysomnography/edfs/ccshs-trec-1800558.edf	/data/nsrr/datasets/ccshs/polysomnography/annotations-events-nsrr/ccshs-trec-1800558-nsrr.xml
ccshs-trec-1800559	/data/nsrr/datasets/ccshs/polysomnography/edfs/ccshs-trec-1800559.edf	/data/nsrr/datasets/ccshs/polysomnography/annotations-events-nsrr/ccshs-trec-1800559-nsrr.xml
ccshs-trec-1800560	/data/nsrr/datasets/ccshs/polysomnography/edfs/ccshs-trec-1800560.edf	/data/nsrr/datasets/ccshs/polysomnography/annotations-events-nsrr/ccshs-trec-1800560-nsrr.xml
ccshs-trec-1800561	/data/nsrr/datasets/ccshs/polysomnography/edfs/ccshs-trec-1800561.edf	/data/nsrr/datasets/ccshs/polysomnography/annotations-events-nsrr/ccshs-trec-1800561-nsrr.xml
ccshs-trec-1800564	/data/nsrr/datasets/ccshs/polysomnography/edfs/ccshs-trec-1800564.edf	/data/nsrr/datasets/ccshs/polysomnography/annotations-events-nsrr/ccshs-trec-1800564-nsrr.xml
ccshs-trec-1800565	/data/nsrr/datasets/ccshs/polysomnography/edfs/ccshs-trec-1800565.edf	/data/nsrr/datasets/ccshs/polysomnography/annotations-events-nsrr/ccshs-trec-1800565-nsrr.xml
ccshs-trec-1800566	/data/nsrr/datasets/ccshs/polysomnography/edfs/ccshs-trec-1800566.edf	/data/nsrr/datasets/ccshs/polysomnography/annotations-events-nsrr/ccshs-trec-1800566-nsrr.xml
ccshs-trec-1800567	/data/nsrr/datasets/ccshs/polysomnography/edfs/ccshs-trec-1800567.edf	/data/nsrr/datasets/ccshs/polysomnography/annotations-events-nsrr/ccshs-trec-1800567-nsrr.xml
ccshs-trec-1800568	/data/nsrr/datasets/ccshs/polysomnography/edfs/ccshs-trec-1800568.edf	/data/nsrr/datasets/ccshs/polysomnography/annotations-events-nsrr/ccshs-trec-1800568-nsrr.xml
ccshs-trec-1800570	/data/nsrr/datasets/ccshs/polysomnography/edfs/ccshs-trec-1800570.edf	/data/nsrr/datasets/ccshs/polysomnography/annotations-events-nsrr/ccshs-trec-1800570-nsrr.xml
ccshs-trec-1800572	/data/nsrr/datasets/ccshs/polysomnography/edfs/ccshs-trec-1800572.edf	/data/nsrr/datasets/ccshs/polysomnography/annotations-events-nsrr/ccshs-trec-1800572-nsrr.xml
ccshs-trec-1800574	/data/nsrr/datasets/ccshs/polysomnography/edfs/ccshs-trec-1800574.edf	/data/nsrr/datasets/ccshs/polysomnography/annotations-events-nsrr/ccshs-trec-1800574-nsrr.xml
ccshs-trec-1800575	/data/nsrr/datasets/ccshs/polysomnography/edfs/ccshs-trec-1800575.edf	/data/nsrr/datasets/ccshs/polysomnography/annotations-events-nsrr/ccshs-trec-1800575-nsrr.xml
ccshs-trec-1800576	/data/nsrr/datasets/ccshs/polysomnography/edfs/ccshs-trec-1800576.edf	/data/nsrr/datasets/ccshs/polysomnography/annotations-events-nsrr/ccshs-trec-1800576-nsrr.xml
ccshs-trec-1800578	/data/nsrr/datasets/ccshs/polysomnography/edfs/ccshs-trec-1800578.edf	/data/nsrr/datasets/ccshs/polysomnography/annotations-events-nsrr/ccshs-trec-1800578-nsrr.xml
ccshs-trec-1800579	/data/nsrr/datasets/ccshs/polysomnography/edfs/ccshs-trec-1800579.edf	/data/nsrr/datasets/ccshs/polysomnography/annotations-events-nsrr/ccshs-trec-1800579-nsrr.xml
ccshs-trec-1800582	/data/nsrr/datasets/ccshs/polysomnography/edfs/ccshs-trec-1800582.edf	/data/nsrr/datasets/ccshs/polysomnography/annotations-events-nsrr/ccshs-trec-1800582-nsrr.xml
ccshs-trec-1800583	/data/nsrr/datasets/ccshs/polysomnography/edfs/ccshs-trec-1800583.edf	/data/nsrr/datasets/ccshs/polysomnography/annotations-events-nsrr/ccshs-trec-1800583-nsrr.xml
ccshs-trec-1800587	/data/nsrr/datasets/ccshs/polysomnography/edfs/ccshs-trec-1800587.edf	/data/nsrr/datasets/ccshs/polysomnography/annotations-events-nsrr/ccshs-trec-1800587-nsrr.xml
ccshs-trec-1800589	/data/nsrr/datasets/ccshs/polysomnography/edfs/ccshs-trec-1800589.edf	/data/nsrr/datasets/ccshs/polysomnography/annotations-events-nsrr/ccshs-trec-1800589-nsrr.xml
ccshs-trec-1800595	/data/nsrr/datasets/ccshs/polysomnography/edfs/ccshs-trec-1800595.edf	/data/nsrr/datasets/ccshs/polysomnography/annotations-events-nsrr/ccshs-trec-1800595-nsrr.xml
ccshs-trec-1800596	/data/nsrr/datasets/ccshs/polysomnography/edfs/ccshs-trec-1800596.edf	/data/nsrr/datasets/ccshs/polysomnography/annotations-events-nsrr/ccshs-trec-1800596-nsrr.xml
ccshs-trec-1800602	/data/nsrr/datasets/ccshs/polysomnography/edfs/ccshs-trec-1800602.edf	/data/nsrr/datasets/ccshs/polysomnography/annotations-events-nsrr/ccshs-trec-1800602-nsrr.xml
ccshs-trec-1800603	/data/nsrr/datasets/ccshs/polysomnography/edfs/ccshs-trec-1800603.edf	/data/nsrr/datasets/ccshs/polysomnography/annotations-events-nsrr/ccshs-trec-1800603-nsrr.xml
ccshs-trec-1800604	/data/nsrr/datasets/ccshs/polysomnography/edfs/ccshs-trec-1800604.edf	/data/nsrr/datasets/ccshs/polysomnography/annotations-events-nsrr/ccshs-trec-1800604-nsrr.xml
ccshs-trec-1800608	/data/nsrr/datasets/ccshs/polysomnography/edfs/ccshs-trec-1800608.edf	/data/nsrr/datasets/ccshs/polysomnography/annotations-events-nsrr/ccshs-trec-1800608-nsrr.xml
ccshs-trec-1800609	/data/nsrr/datasets/ccshs/polysomnography/edfs/ccshs-trec-1800609.edf	/data/nsrr/datasets/ccshs/polysomnography/annotations-events-nsrr/ccshs-trec-1800609-nsrr.xml
ccshs-trec-1800610	/data/nsrr/datasets/ccshs/polysomnography/edfs/ccshs-trec-1800610.edf	/data/nsrr/datasets/ccshs/polysomnography/annotations-events-nsrr/ccshs-trec-1800610-nsrr.xml
ccshs-trec-1800613	/data/nsrr/datasets/ccshs/polysomnography/edfs/ccshs-trec-1800613.edf	/data/nsrr/datasets/ccshs/polysomnography/annotations-events-nsrr/ccshs-trec-1800613-nsrr.xml
ccshs-trec-1800616	/data/nsrr/datasets/ccshs/polysomnography/edfs/ccshs-trec-1800616.edf	/data/nsrr/datasets/ccshs/polysomnography/annotations-events-nsrr/ccshs-trec-1800616-nsrr.xml
ccshs-trec-1800617	/data/nsrr/datasets/ccshs/polysomnography/edfs/ccshs-trec-1800617.edf	/data/nsrr/datasets/ccshs/polysomnography/annotations-events-nsrr/ccshs-trec-1800617-nsrr.xml
ccshs-trec-1800619	/data/nsrr/datasets/ccshs/polysomnography/edfs/ccshs-trec-1800619.edf	/data/nsrr/datasets/ccshs/polysomnography/annotations-events-nsrr/ccshs-trec-1800619-nsrr.xml
ccshs-trec-1800620	/data/nsrr/datasets/ccshs/polysomnography/edfs/ccshs-trec-1800620.edf	/data/nsrr/datasets/ccshs/polysomnography/annotations-events-nsrr/ccshs-trec-1800620-nsrr.xml
ccshs-trec-1800621	/data/nsrr/datasets/ccshs/polysomnography/edfs/ccshs-trec-1800621.edf	/data/nsrr/datasets/ccshs/polysomnography/annotations-events-nsrr/ccshs-trec-1800621-nsrr.xml
ccshs-trec-1800624	/data/nsrr/datasets/ccshs/polysomnography/edfs/ccshs-trec-1800624.edf	/data/nsrr/datasets/ccshs/polysomnography/annotations-events-nsrr/ccshs-trec-1800624-nsrr.xml
ccshs-trec-1800625	/data/nsrr/datasets/ccshs/polysomnography/edfs/ccshs-trec-1800625.edf	/data/nsrr/datasets/ccshs/polysomnography/annotations-events-nsrr/ccshs-trec-1800625-nsrr.xml
ccshs-trec-1800628	/data/nsrr/datasets/ccshs/polysomnography/edfs/ccshs-trec-1800628.edf	/data/nsrr/datasets/ccshs/polysomnography/annotations-events-nsrr/ccshs-trec-1800628-nsrr.xml
ccshs-trec-1800630	/data/nsrr/datasets/ccshs/polysomnography/edfs/ccshs-trec-1800630.edf	/data/nsrr/datasets/ccshs/polysomnography/annotations-events-nsrr/ccshs-trec-1800630-nsrr.xml
ccshs-trec-1800632	/data/nsrr/datasets/ccshs/polysomnography/edfs/ccshs-trec-1800632.edf	/data/nsrr/datasets/ccshs/polysomnography/annotations-events-nsrr/ccshs-trec-1800632-nsrr.xml
ccshs-trec-1800633	/data/nsrr/datasets/ccshs/polysomnography/edfs/ccshs-trec-1800633.edf	/data/nsrr/datasets/ccshs/polysomnography/annotations-events-nsrr/ccshs-trec-1800633-nsrr.xml
ccshs-trec-1800634	/data/nsrr/datasets/ccshs/polysomnography/edfs/ccshs-trec-1800634.edf	/data/nsrr/datasets/ccshs/polysomnography/annotations-events-nsrr/ccshs-trec-1800634-nsrr.xml
ccshs-trec-1800635	/data/nsrr/datasets/ccshs/polysomnography/edfs/ccshs-trec-1800635.edf	/data/nsrr/datasets/ccshs/polysomnography/annotations-events-nsrr/ccshs-trec-1800635-nsrr.xml
ccshs-trec-1800637	/data/nsrr/datasets/ccshs/polysomnography/edfs/ccshs-trec-1800637.edf	/data/nsrr/datasets/ccshs/polysomnography/annotations-events-nsrr/ccshs-trec-1800637-nsrr.xml
ccshs-trec-1800640	/data/nsrr/datasets/ccshs/polysomnography/edfs/ccshs-trec-1800640.edf	/data/nsrr/datasets/ccshs/polysomnography/annotations-events-nsrr/ccshs-trec-1800640-nsrr.xml
ccshs-trec-1800642	/data/nsrr/datasets/ccshs/polysomnography/edfs/ccshs-trec-1800642.edf	/data/nsrr/datasets/ccshs/polysomnography/annotations-events-nsrr/ccshs-trec-1800642-nsrr.xml
ccshs-trec-1800643	/data/nsrr/datasets/ccshs/polysomnography/edfs/ccshs-trec-1800643.edf	/data/nsrr/datasets/ccshs/polysomnography/annotations-events-nsrr/ccshs-trec-1800643-nsrr.xml
ccshs-trec-1800649	/data/nsrr/datasets/ccshs/polysomnography/edfs/ccshs-trec-1800649.edf	/data/nsrr/datasets/ccshs/polysomnography/annotations-events-nsrr/ccshs-trec-1800649-nsrr.xml
ccshs-trec-1800650	/data/nsrr/datasets/ccshs/polysomnography/edfs/ccshs-trec-1800650.edf	/data/nsrr/datasets/ccshs/polysomnography/annotations-events-nsrr/ccshs-trec-1800650-nsrr.xml
ccshs-trec-1800651	/data/nsrr/datasets/ccshs/polysomnography/edfs/ccshs-trec-1800651.edf	/data/nsrr/datasets/ccshs/polysomnography/annotations-events-nsrr/ccshs-trec-1800651-nsrr.xml
ccshs-trec-1800654	/data/nsrr/datasets/ccshs/polysomnography/edfs/ccshs-trec-1800654.edf	/data/nsrr/datasets/ccshs/polysomnography/annotations-events-nsrr/ccshs-trec-1800654-nsrr.xml
ccshs-trec-1800655	/data/nsrr/datasets/ccshs/polysomnography/edfs/ccshs-trec-1800655.edf	/data/nsrr/datasets/ccshs/polysomnography/annotations-events-nsrr/ccshs-trec-1800655-nsrr.xml
ccshs-trec-1800656	/data/nsrr/datasets/ccshs/polysomnography/edfs/ccshs-trec-1800656.edf	/data/nsrr/datasets/ccshs/polysomnography/annotations-events-nsrr/ccshs-trec-1800656-nsrr.xml
ccshs-trec-1800658	/data/nsrr/datasets/ccshs/polysomnography/edfs/ccshs-trec-1800658.edf	/data/nsrr/datasets/ccshs/polysomnography/annotations-events-nsrr/ccshs-trec-1800658-nsrr.xml
ccshs-trec-1800659	/data/nsrr/datasets/ccshs/polysomnography/edfs/ccshs-trec-1800659.edf	/data/nsrr/datasets/ccshs/polysomnography/annotations-events-nsrr/ccshs-trec-1800659-nsrr.xml
ccshs-trec-1800661	/data/nsrr/datasets/ccshs/polysomnography/edfs/ccshs-trec-1800661.edf	/data/nsrr/datasets/ccshs/polysomnography/annotations-events-nsrr/ccshs-trec-1800661-nsrr.xml
ccshs-trec-1800662	/data/nsrr/datasets/ccshs/polysomnography/edfs/ccshs-trec-1800662.edf	/data/nsrr/datasets/ccshs/polysomnography/annotations-events-nsrr/ccshs-trec-1800662-nsrr.xml
ccshs-trec-1800663	/data/nsrr/datasets/ccshs/polysomnography/edfs/ccshs-trec-1800663.edf	/data/nsrr/datasets/ccshs/polysomnography/annotations-events-nsrr/ccshs-trec-1800663-nsrr.xml
ccshs-trec-1800664	/data/nsrr/datasets/ccshs/polysomnography/edfs/ccshs-trec-1800664.edf	/data/nsrr/datasets/ccshs/polysomnography/annotations-events-nsrr/ccshs-trec-1800664-nsrr.xml
ccshs-trec-1800665	/data/nsrr/datasets/ccshs/polysomnography/edfs/ccshs-trec-1800665.edf	/data/nsrr/datasets/ccshs/polysomnography/annotations-events-nsrr/ccshs-trec-1800665-nsrr.xml
ccshs-trec-1800668	/data/nsrr/datasets/ccshs/polysomnography/edfs/ccshs-trec-1800668.edf	/data/nsrr/datasets/ccshs/polysomnography/annotations-events-nsrr/ccshs-trec-1800668-nsrr.xml
ccshs-trec-1800670	/data/nsrr/datasets/ccshs/polysomnography/edfs/ccshs-trec-1800670.edf	/data/nsrr/datasets/ccshs/polysomnography/annotations-events-nsrr/ccshs-trec-1800670-nsrr.xml
ccshs-trec-1800673	/data/nsrr/datasets/ccshs/polysomnography/edfs/ccshs-trec-1800673.edf	/data/nsrr/datasets/ccshs/polysomnography/annotations-events-nsrr/ccshs-trec-1800673-nsrr.xml
ccshs-trec-1800674	/data/nsrr/datasets/ccshs/polysomnography/edfs/ccshs-trec-1800674.edf	/data/nsrr/datasets/ccshs/polysomnography/annotations-events-nsrr/ccshs-trec-1800674-nsrr.xml
ccshs-trec-1800676	/data/nsrr/datasets/ccshs/polysomnography/edfs/ccshs-trec-1800676.edf	/data/nsrr/datasets/ccshs/polysomnography/annotations-events-nsrr/ccshs-trec-1800676-nsrr.xml
ccshs-trec-1800677	/data/nsrr/datasets/ccshs/polysomnography/edfs/ccshs-trec-1800677.edf	/data/nsrr/datasets/ccshs/polysomnography/annotations-events-nsrr/ccshs-trec-1800677-nsrr.xml
ccshs-trec-1800679	/data/nsrr/datasets/ccshs/polysomnography/edfs/ccshs-trec-1800679.edf	/data/nsrr/datasets/ccshs/polysomnography/annotations-events-nsrr/ccshs-trec-1800679-nsrr.xml
ccshs-trec-1800682	/data/nsrr/datasets/ccshs/polysomnography/edfs/ccshs-trec-1800682.edf	/data/nsrr/datasets/ccshs/polysomnography/annotations-events-nsrr/ccshs-trec-1800682-nsrr.xml
ccshs-trec-1800683	/data/nsrr/datasets/ccshs/polysomnography/edfs/ccshs-trec-1800683.edf	/data/nsrr/datasets/ccshs/polysomnography/annotations-events-nsrr/ccshs-trec-1800683-nsrr.xml
ccshs-trec-1800684	/data/nsrr/datasets/ccshs/polysomnography/edfs/ccshs-trec-1800684.edf	/data/nsrr/datasets/ccshs/polysomnography/annotations-events-nsrr/ccshs-trec-1800684-nsrr.xml
ccshs-trec-1800685	/data/nsrr/datasets/ccshs/polysomnography/edfs/ccshs-trec-1800685.edf	/data/nsrr/datasets/ccshs/polysomnography/annotations-events-nsrr/ccshs-trec-1800685-nsrr.xml
ccshs-trec-1800686	/data/nsrr/datasets/ccshs/polysomnography/edfs/ccshs-trec-1800686.edf	/data/nsrr/datasets/ccshs/polysomnography/annotations-events-nsrr/ccshs-trec-1800686-nsrr.xml
ccshs-trec-1800687	/data/nsrr/datasets/ccshs/polysomnography/edfs/ccshs-trec-1800687.edf	/data/nsrr/datasets/ccshs/polysomnography/annotations-events-nsrr/ccshs-trec-1800687-nsrr.xml
ccshs-trec-1800688	/data/nsrr/datasets/ccshs/polysomnography/edfs/ccshs-trec-1800688.edf	/data/nsrr/datasets/ccshs/polysomnography/annotations-events-nsrr/ccshs-trec-1800688-nsrr.xml
ccshs-trec-1800689	/data/nsrr/datasets/ccshs/polysomnography/edfs/ccshs-trec-1800689.edf	/data/nsrr/datasets/ccshs/polysomnography/annotations-events-nsrr/ccshs-trec-1800689-nsrr.xml
ccshs-trec-1800690	/data/nsrr/datasets/ccshs/polysomnography/edfs/ccshs-trec-1800690.edf	/data/nsrr/datasets/ccshs/polysomnography/annotations-events-nsrr/ccshs-trec-1800690-nsrr.xml
ccshs-trec-1800692	/data/nsrr/datasets/ccshs/polysomnography/edfs/ccshs-trec-1800692.edf	/data/nsrr/datasets/ccshs/polysomnography/annotations-events-nsrr/ccshs-trec-1800692-nsrr.xml
ccshs-trec-1800693	/data/nsrr/datasets/ccshs/polysomnography/edfs/ccshs-trec-1800693.edf	/data/nsrr/datasets/ccshs/polysomnography/annotations-events-nsrr/ccshs-trec-1800693-nsrr.xml
ccshs-trec-1800694	/data/nsrr/datasets/ccshs/polysomnography/edfs/ccshs-trec-1800694.edf	/data/nsrr/datasets/ccshs/polysomnography/annotations-events-nsrr/ccshs-trec-1800694-nsrr.xml
ccshs-trec-1800697	/data/nsrr/datasets/ccshs/polysomnography/edfs/ccshs-trec-1800697.edf	/data/nsrr/datasets/ccshs/polysomnography/annotations-events-nsrr/ccshs-trec-1800697-nsrr.xml
ccshs-trec-1800698	/data/nsrr/datasets/ccshs/polysomnography/edfs/ccshs-trec-1800698.edf	/data/nsrr/datasets/ccshs/polysomnography/annotations-events-nsrr/ccshs-trec-1800698-nsrr.xml
ccshs-trec-1800703	/data/nsrr/datasets/ccshs/polysomnography/edfs/ccshs-trec-1800703.edf	/data/nsrr/datasets/ccshs/polysomnography/annotations-events-nsrr/ccshs-trec-1800703-nsrr.xml
ccshs-trec-1800705	/data/nsrr/datasets/ccshs/polysomnography/edfs/ccshs-trec-1800705.edf	/data/nsrr/datasets/ccshs/polysomnography/annotations-events-nsrr/ccshs-trec-1800705-nsrr.xml
ccshs-trec-1800707	/data/nsrr/datasets/ccshs/polysomnography/edfs/ccshs-trec-1800707.edf	/data/nsrr/datasets/ccshs/polysomnography/annotations-events-nsrr/ccshs-trec-1800707-nsrr.xml
ccshs-trec-1800709	/data/nsrr/datasets/ccshs/polysomnography/edfs/ccshs-trec-1800709.edf	/data/nsrr/datasets/ccshs/polysomnography/annotations-events-nsrr/ccshs-trec-1800709-nsrr.xml
ccshs-trec-1800711	/data/nsrr/datasets/ccshs/polysomnography/edfs/ccshs-trec-1800711.edf	/data/nsrr/datasets/ccshs/polysomnography/annotations-events-nsrr/ccshs-trec-1800711-nsrr.xml
ccshs-trec-1800712	/data/nsrr/datasets/ccshs/polysomnography/edfs/ccshs-trec-1800712.edf	/data/nsrr/datasets/ccshs/polysomnography/annotations-events-nsrr/ccshs-trec-1800712-nsrr.xml
ccshs-trec-1800713	/data/nsrr/datasets/ccshs/polysomnography/edfs/ccshs-trec-1800713.edf	/data/nsrr/datasets/ccshs/polysomnography/annotations-events-nsrr/ccshs-trec-1800713-nsrr.xml
ccshs-trec-1800714	/data/nsrr/datasets/ccshs/polysomnography/edfs/ccshs-trec-1800714.edf	/data/nsrr/datasets/ccshs/polysomnography/annotations-events-nsrr/ccshs-trec-1800714-nsrr.xml
ccshs-trec-1800716	/data/nsrr/datasets/ccshs/polysomnography/edfs/ccshs-trec-1800716.edf	/data/nsrr/datasets/ccshs/polysomnography/annotations-events-nsrr/ccshs-trec-1800716-nsrr.xml
ccshs-trec-1800720	/data/nsrr/datasets/ccshs/polysomnography/edfs/ccshs-trec-1800720.edf	/data/nsrr/datasets/ccshs/polysomnography/annotations-events-nsrr/ccshs-trec-1800720-nsrr.xml
ccshs-trec-1800721	/data/nsrr/datasets/ccshs/polysomnography/edfs/ccshs-trec-1800721.edf	/data/nsrr/datasets/ccshs/polysomnography/annotations-events-nsrr/ccshs-trec-1800721-nsrr.xml
ccshs-trec-1800722	/data/nsrr/datasets/ccshs/polysomnography/edfs/ccshs-trec-1800722.edf	/data/nsrr/datasets/ccshs/polysomnography/annotations-events-nsrr/ccshs-trec-1800722-nsrr.xml
ccshs-trec-1800723	/data/nsrr/datasets/ccshs/polysomnography/edfs/ccshs-trec-1800723.edf	/data/nsrr/datasets/ccshs/polysomnography/annotations-events-nsrr/ccshs-trec-1800723-nsrr.xml
ccshs-trec-1800724	/data/nsrr/datasets/ccshs/polysomnography/edfs/ccshs-trec-1800724.edf	/data/nsrr/datasets/ccshs/polysomnography/annotations-events-nsrr/ccshs-trec-1800724-nsrr.xml
ccshs-trec-1800725	/data/nsrr/datasets/ccshs/polysomnography/edfs/ccshs-trec-1800725.edf	/data/nsrr/datasets/ccshs/polysomnography/annotations-events-nsrr/ccshs-trec-1800725-nsrr.xml
ccshs-trec-1800726	/data/nsrr/datasets/ccshs/polysomnography/edfs/ccshs-trec-1800726.edf	/data/nsrr/datasets/ccshs/polysomnography/annotations-events-nsrr/ccshs-trec-1800726-nsrr.xml
ccshs-trec-1800727	/data/nsrr/datasets/ccshs/polysomnography/edfs/ccshs-trec-1800727.edf	/data/nsrr/datasets/ccshs/polysomnography/annotations-events-nsrr/ccshs-trec-1800727-nsrr.xml
ccshs-trec-1800729	/data/nsrr/datasets/ccshs/polysomnography/edfs/ccshs-trec-1800729.edf	/data/nsrr/datasets/ccshs/polysomnography/annotations-events-nsrr/ccshs-trec-1800729-nsrr.xml
ccshs-trec-1800730	/data/nsrr/datasets/ccshs/polysomnography/edfs/ccshs-trec-1800730.edf	/data/nsrr/datasets/ccshs/polysomnography/annotations-events-nsrr/ccshs-trec-1800730-nsrr.xml
ccshs-trec-1800731	/data/nsrr/datasets/ccshs/polysomnography/edfs/ccshs-trec-1800731.edf	/data/nsrr/datasets/ccshs/polysomnography/annotations-events-nsrr/ccshs-trec-1800731-nsrr.xml
ccshs-trec-1800732	/data/nsrr/datasets/ccshs/polysomnography/edfs/ccshs-trec-1800732.edf	/data/nsrr/datasets/ccshs/polysomnography/annotations-events-nsrr/ccshs-trec-1800732-nsrr.xml
ccshs-trec-1800733	/data/nsrr/datasets/ccshs/polysomnography/edfs/ccshs-trec-1800733.edf	/data/nsrr/datasets/ccshs/polysomnography/annotations-events-nsrr/ccshs-trec-1800733-nsrr.xml
ccshs-trec-1800734	/data/nsrr/datasets/ccshs/polysomnography/edfs/ccshs-trec-1800734.edf	/data/nsrr/datasets/ccshs/polysomnography/annotations-events-nsrr/ccshs-trec-1800734-nsrr.xml
ccshs-trec-1800735	/data/nsrr/datasets/ccshs/polysomnography/edfs/ccshs-trec-1800735.edf	/data/nsrr/datasets/ccshs/polysomnography/annotations-events-nsrr/ccshs-trec-1800735-nsrr.xml
ccshs-trec-1800736	/data/nsrr/datasets/ccshs/polysomnography/edfs/ccshs-trec-1800736.edf	/data/nsrr/datasets/ccshs/polysomnography/annotations-events-nsrr/ccshs-trec-1800736-nsrr.xml
ccshs-trec-1800738	/data/nsrr/datasets/ccshs/polysomnography/edfs/ccshs-trec-1800738.edf	/data/nsrr/datasets/ccshs/polysomnography/annotations-events-nsrr/ccshs-trec-1800738-nsrr.xml
ccshs-trec-1800741	/data/nsrr/datasets/ccshs/polysomnography/edfs/ccshs-trec-1800741.edf	/data/nsrr/datasets/ccshs/polysomnography/annotations-events-nsrr/ccshs-trec-1800741-nsrr.xml
ccshs-trec-1800742	/data/nsrr/datasets/ccshs/polysomnography/edfs/ccshs-trec-1800742.edf	/data/nsrr/datasets/ccshs/polysomnography/annotations-events-nsrr/ccshs-trec-1800742-nsrr.xml
ccshs-trec-1800744	/data/nsrr/datasets/ccshs/polysomnography/edfs/ccshs-trec-1800744.edf	/data/nsrr/datasets/ccshs/polysomnography/annotations-events-nsrr/ccshs-trec-1800744-nsrr.xml
ccshs-trec-1800746	/data/nsrr/datasets/ccshs/polysomnography/edfs/ccshs-trec-1800746.edf	/data/nsrr/datasets/ccshs/polysomnography/annotations-events-nsrr/ccshs-trec-1800746-nsrr.xml
ccshs-trec-1800748	/data/nsrr/datasets/ccshs/polysomnography/edfs/ccshs-trec-1800748.edf	/data/nsrr/datasets/ccshs/polysomnography/annotations-events-nsrr/ccshs-trec-1800748-nsrr.xml
ccshs-trec-1800749	/data/nsrr/datasets/ccshs/polysomnography/edfs/ccshs-trec-1800749.edf	/data/nsrr/datasets/ccshs/polysomnography/annotations-events-nsrr/ccshs-trec-1800749-nsrr.xml
ccshs-trec-1800750	/data/nsrr/datasets/ccshs/polysomnography/edfs/ccshs-trec-1800750.edf	/data/nsrr/datasets/ccshs/polysomnography/annotations-events-nsrr/ccshs-trec-1800750-nsrr.xml
ccshs-trec-1800752	/data/nsrr/datasets/ccshs/polysomnography/edfs/ccshs-trec-1800752.edf	/data/nsrr/datasets/ccshs/polysomnography/annotations-events-nsrr/ccshs-trec-1800752-nsrr.xml
ccshs-trec-1800758	/data/nsrr/datasets/ccshs/polysomnography/edfs/ccshs-trec-1800758.edf	/data/nsrr/datasets/ccshs/polysomnography/annotations-events-nsrr/ccshs-trec-1800758-nsrr.xml
ccshs-trec-1800759	/data/nsrr/datasets/ccshs/polysomnography/edfs/ccshs-trec-1800759.edf	/data/nsrr/datasets/ccshs/polysomnography/annotations-events-nsrr/ccshs-trec-1800759-nsrr.xml
ccshs-trec-1800761	/data/nsrr/datasets/ccshs/polysomnography/edfs/ccshs-trec-1800761.edf	/data/nsrr/datasets/ccshs/polysomnography/annotations-events-nsrr/ccshs-trec-1800761-nsrr.xml
ccshs-trec-1800764	/data/nsrr/datasets/ccshs/polysomnography/edfs/ccshs-trec-1800764.edf	/data/nsrr/datasets/ccshs/polysomnography/annotations-events-nsrr/ccshs-trec-1800764-nsrr.xml
ccshs-trec-1800765	/data/nsrr/datasets/ccshs/polysomnography/edfs/ccshs-trec-1800765.edf	/data/nsrr/datasets/ccshs/polysomnography/annotations-events-nsrr/ccshs-trec-1800765-nsrr.xml
ccshs-trec-1800766	/data/nsrr/datasets/ccshs/polysomnography/edfs/ccshs-trec-1800766.edf	/data/nsrr/datasets/ccshs/polysomnography/annotations-events-nsrr/ccshs-trec-1800766-nsrr.xml
ccshs-trec-1800767	/data/nsrr/datasets/ccshs/polysomnography/edfs/ccshs-trec-1800767.edf	/data/nsrr/datasets/ccshs/polysomnography/annotations-events-nsrr/ccshs-trec-1800767-nsrr.xml
ccshs-trec-1800770	/data/nsrr/datasets/ccshs/polysomnography/edfs/ccshs-trec-1800770.edf	/data/nsrr/datasets/ccshs/polysomnography/annotations-events-nsrr/ccshs-trec-1800770-nsrr.xml
ccshs-trec-1800772	/data/nsrr/datasets/ccshs/polysomnography/edfs/ccshs-trec-1800772.edf	/data/nsrr/datasets/ccshs/polysomnography/annotations-events-nsrr/ccshs-trec-1800772-nsrr.xml
ccshs-trec-1800773	/data/nsrr/datasets/ccshs/polysomnography/edfs/ccshs-trec-1800773.edf	/data/nsrr/datasets/ccshs/polysomnography/annotations-events-nsrr/ccshs-trec-1800773-nsrr.xml
ccshs-trec-1800774	/data/nsrr/datasets/ccshs/polysomnography/edfs/ccshs-trec-1800774.edf	/data/nsrr/datasets/ccshs/polysomnography/annotations-events-nsrr/ccshs-trec-1800774-nsrr.xml
ccshs-trec-1800775	/data/nsrr/datasets/ccshs/polysomnography/edfs/ccshs-trec-1800775.edf	/data/nsrr/datasets/ccshs/polysomnography/annotations-events-nsrr/ccshs-trec-1800775-nsrr.xml
ccshs-trec-1800777	/data/nsrr/datasets/ccshs/polysomnography/edfs/ccshs-trec-1800777.edf	/data/nsrr/datasets/ccshs/polysomnography/annotations-events-nsrr/ccshs-trec-1800777-nsrr.xml
ccshs-trec-1800778	/data/nsrr/datasets/ccshs/polysomnography/edfs/ccshs-trec-1800778.edf	/data/nsrr/datasets/ccshs/polysomnography/annotations-events-nsrr/ccshs-trec-1800778-nsrr.xml
ccshs-trec-1800781	/data/nsrr/datasets/ccshs/polysomnography/edfs/ccshs-trec-1800781.edf	/data/nsrr/datasets/ccshs/polysomnography/annotations-events-nsrr/ccshs-trec-1800781-nsrr.xml
ccshs-trec-1800782	/data/nsrr/datasets/ccshs/polysomnography/edfs/ccshs-trec-1800782.edf	/data/nsrr/datasets/ccshs/polysomnography/annotations-events-nsrr/ccshs-trec-1800782-nsrr.xml
ccshs-trec-1800783	/data/nsrr/datasets/ccshs/polysomnography/edfs/ccshs-trec-1800783.edf	/data/nsrr/datasets/ccshs/polysomnography/annotations-events-nsrr/ccshs-trec-1800783-nsrr.xml
ccshs-trec-1800784	/data/nsrr/datasets/ccshs/polysomnography/edfs/ccshs-trec-1800784.edf	/data/nsrr/datasets/ccshs/polysomnography/annotations-events-nsrr/ccshs-trec-1800784-nsrr.xml
ccshs-trec-1800786	/data/nsrr/datasets/ccshs/polysomnography/edfs/ccshs-trec-1800786.edf	/data/nsrr/datasets/ccshs/polysomnography/annotations-events-nsrr/ccshs-trec-1800786-nsrr.xml
ccshs-trec-1800788	/data/nsrr/datasets/ccshs/polysomnography/edfs/ccshs-trec-1800788.edf	/data/nsrr/datasets/ccshs/polysomnography/annotations-events-nsrr/ccshs-trec-1800788-nsrr.xml
ccshs-trec-1800791	/data/nsrr/datasets/ccshs/polysomnography/edfs/ccshs-trec-1800791.edf	/data/nsrr/datasets/ccshs/polysomnography/annotations-events-nsrr/ccshs-trec-1800791-nsrr.xml
ccshs-trec-1800792	/data/nsrr/datasets/ccshs/polysomnography/edfs/ccshs-trec-1800792.edf	/data/nsrr/datasets/ccshs/polysomnography/annotations-events-nsrr/ccshs-trec-1800792-nsrr.xml
ccshs-trec-1800793	/data/nsrr/datasets/ccshs/polysomnography/edfs/ccshs-trec-1800793.edf	/data/nsrr/datasets/ccshs/polysomnography/annotations-events-nsrr/ccshs-trec-1800793-nsrr.xml
ccshs-trec-1800795	/data/nsrr/datasets/ccshs/polysomnography/edfs/ccshs-trec-1800795.edf	/data/nsrr/datasets/ccshs/polysomnography/annotations-events-nsrr/ccshs-trec-1800795-nsrr.xml
ccshs-trec-1800796	/data/nsrr/datasets/ccshs/polysomnography/edfs/ccshs-trec-1800796.edf	/data/nsrr/datasets/ccshs/polysomnography/annotations-events-nsrr/ccshs-trec-1800796-nsrr.xml
ccshs-trec-1800798	/data/nsrr/datasets/ccshs/polysomnography/edfs/ccshs-trec-1800798.edf	/data/nsrr/datasets/ccshs/polysomnography/annotations-events-nsrr/ccshs-trec-1800798-nsrr.xml
ccshs-trec-1800799	/data/nsrr/datasets/ccshs/polysomnography/edfs/ccshs-trec-1800799.edf	/data/nsrr/datasets/ccshs/polysomnography/annotations-events-nsrr/ccshs-trec-1800799-nsrr.xml
ccshs-trec-1800800	/data/nsrr/datasets/ccshs/polysomnography/edfs/ccshs-trec-1800800.edf	/data/nsrr/datasets/ccshs/polysomnography/annotations-events-nsrr/ccshs-trec-1800800-nsrr.xml
ccshs-trec-1800801	/data/nsrr/datasets/ccshs/polysomnography/edfs/ccshs-trec-1800801.edf	/data/nsrr/datasets/ccshs/polysomnography/annotations-events-nsrr/ccshs-trec-1800801-nsrr.xml
ccshs-trec-1800802	/data/nsrr/datasets/ccshs/polysomnography/edfs/ccshs-trec-1800802.edf	/data/nsrr/datasets/ccshs/polysomnography/annotations-events-nsrr/ccshs-trec-1800802-nsrr.xml
ccshs-trec-1800803	/data/nsrr/datasets/ccshs/polysomnography/edfs/ccshs-trec-1800803.edf	/data/nsrr/datasets/ccshs/polysomnography/annotations-events-nsrr/ccshs-trec-1800803-nsrr.xml
ccshs-trec-1800804	/data/nsrr/datasets/ccshs/polysomnography/edfs/ccshs-trec-1800804.edf	/data/nsrr/datasets/ccshs/polysomnography/annotations-events-nsrr/ccshs-trec-1800804-nsrr.xml
ccshs-trec-1800805	/data/nsrr/datasets/ccshs/polysomnography/edfs/ccshs-trec-1800805.edf	/data/nsrr/datasets/ccshs/polysomnography/annotations-events-nsrr/ccshs-trec-1800805-nsrr.xml
ccshs-trec-1800806	/data/nsrr/datasets/ccshs/polysomnography/edfs/ccshs-trec-1800806.edf	/data/nsrr/datasets/ccshs/polysomnography/annotations-events-nsrr/ccshs-trec-1800806-nsrr.xml
ccshs-trec-1800807	/data/nsrr/datasets/ccshs/polysomnography/edfs/ccshs-trec-1800807.edf	/data/nsrr/datasets/ccshs/polysomnography/annotations-events-nsrr/ccshs-trec-1800807-nsrr.xml
ccshs-trec-1800809	/data/nsrr/datasets/ccshs/polysomnography/edfs/ccshs-trec-1800809.edf	/data/nsrr/datasets/ccshs/polysomnography/annotations-events-nsrr/ccshs-trec-1800809-nsrr.xml
ccshs-trec-1800810	/data/nsrr/datasets/ccshs/polysomnography/edfs/ccshs-trec-1800810.edf	/data/nsrr/datasets/ccshs/polysomnography/annotations-events-nsrr/ccshs-trec-1800810-nsrr.xml
ccshs-trec-1800811	/data/nsrr/datasets/ccshs/polysomnography/edfs/ccshs-trec-1800811.edf	/data/nsrr/datasets/ccshs/polysomnography/annotations-events-nsrr/ccshs-trec-1800811-nsrr.xml
ccshs-trec-1800813	/data/nsrr/datasets/ccshs/polysomnography/edfs/ccshs-trec-1800813.edf	/data/nsrr/datasets/ccshs/polysomnography/annotations-events-nsrr/ccshs-trec-1800813-nsrr.xml
ccshs-trec-1800814	/data/nsrr/datasets/ccshs/polysomnography/edfs/ccshs-trec-1800814.edf	/data/nsrr/datasets/ccshs/polysomnography/annotations-events-nsrr/ccshs-trec-1800814-nsrr.xml
ccshs-trec-1800815	/data/nsrr/datasets/ccshs/polysomnography/edfs/ccshs-trec-1800815.edf	/data/nsrr/datasets/ccshs/polysomnography/annotations-events-nsrr/ccshs-trec-1800815-nsrr.xml
ccshs-trec-1800816	/data/nsrr/datasets/ccshs/polysomnography/edfs/ccshs-trec-1800816.edf	/data/nsrr/datasets/ccshs/polysomnography/annotations-events-nsrr/ccshs-trec-1800816-nsrr.xml
ccshs-trec-1800819	/data/nsrr/datasets/ccshs/polysomnography/edfs/ccshs-trec-1800819.edf	/data/nsrr/datasets/ccshs/polysomnography/annotations-events-nsrr/ccshs-trec-1800819-nsrr.xml
ccshs-trec-1800820	/data/nsrr/datasets/ccshs/polysomnography/edfs/ccshs-trec-1800820.edf	/data/nsrr/datasets/ccshs/polysomnography/annotations-events-nsrr/ccshs-trec-1800820-nsrr.xml
ccshs-trec-1800821	/data/nsrr/datasets/ccshs/polysomnography/edfs/ccshs-trec-1800821.edf	/data/nsrr/datasets/ccshs/polysomnography/annotations-events-nsrr/ccshs-trec-1800821-nsrr.xml
ccshs-trec-1800822	/data/nsrr/datasets/ccshs/polysomnography/edfs/ccshs-trec-1800822.edf	/data/nsrr/datasets/ccshs/polysomnography/annotations-events-nsrr/ccshs-trec-1800822-nsrr.xml
ccshs-trec-1800823	/data/nsrr/datasets/ccshs/polysomnography/edfs/ccshs-trec-1800823.edf	/data/nsrr/datasets/ccshs/polysomnography/annotations-events-nsrr/ccshs-trec-1800823-nsrr.xml
ccshs-trec-1800825	/data/nsrr/datasets/ccshs/polysomnography/edfs/ccshs-trec-1800825.edf	/data/nsrr/datasets/ccshs/polysomnography/annotations-events-nsrr/ccshs-trec-1800825-nsrr.xml
ccshs-trec-1800828	/data/nsrr/datasets/ccshs/polysomnography/edfs/ccshs-trec-1800828.edf	/data/nsrr/datasets/ccshs/polysomnography/annotations-events-nsrr/ccshs-trec-1800828-nsrr.xml
ccshs-trec-1800831	/data/nsrr/datasets/ccshs/polysomnography/edfs/ccshs-trec-1800831.edf	/data/nsrr/datasets/ccshs/polysomnography/annotations-events-nsrr/ccshs-trec-1800831-nsrr.xml
ccshs-trec-1800834	/data/nsrr/datasets/ccshs/polysomnography/edfs/ccshs-trec-1800834.edf	/data/nsrr/datasets/ccshs/polysomnography/annotations-events-nsrr/ccshs-trec-1800834-nsrr.xml
ccshs-trec-1800838	/data/nsrr/datasets/ccshs/polysomnography/edfs/ccshs-trec-1800838.edf	/data/nsrr/datasets/ccshs/polysomnography/annotations-events-nsrr/ccshs-trec-1800838-nsrr.xml
ccshs-trec-1800840	/data/nsrr/datasets/ccshs/polysomnography/edfs/ccshs-trec-1800840.edf	/data/nsrr/datasets/ccshs/polysomnography/annotations-events-nsrr/ccshs-trec-1800840-nsrr.xml
ccshs-trec-1800841	/data/nsrr/datasets/ccshs/polysomnography/edfs/ccshs-trec-1800841.edf	/data/nsrr/datasets/ccshs/polysomnography/annotations-events-nsrr/ccshs-trec-1800841-nsrr.xml
ccshs-trec-1800843	/data/nsrr/datasets/ccshs/polysomnography/edfs/ccshs-trec-1800843.edf	/data/nsrr/datasets/ccshs/polysomnography/annotations-events-nsrr/ccshs-trec-1800843-nsrr.xml
ccshs-trec-1800844	/data/nsrr/datasets/ccshs/polysomnography/edfs/ccshs-trec-1800844.edf	/data/nsrr/datasets/ccshs/polysomnography/annotations-events-nsrr/ccshs-trec-1800844-nsrr.xml
ccshs-trec-1800845	/data/nsrr/datasets/ccshs/polysomnography/edfs/ccshs-trec-1800845.edf	/data/nsrr/datasets/ccshs/polysomnography/annotations-events-nsrr/ccshs-trec-1800845-nsrr.xml
ccshs-trec-1800855	/data/nsrr/datasets/ccshs/polysomnography/edfs/ccshs-trec-1800855.edf	/data/nsrr/datasets/ccshs/polysomnography/annotations-events-nsrr/ccshs-trec-1800855-nsrr.xml
ccshs-trec-1800856	/data/nsrr/datasets/ccshs/polysomnography/edfs/ccshs-trec-1800856.edf	/data/nsrr/datasets/ccshs/polysomnography/annotations-events-nsrr/ccshs-trec-1800856-nsrr.xml
ccshs-trec-1800857	/data/nsrr/datasets/ccshs/polysomnography/edfs/ccshs-trec-1800857.edf	/data/nsrr/datasets/ccshs/polysomnography/annotations-events-nsrr/ccshs-trec-1800857-nsrr.xml
ccshs-trec-1800858	/data/nsrr/datasets/ccshs/polysomnography/edfs/ccshs-trec-1800858.edf	/data/nsrr/datasets/ccshs/polysomnography/annotations-events-nsrr/ccshs-trec-1800858-nsrr.xml
ccshs-trec-1800859	/data/nsrr/datasets/ccshs/polysomnography/edfs/ccshs-trec-1800859.edf	/data/nsrr/datasets/ccshs/polysomnography/annotations-events-nsrr/ccshs-trec-1800859-nsrr.xml
ccshs-trec-1800860	/data/nsrr/datasets/ccshs/polysomnography/edfs/ccshs-trec-1800860.edf	/data/nsrr/datasets/ccshs/polysomnography/annotations-events-nsrr/ccshs-trec-1800860-nsrr.xml
ccshs-trec-1800861	/data/nsrr/datasets/ccshs/polysomnography/edfs/ccshs-trec-1800861.edf	/data/nsrr/datasets/ccshs/polysomnography/annotations-events-nsrr/ccshs-trec-1800861-nsrr.xml
ccshs-trec-1800862	/data/nsrr/datasets/ccshs/polysomnography/edfs/ccshs-trec-1800862.edf	/data/nsrr/datasets/ccshs/polysomnography/annotations-events-nsrr/ccshs-trec-1800862-nsrr.xml
ccshs-trec-1800863	/data/nsrr/datasets/ccshs/polysomnography/edfs/ccshs-trec-1800863.edf	/data/nsrr/datasets/ccshs/polysomnography/annotations-events-nsrr/ccshs-trec-1800863-nsrr.xml
ccshs-trec-1800867	/data/nsrr/datasets/ccshs/polysomnography/edfs/ccshs-trec-1800867.edf	/data/nsrr/datasets/ccshs/polysomnography/annotations-events-nsrr/ccshs-trec-1800867-nsrr.xml
ccshs-trec-1800868	/data/nsrr/datasets/ccshs/polysomnography/edfs/ccshs-trec-1800868.edf	/data/nsrr/datasets/ccshs/polysomnography/annotations-events-nsrr/ccshs-trec-1800868-nsrr.xml
ccshs-trec-1800869	/data/nsrr/datasets/ccshs/polysomnography/edfs/ccshs-trec-1800869.edf	/data/nsrr/datasets/ccshs/polysomnography/annotations-events-nsrr/ccshs-trec-1800869-nsrr.xml
ccshs-trec-1800870	/data/nsrr/datasets/ccshs/polysomnography/edfs/ccshs-trec-1800870.edf	/data/nsrr/datasets/ccshs/polysomnography/annotations-events-nsrr/ccshs-trec-1800870-nsrr.xml
ccshs-trec-1800872	/data/nsrr/datasets/ccshs/polysomnography/edfs/ccshs-trec-1800872.edf	/data/nsrr/datasets/ccshs/polysomnography/annotations-events-nsrr/ccshs-trec-1800872-nsrr.xml
ccshs-trec-1800873	/data/nsrr/datasets/ccshs/polysomnography/edfs/ccshs-trec-1800873.edf	/data/nsrr/datasets/ccshs/polysomnography/annotations-events-nsrr/ccshs-trec-1800873-nsrr.xml
ccshs-trec-1800874	/data/nsrr/datasets/ccshs/polysomnography/edfs/ccshs-trec-1800874.edf	/data/nsrr/datasets/ccshs/polysomnography/annotations-events-nsrr/ccshs-trec-1800874-nsrr.xml
ccshs-trec-1800877	/data/nsrr/datasets/ccshs/polysomnography/edfs/ccshs-trec-1800877.edf	/data/nsrr/datasets/ccshs/polysomnography/annotations-events-nsrr/ccshs-trec-1800877-nsrr.xml
ccshs-trec-1800878	/data/nsrr/datasets/ccshs/polysomnography/edfs/ccshs-trec-1800878.edf	/data/nsrr/datasets/ccshs/polysomnography/annotations-events-nsrr/ccshs-trec-1800878-nsrr.xml
ccshs-trec-1800879	/data/nsrr/datasets/ccshs/polysomnography/edfs/ccshs-trec-1800879.edf	/data/nsrr/datasets/ccshs/polysomnography/annotations-events-nsrr/ccshs-trec-1800879-nsrr.xml
ccshs-trec-1800880	/data/nsrr/datasets/ccshs/polysomnography/edfs/ccshs-trec-1800880.edf	/data/nsrr/datasets/ccshs/polysomnography/annotations-events-nsrr/ccshs-trec-1800880-nsrr.xml
ccshs-trec-1800882	/data/nsrr/datasets/ccshs/polysomnography/edfs/ccshs-trec-1800882.edf	/data/nsrr/datasets/ccshs/polysomnography/annotations-events-nsrr/ccshs-trec-1800882-nsrr.xml
ccshs-trec-1800884	/data/nsrr/datasets/ccshs/polysomnography/edfs/ccshs-trec-1800884.edf	/data/nsrr/datasets/ccshs/polysomnography/annotations-events-nsrr/ccshs-trec-1800884-nsrr.xml
ccshs-trec-1800885	/data/nsrr/datasets/ccshs/polysomnography/edfs/ccshs-trec-1800885.edf	/data/nsrr/datasets/ccshs/polysomnography/annotations-events-nsrr/ccshs-trec-1800885-nsrr.xml
ccshs-trec-1800886	/data/nsrr/datasets/ccshs/polysomnography/edfs/ccshs-trec-1800886.edf	/data/nsrr/datasets/ccshs/polysomnography/annotations-events-nsrr/ccshs-trec-1800886-nsrr.xml
ccshs-trec-1800891	/data/nsrr/datasets/ccshs/polysomnography/edfs/ccshs-trec-1800891.edf	/data/nsrr/datasets/ccshs/polysomnography/annotations-events-nsrr/ccshs-trec-1800891-nsrr.xml
ccshs-trec-1800892	/data/nsrr/datasets/ccshs/polysomnography/edfs/ccshs-trec-1800892.edf	/data/nsrr/datasets/ccshs/polysomnography/annotations-events-nsrr/ccshs-trec-1800892-nsrr.xml
ccshs-trec-1800893	/data/nsrr/datasets/ccshs/polysomnography/edfs/ccshs-trec-1800893.edf	/data/nsrr/datasets/ccshs/polysomnography/annotations-events-nsrr/ccshs-trec-1800893-nsrr.xml
ccshs-trec-1800895	/data/nsrr/datasets/ccshs/polysomnography/edfs/ccshs-trec-1800895.edf	/data/nsrr/datasets/ccshs/polysomnography/annotations-events-nsrr/ccshs-trec-1800895-nsrr.xml
ccshs-trec-1800896	/data/nsrr/datasets/ccshs/polysomnography/edfs/ccshs-trec-1800896.edf	/data/nsrr/datasets/ccshs/polysomnography/annotations-events-nsrr/ccshs-trec-1800896-nsrr.xml
ccshs-trec-1800899	/data/nsrr/datasets/ccshs/polysomnography/edfs/ccshs-trec-1800899.edf	/data/nsrr/datasets/ccshs/polysomnography/annotations-events-nsrr/ccshs-trec-1800899-nsrr.xml
ccshs-trec-1800900	/data/nsrr/datasets/ccshs/polysomnography/edfs/ccshs-trec-1800900.edf	/data/nsrr/datasets/ccshs/polysomnography/annotations-events-nsrr/ccshs-trec-1800900-nsrr.xml
ccshs-trec-1800901	/data/nsrr/datasets/ccshs/polysomnography/edfs/ccshs-trec-1800901.edf	/data/nsrr/datasets/ccshs/polysomnography/annotations-events-nsrr/ccshs-trec-1800901-nsrr.xml
ccshs-trec-1800902	/data/nsrr/datasets/ccshs/polysomnography/edfs/ccshs-trec-1800902.edf	/data/nsrr/datasets/ccshs/polysomnography/annotations-events-nsrr/ccshs-trec-1800902-nsrr.xml
ccshs-trec-1800903	/data/nsrr/datasets/ccshs/polysomnography/edfs/ccshs-trec-1800903.edf	/data/nsrr/datasets/ccshs/polysomnography/annotations-events-nsrr/ccshs-trec-1800903-nsrr.xml
ccshs-trec-1800904	/data/nsrr/datasets/ccshs/polysomnography/edfs/ccshs-trec-1800904.edf	/data/nsrr/datasets/ccshs/polysomnography/annotations-events-nsrr/ccshs-trec-1800904-nsrr.xml
ccshs-trec-1800905	/data/nsrr/datasets/ccshs/polysomnography/edfs/ccshs-trec-1800905.edf	/data/nsrr/datasets/ccshs/polysomnography/annotations-events-nsrr/ccshs-trec-1800905-nsrr.xml
ccshs-trec-1800906	/data/nsrr/datasets/ccshs/polysomnography/edfs/ccshs-trec-1800906.edf	/data/nsrr/datasets/ccshs/polysomnography/annotations-events-nsrr/ccshs-trec-1800906-nsrr.xml
