chat-baseline-300001	/data/nsrr/datasets/chat/polysomnography/edfs/baseline/chat-baseline-300001.edf	/data/nsrr/datasets/chat/polysomnography/annotations-events-nsrr/baseline/chat-baseline-300001-nsrr.xml
chat-baseline-300002	/data/nsrr/datasets/chat/polysomnography/edfs/baseline/chat-baseline-300002.edf	/data/nsrr/datasets/chat/polysomnography/annotations-events-nsrr/baseline/chat-baseline-300002-nsrr.xml
chat-baseline-300004	/data/nsrr/datasets/chat/polysomnography/edfs/baseline/chat-baseline-300004.edf	/data/nsrr/datasets/chat/polysomnography/annotations-events-nsrr/baseline/chat-baseline-300004-nsrr.xml
chat-baseline-300007	/data/nsrr/datasets/chat/polysomnography/edfs/baseline/chat-baseline-300007.edf	/data/nsrr/datasets/chat/polysomnography/annotations-events-nsrr/baseline/chat-baseline-300007-nsrr.xml
chat-baseline-300008	/data/nsrr/datasets/chat/polysomnography/edfs/baseline/chat-baseline-300008.edf	/data/nsrr/datasets/chat/polysomnography/annotations-events-nsrr/baseline/chat-baseline-300008-nsrr.xml
chat-baseline-300013	/data/nsrr/datasets/chat/polysomnography/edfs/baseline/chat-baseline-300013.edf	/data/nsrr/datasets/chat/polysomnography/annotations-events-nsrr/baseline/chat-baseline-300013-nsrr.xml
chat-baseline-300014	/data/nsrr/datasets/chat/polysomnography/edfs/baseline/chat-baseline-300014.edf	/data/nsrr/datasets/chat/polysomnography/annotations-events-nsrr/baseline/chat-baseline-300014-nsrr.xml
chat-baseline-300015	/data/nsrr/datasets/chat/polysomnography/edfs/baseline/chat-baseline-300015.edf	/data/nsrr/datasets/chat/polysomnography/annotations-events-nsrr/baseline/chat-baseline-300015-nsrr.xml
chat-baseline-300019	/data/nsrr/datasets/chat/polysomnography/edfs/baseline/chat-baseline-300019.edf	/data/nsrr/datasets/chat/polysomnography/annotations-events-nsrr/baseline/chat-baseline-300019-nsrr.xml
chat-baseline-300021	/data/nsrr/datasets/chat/polysomnography/edfs/baseline/chat-baseline-300021.edf	/data/nsrr/datasets/chat/polysomnography/annotations-events-nsrr/baseline/chat-baseline-300021-nsrr.xml
chat-baseline-300024	/data/nsrr/datasets/chat/polysomnography/edfs/baseline/chat-baseline-300024.edf	/data/nsrr/datasets/chat/polysomnography/annotations-events-nsrr/baseline/chat-baseline-300024-nsrr.xml
chat-baseline-300025	/data/nsrr/datasets/chat/polysomnography/edfs/baseline/chat-baseline-300025.edf	/data/nsrr/datasets/chat/polysomnography/annotations-events-nsrr/baseline/chat-baseline-300025-nsrr.xml
chat-baseline-300026	/data/nsrr/datasets/chat/polysomnography/edfs/baseline/chat-baseline-300026.edf	/data/nsrr/datasets/chat/polysomnography/annotations-events-nsrr/baseline/chat-baseline-300026-nsrr.xml
chat-baseline-300031	/data/nsrr/datasets/chat/polysomnography/edfs/baseline/chat-baseline-300031.edf	/data/nsrr/datasets/chat/polysomnography/annotations-events-nsrr/baseline/chat-baseline-300031-nsrr.xml
chat-baseline-300033	/data/nsrr/datasets/chat/polysomnography/edfs/baseline/chat-baseline-300033.edf	/data/nsrr/datasets/chat/polysomnography/annotations-events-nsrr/baseline/chat-baseline-300033-nsrr.xml
chat-baseline-300036	/data/nsrr/datasets/chat/polysomnography/edfs/baseline/chat-baseline-300036.edf	/data/nsrr/datasets/chat/polysomnography/annotations-events-nsrr/baseline/chat-baseline-300036-nsrr.xml
chat-baseline-300037	/data/nsrr/datasets/chat/polysomnography/edfs/baseline/chat-baseline-300037.edf	/data/nsrr/datasets/chat/polysomnography/annotations-events-nsrr/baseline/chat-baseline-300037-nsrr.xml
chat-baseline-300038	/data/nsrr/datasets/chat/polysomnography/edfs/baseline/chat-baseline-300038.edf	/data/nsrr/datasets/chat/polysomnography/annotations-events-nsrr/baseline/chat-baseline-300038-nsrr.xml
chat-baseline-300039	/data/nsrr/datasets/chat/polysomnography/edfs/baseline/chat-baseline-300039.edf	/data/nsrr/datasets/chat/polysomnography/annotations-events-nsrr/baseline/chat-baseline-300039-nsrr.xml
chat-baseline-300041	/data/nsrr/datasets/chat/polysomnography/edfs/baseline/chat-baseline-300041.edf	/data/nsrr/datasets/chat/polysomnography/annotations-events-nsrr/baseline/chat-baseline-300041-nsrr.xml
chat-baseline-300042	/data/nsrr/datasets/chat/polysomnography/edfs/baseline/chat-baseline-300042.edf	/data/nsrr/datasets/chat/polysomnography/annotations-events-nsrr/baseline/chat-baseline-300042-nsrr.xml
chat-baseline-300043	/data/nsrr/datasets/chat/polysomnography/edfs/baseline/chat-baseline-300043.edf	/data/nsrr/datasets/chat/polysomnography/annotations-events-nsrr/baseline/chat-baseline-300043-nsrr.xml
chat-baseline-300051	/data/nsrr/datasets/chat/polysomnography/edfs/baseline/chat-baseline-300051.edf	/data/nsrr/datasets/chat/polysomnography/annotations-events-nsrr/baseline/chat-baseline-300051-nsrr.xml
chat-baseline-300052	/data/nsrr/datasets/chat/polysomnography/edfs/baseline/chat-baseline-300052.edf	/data/nsrr/datasets/chat/polysomnography/annotations-events-nsrr/baseline/chat-baseline-300052-nsrr.xml
chat-baseline-300055	/data/nsrr/datasets/chat/polysomnography/edfs/baseline/chat-baseline-300055.edf	/data/nsrr/datasets/chat/polysomnography/annotations-events-nsrr/baseline/chat-baseline-300055-nsrr.xml
chat-baseline-300058	/data/nsrr/datasets/chat/polysomnography/edfs/baseline/chat-baseline-300058.edf	/data/nsrr/datasets/chat/polysomnography/annotations-events-nsrr/baseline/chat-baseline-300058-nsrr.xml
chat-baseline-300062	/data/nsrr/datasets/chat/polysomnography/edfs/baseline/chat-baseline-300062.edf	/data/nsrr/datasets/chat/polysomnography/annotations-events-nsrr/baseline/chat-baseline-300062-nsrr.xml
chat-baseline-300063	/data/nsrr/datasets/chat/polysomnography/edfs/baseline/chat-baseline-300063.edf	/data/nsrr/datasets/chat/polysomnography/annotations-events-nsrr/baseline/chat-baseline-300063-nsrr.xml
chat-baseline-300066	/data/nsrr/datasets/chat/polysomnography/edfs/baseline/chat-baseline-300066.edf	/data/nsrr/datasets/chat/polysomnography/annotations-events-nsrr/baseline/chat-baseline-300066-nsrr.xml
chat-baseline-300069	/data/nsrr/datasets/chat/polysomnography/edfs/baseline/chat-baseline-300069.edf	/data/nsrr/datasets/chat/polysomnography/annotations-events-nsrr/baseline/chat-baseline-300069-nsrr.xml
chat-baseline-300071	/data/nsrr/datasets/chat/polysomnography/edfs/baseline/chat-baseline-300071.edf	/data/nsrr/datasets/chat/polysomnography/annotations-events-nsrr/baseline/chat-baseline-300071-nsrr.xml
chat-baseline-300072	/data/nsrr/datasets/chat/polysomnography/edfs/baseline/chat-baseline-300072.edf	/data/nsrr/datasets/chat/polysomnography/annotations-events-nsrr/baseline/chat-baseline-300072-nsrr.xml
chat-baseline-300073	/data/nsrr/datasets/chat/polysomnography/edfs/baseline/chat-baseline-300073.edf	/data/nsrr/datasets/chat/polysomnography/annotations-events-nsrr/baseline/chat-baseline-300073-nsrr.xml
chat-baseline-300077	/data/nsrr/datasets/chat/polysomnography/edfs/baseline/chat-baseline-300077.edf	/data/nsrr/datasets/chat/polysomnography/annotations-events-nsrr/baseline/chat-baseline-300077-nsrr.xml
chat-baseline-300078	/data/nsrr/datasets/chat/polysomnography/edfs/baseline/chat-baseline-300078.edf	/data/nsrr/datasets/chat/polysomnography/annotations-events-nsrr/baseline/chat-baseline-300078-nsrr.xml
chat-baseline-300081	/data/nsrr/datasets/chat/polysomnography/edfs/baseline/chat-baseline-300081.edf	/data/nsrr/datasets/chat/polysomnography/annotations-events-nsrr/baseline/chat-baseline-300081-nsrr.xml
chat-baseline-300098	/data/nsrr/datasets/chat/polysomnography/edfs/baseline/chat-baseline-300098.edf	/data/nsrr/datasets/chat/polysomnography/annotations-events-nsrr/baseline/chat-baseline-300098-nsrr.xml
chat-baseline-300102	/data/nsrr/datasets/chat/polysomnography/edfs/baseline/chat-baseline-300102.edf	/data/nsrr/datasets/chat/polysomnography/annotations-events-nsrr/baseline/chat-baseline-300102-nsrr.xml
chat-baseline-300108	/data/nsrr/datasets/chat/polysomnography/edfs/baseline/chat-baseline-300108.edf	/data/nsrr/datasets/chat/polysomnography/annotations-events-nsrr/baseline/chat-baseline-300108-nsrr.xml
chat-baseline-300111	/data/nsrr/datasets/chat/polysomnography/edfs/baseline/chat-baseline-300111.edf	/data/nsrr/datasets/chat/polysomnography/annotations-events-nsrr/baseline/chat-baseline-300111-nsrr.xml
chat-baseline-300117	/data/nsrr/datasets/chat/polysomnography/edfs/baseline/chat-baseline-300117.edf	/data/nsrr/datasets/chat/polysomnography/annotations-events-nsrr/baseline/chat-baseline-300117-nsrr.xml
chat-baseline-300122	/data/nsrr/datasets/chat/polysomnography/edfs/baseline/chat-baseline-300122.edf	/data/nsrr/datasets/chat/polysomnography/annotations-events-nsrr/baseline/chat-baseline-300122-nsrr.xml
chat-baseline-300129	/data/nsrr/datasets/chat/polysomnography/edfs/baseline/chat-baseline-300129.edf	/data/nsrr/datasets/chat/polysomnography/annotations-events-nsrr/baseline/chat-baseline-300129-nsrr.xml
chat-baseline-300130	/data/nsrr/datasets/chat/polysomnography/edfs/baseline/chat-baseline-300130.edf	/data/nsrr/datasets/chat/polysomnography/annotations-events-nsrr/baseline/chat-baseline-300130-nsrr.xml
chat-baseline-300132	/data/nsrr/datasets/chat/polysomnography/edfs/baseline/chat-baseline-300132.edf	/data/nsrr/datasets/chat/polysomnography/annotations-events-nsrr/baseline/chat-baseline-300132-nsrr.xml
chat-baseline-300133	/data/nsrr/datasets/chat/polysomnography/edfs/baseline/chat-baseline-300133.edf	/data/nsrr/datasets/chat/polysomnography/annotations-events-nsrr/baseline/chat-baseline-300133-nsrr.xml
chat-baseline-300134	/data/nsrr/datasets/chat/polysomnography/edfs/baseline/chat-baseline-300134.edf	/data/nsrr/datasets/chat/polysomnography/annotations-events-nsrr/baseline/chat-baseline-300134-nsrr.xml
chat-baseline-300139	/data/nsrr/datasets/chat/polysomnography/edfs/baseline/chat-baseline-300139.edf	/data/nsrr/datasets/chat/polysomnography/annotations-events-nsrr/baseline/chat-baseline-300139-nsrr.xml
chat-baseline-300141	/data/nsrr/datasets/chat/polysomnography/edfs/baseline/chat-baseline-300141.edf	/data/nsrr/datasets/chat/polysomnography/annotations-events-nsrr/baseline/chat-baseline-300141-nsrr.xml
chat-baseline-300144	/data/nsrr/datasets/chat/polysomnography/edfs/baseline/chat-baseline-300144.edf	/data/nsrr/datasets/chat/polysomnography/annotations-events-nsrr/baseline/chat-baseline-300144-nsrr.xml
chat-baseline-300150	/data/nsrr/datasets/chat/polysomnography/edfs/baseline/chat-baseline-300150.edf	/data/nsrr/datasets/chat/polysomnography/annotations-events-nsrr/baseline/chat-baseline-300150-nsrr.xml
chat-baseline-300153	/data/nsrr/datasets/chat/polysomnography/edfs/baseline/chat-baseline-300153.edf	/data/nsrr/datasets/chat/polysomnography/annotations-events-nsrr/baseline/chat-baseline-300153-nsrr.xml
chat-baseline-300157	/data/nsrr/datasets/chat/polysomnography/edfs/baseline/chat-baseline-300157.edf	/data/nsrr/datasets/chat/polysomnography/annotations-events-nsrr/baseline/chat-baseline-300157-nsrr.xml
chat-baseline-300158	/data/nsrr/datasets/chat/polysomnography/edfs/baseline/chat-baseline-300158.edf	/data/nsrr/datasets/chat/polysomnography/annotations-events-nsrr/baseline/chat-baseline-300158-nsrr.xml
chat-baseline-300160	/data/nsrr/datasets/chat/polysomnography/edfs/baseline/chat-baseline-300160.edf	/data/nsrr/datasets/chat/polysomnography/annotations-events-nsrr/baseline/chat-baseline-300160-nsrr.xml
chat-baseline-300166	/data/nsrr/datasets/chat/polysomnography/edfs/baseline/chat-baseline-300166.edf	/data/nsrr/datasets/chat/polysomnography/annotations-events-nsrr/baseline/chat-baseline-300166-nsrr.xml
chat-baseline-300167	/data/nsrr/datasets/chat/polysomnography/edfs/baseline/chat-baseline-300167.edf	/data/nsrr/datasets/chat/polysomnography/annotations-events-nsrr/baseline/chat-baseline-300167-nsrr.xml
chat-baseline-300169	/data/nsrr/datasets/chat/polysomnography/edfs/baseline/chat-baseline-300169.edf	/data/nsrr/datasets/chat/polysomnography/annotations-events-nsrr/baseline/chat-baseline-300169-nsrr.xml
chat-baseline-300175	/data/nsrr/datasets/chat/polysomnography/edfs/baseline/chat-baseline-300175.edf	/data/nsrr/datasets/chat/polysomnography/annotations-events-nsrr/baseline/chat-baseline-300175-nsrr.xml
chat-baseline-300176	/data/nsrr/datasets/chat/polysomnography/edfs/baseline/chat-baseline-300176.edf	/data/nsrr/datasets/chat/polysomnography/annotations-events-nsrr/baseline/chat-baseline-300176-nsrr.xml
chat-baseline-300178	/data/nsrr/datasets/chat/polysomnography/edfs/baseline/chat-baseline-300178.edf	/data/nsrr/datasets/chat/polysomnography/annotations-events-nsrr/baseline/chat-baseline-300178-nsrr.xml
chat-baseline-300179	/data/nsrr/datasets/chat/polysomnography/edfs/baseline/chat-baseline-300179.edf	/data/nsrr/datasets/chat/polysomnography/annotations-events-nsrr/baseline/chat-baseline-300179-nsrr.xml
chat-baseline-300182	/data/nsrr/datasets/chat/polysomnography/edfs/baseline/chat-baseline-300182.edf	/data/nsrr/datasets/chat/polysomnography/annotations-events-nsrr/baseline/chat-baseline-300182-nsrr.xml
chat-baseline-300183	/data/nsrr/datasets/chat/polysomnography/edfs/baseline/chat-baseline-300183.edf	/data/nsrr/datasets/chat/polysomnography/annotations-events-nsrr/baseline/chat-baseline-300183-nsrr.xml
chat-baseline-300185	/data/nsrr/datasets/chat/polysomnography/edfs/baseline/chat-baseline-300185.edf	/data/nsrr/datasets/chat/polysomnography/annotations-events-nsrr/baseline/chat-baseline-300185-nsrr.xml
chat-baseline-300186	/data/nsrr/datasets/chat/polysomnography/edfs/baseline/chat-baseline-300186.edf	/data/nsrr/datasets/chat/polysomnography/annotations-events-nsrr/baseline/chat-baseline-300186-nsrr.xml
chat-baseline-300187	/data/nsrr/datasets/chat/polysomnography/edfs/baseline/chat-baseline-300187.edf	/data/nsrr/datasets/chat/polysomnography/annotations-events-nsrr/baseline/chat-baseline-300187-nsrr.xml
chat-baseline-300189	/data/nsrr/datasets/chat/polysomnography/edfs/baseline/chat-baseline-300189.edf	/data/nsrr/datasets/chat/polysomnography/annotations-events-nsrr/baseline/chat-baseline-300189-nsrr.xml
chat-baseline-300192	/data/nsrr/datasets/chat/polysomnography/edfs/baseline/chat-baseline-300192.edf	/data/nsrr/datasets/chat/polysomnography/annotations-events-nsrr/baseline/chat-baseline-300192-nsrr.xml
chat-baseline-300194	/data/nsrr/datasets/chat/polysomnography/edfs/baseline/chat-baseline-300194.edf	/data/nsrr/datasets/chat/polysomnography/annotations-events-nsrr/baseline/chat-baseline-300194-nsrr.xml
chat-baseline-300195	/data/nsrr/datasets/chat/polysomnography/edfs/baseline/chat-baseline-300195.edf	/data/nsrr/datasets/chat/polysomnography/annotations-events-nsrr/baseline/chat-baseline-300195-nsrr.xml
chat-baseline-300196	/data/nsrr/datasets/chat/polysomnography/edfs/baseline/chat-baseline-300196.edf	/data/nsrr/datasets/chat/polysomnography/annotations-events-nsrr/baseline/chat-baseline-300196-nsrr.xml
chat-baseline-300197	/data/nsrr/datasets/chat/polysomnography/edfs/baseline/chat-baseline-300197.edf	/data/nsrr/datasets/chat/polysomnography/annotations-events-nsrr/baseline/chat-baseline-300197-nsrr.xml
chat-baseline-300198	/data/nsrr/datasets/chat/polysomnography/edfs/baseline/chat-baseline-300198.edf	/data/nsrr/datasets/chat/polysomnography/annotations-events-nsrr/baseline/chat-baseline-300198-nsrr.xml
chat-baseline-300199	/data/nsrr/datasets/chat/polysomnography/edfs/baseline/chat-baseline-300199.edf	/data/nsrr/datasets/chat/polysomnography/annotations-events-nsrr/baseline/chat-baseline-300199-nsrr.xml
chat-baseline-300202	/data/nsrr/datasets/chat/polysomnography/edfs/baseline/chat-baseline-300202.edf	/data/nsrr/datasets/chat/polysomnography/annotations-events-nsrr/baseline/chat-baseline-300202-nsrr.xml
chat-baseline-300203	/data/nsrr/datasets/chat/polysomnography/edfs/baseline/chat-baseline-300203.edf	/data/nsrr/datasets/chat/polysomnography/annotations-events-nsrr/baseline/chat-baseline-300203-nsrr.xml
chat-baseline-300206	/data/nsrr/datasets/chat/polysomnography/edfs/baseline/chat-baseline-300206.edf	/data/nsrr/datasets/chat/polysomnography/annotations-events-nsrr/baseline/chat-baseline-300206-nsrr.xml
chat-baseline-300209	/data/nsrr/datasets/chat/polysomnography/edfs/baseline/chat-baseline-300209.edf	/data/nsrr/datasets/chat/polysomnography/annotations-events-nsrr/baseline/chat-baseline-300209-nsrr.xml
chat-baseline-300214	/data/nsrr/datasets/chat/polysomnography/edfs/baseline/chat-baseline-300214.edf	/data/nsrr/datasets/chat/polysomnography/annotations-events-nsrr/baseline/chat-baseline-300214-nsrr.xml
chat-baseline-300215	/data/nsrr/datasets/chat/polysomnography/edfs/baseline/chat-baseline-300215.edf	/data/nsrr/datasets/chat/polysomnography/annotations-events-nsrr/baseline/chat-baseline-300215-nsrr.xml
chat-baseline-300216	/data/nsrr/datasets/chat/polysomnography/edfs/baseline/chat-baseline-300216.edf	/data/nsrr/datasets/chat/polysomnography/annotations-events-nsrr/baseline/chat-baseline-300216-nsrr.xml
chat-baseline-300218	/data/nsrr/datasets/chat/polysomnography/edfs/baseline/chat-baseline-300218.edf	/data/nsrr/datasets/chat/polysomnography/annotations-events-nsrr/baseline/chat-baseline-300218-nsrr.xml
chat-baseline-300220	/data/nsrr/datasets/chat/polysomnography/edfs/baseline/chat-baseline-300220.edf	/data/nsrr/datasets/chat/polysomnography/annotations-events-nsrr/baseline/chat-baseline-300220-nsrr.xml
chat-baseline-300221	/data/nsrr/datasets/chat/polysomnography/edfs/baseline/chat-baseline-300221.edf	/data/nsrr/datasets/chat/polysomnography/annotations-events-nsrr/baseline/chat-baseline-300221-nsrr.xml
chat-baseline-300224	/data/nsrr/datasets/chat/polysomnography/edfs/baseline/chat-baseline-300224.edf	/data/nsrr/datasets/chat/polysomnography/annotations-events-nsrr/baseline/chat-baseline-300224-nsrr.xml
chat-baseline-300233	/data/nsrr/datasets/chat/polysomnography/edfs/baseline/chat-baseline-300233.edf	/data/nsrr/datasets/chat/polysomnography/annotations-events-nsrr/baseline/chat-baseline-300233-nsrr.xml
chat-baseline-300234	/data/nsrr/datasets/chat/polysomnography/edfs/baseline/chat-baseline-300234.edf	/data/nsrr/datasets/chat/polysomnography/annotations-events-nsrr/baseline/chat-baseline-300234-nsrr.xml
chat-baseline-300235	/data/nsrr/datasets/chat/polysomnography/edfs/baseline/chat-baseline-300235.edf	/data/nsrr/datasets/chat/polysomnography/annotations-events-nsrr/baseline/chat-baseline-300235-nsrr.xml
chat-baseline-300238	/data/nsrr/datasets/chat/polysomnography/edfs/baseline/chat-baseline-300238.edf	/data/nsrr/datasets/chat/polysomnography/annotations-events-nsrr/baseline/chat-baseline-300238-nsrr.xml
chat-baseline-300242	/data/nsrr/datasets/chat/polysomnography/edfs/baseline/chat-baseline-300242.edf	/data/nsrr/datasets/chat/polysomnography/annotations-events-nsrr/baseline/chat-baseline-300242-nsrr.xml
chat-baseline-300243	/data/nsrr/datasets/chat/polysomnography/edfs/baseline/chat-baseline-300243.edf	/data/nsrr/datasets/chat/polysomnography/annotations-events-nsrr/baseline/chat-baseline-300243-nsrr.xml
chat-baseline-300244	/data/nsrr/datasets/chat/polysomnography/edfs/baseline/chat-baseline-300244.edf	/data/nsrr/datasets/chat/polysomnography/annotations-events-nsrr/baseline/chat-baseline-300244-nsrr.xml
chat-baseline-300245	/data/nsrr/datasets/chat/polysomnography/edfs/baseline/chat-baseline-300245.edf	/data/nsrr/datasets/chat/polysomnography/annotations-events-nsrr/baseline/chat-baseline-300245-nsrr.xml
chat-baseline-300251	/data/nsrr/datasets/chat/polysomnography/edfs/baseline/chat-baseline-300251.edf	/data/nsrr/datasets/chat/polysomnography/annotations-events-nsrr/baseline/chat-baseline-300251-nsrr.xml
chat-baseline-300252	/data/nsrr/datasets/chat/polysomnography/edfs/baseline/chat-baseline-300252.edf	/data/nsrr/datasets/chat/polysomnography/annotations-events-nsrr/baseline/chat-baseline-300252-nsrr.xml
chat-baseline-300254	/data/nsrr/datasets/chat/polysomnography/edfs/baseline/chat-baseline-300254.edf	/data/nsrr/datasets/chat/polysomnography/annotations-events-nsrr/baseline/chat-baseline-300254-nsrr.xml
chat-baseline-300255	/data/nsrr/datasets/chat/polysomnography/edfs/baseline/chat-baseline-300255.edf	/data/nsrr/datasets/chat/polysomnography/annotations-events-nsrr/baseline/chat-baseline-300255-nsrr.xml
chat-baseline-300257	/data/nsrr/datasets/chat/polysomnography/edfs/baseline/chat-baseline-300257.edf	/data/nsrr/datasets/chat/polysomnography/annotations-events-nsrr/baseline/chat-baseline-300257-nsrr.xml
chat-baseline-300260	/data/nsrr/datasets/chat/polysomnography/edfs/baseline/chat-baseline-300260.edf	/data/nsrr/datasets/chat/polysomnography/annotations-events-nsrr/baseline/chat-baseline-300260-nsrr.xml
chat-baseline-300262	/data/nsrr/datasets/chat/polysomnography/edfs/baseline/chat-baseline-300262.edf	/data/nsrr/datasets/chat/polysomnography/annotations-events-nsrr/baseline/chat-baseline-300262-nsrr.xml
chat-baseline-300264	/data/nsrr/datasets/chat/polysomnography/edfs/baseline/chat-baseline-300264.edf	/data/nsrr/datasets/chat/polysomnography/annotations-events-nsrr/baseline/chat-baseline-300264-nsrr.xml
chat-baseline-300265	/data/nsrr/datasets/chat/polysomnography/edfs/baseline/chat-baseline-300265.edf	/data/nsrr/datasets/chat/polysomnography/annotations-events-nsrr/baseline/chat-baseline-300265-nsrr.xml
chat-baseline-300271	/data/nsrr/datasets/chat/polysomnography/edfs/baseline/chat-baseline-300271.edf	/data/nsrr/datasets/chat/polysomnography/annotations-events-nsrr/baseline/chat-baseline-300271-nsrr.xml
chat-baseline-300274	/data/nsrr/datasets/chat/polysomnography/edfs/baseline/chat-baseline-300274.edf	/data/nsrr/datasets/chat/polysomnography/annotations-events-nsrr/baseline/chat-baseline-300274-nsrr.xml
chat-baseline-300277	/data/nsrr/datasets/chat/polysomnography/edfs/baseline/chat-baseline-300277.edf	/data/nsrr/datasets/chat/polysomnography/annotations-events-nsrr/baseline/chat-baseline-300277-nsrr.xml
chat-baseline-300282	/data/nsrr/datasets/chat/polysomnography/edfs/baseline/chat-baseline-300282.edf	/data/nsrr/datasets/chat/polysomnography/annotations-events-nsrr/baseline/chat-baseline-300282-nsrr.xml
chat-baseline-300284	/data/nsrr/datasets/chat/polysomnography/edfs/baseline/chat-baseline-300284.edf	/data/nsrr/datasets/chat/polysomnography/annotations-events-nsrr/baseline/chat-baseline-300284-nsrr.xml
chat-baseline-300285	/data/nsrr/datasets/chat/polysomnography/edfs/baseline/chat-baseline-300285.edf	/data/nsrr/datasets/chat/polysomnography/annotations-events-nsrr/baseline/chat-baseline-300285-nsrr.xml
chat-baseline-300295	/data/nsrr/datasets/chat/polysomnography/edfs/baseline/chat-baseline-300295.edf	/data/nsrr/datasets/chat/polysomnography/annotations-events-nsrr/baseline/chat-baseline-300295-nsrr.xml
chat-baseline-300297	/data/nsrr/datasets/chat/polysomnography/edfs/baseline/chat-baseline-300297.edf	/data/nsrr/datasets/chat/polysomnography/annotations-events-nsrr/baseline/chat-baseline-300297-nsrr.xml
chat-baseline-300303	/data/nsrr/datasets/chat/polysomnography/edfs/baseline/chat-baseline-300303.edf	/data/nsrr/datasets/chat/polysomnography/annotations-events-nsrr/baseline/chat-baseline-300303-nsrr.xml
chat-baseline-300307	/data/nsrr/datasets/chat/polysomnography/edfs/baseline/chat-baseline-300307.edf	/data/nsrr/datasets/chat/polysomnography/annotations-events-nsrr/baseline/chat-baseline-300307-nsrr.xml
chat-baseline-300308	/data/nsrr/datasets/chat/polysomnography/edfs/baseline/chat-baseline-300308.edf	/data/nsrr/datasets/chat/polysomnography/annotations-events-nsrr/baseline/chat-baseline-300308-nsrr.xml
chat-baseline-300310	/data/nsrr/datasets/chat/polysomnography/edfs/baseline/chat-baseline-300310.edf	/data/nsrr/datasets/chat/polysomnography/annotations-events-nsrr/baseline/chat-baseline-300310-nsrr.xml
chat-baseline-300311	/data/nsrr/datasets/chat/polysomnography/edfs/baseline/chat-baseline-300311.edf	/data/nsrr/datasets/chat/polysomnography/annotations-events-nsrr/baseline/chat-baseline-300311-nsrr.xml
chat-baseline-300312	/data/nsrr/datasets/chat/polysomnography/edfs/baseline/chat-baseline-300312.edf	/data/nsrr/datasets/chat/polysomnography/annotations-events-nsrr/baseline/chat-baseline-300312-nsrr.xml
chat-baseline-300314	/data/nsrr/datasets/chat/polysomnography/edfs/baseline/chat-baseline-300314.edf	/data/nsrr/datasets/chat/polysomnography/annotations-events-nsrr/baseline/chat-baseline-300314-nsrr.xml
chat-baseline-300315	/data/nsrr/datasets/chat/polysomnography/edfs/baseline/chat-baseline-300315.edf	/data/nsrr/datasets/chat/polysomnography/annotations-events-nsrr/baseline/chat-baseline-300315-nsrr.xml
chat-baseline-300320	/data/nsrr/datasets/chat/polysomnography/edfs/baseline/chat-baseline-300320.edf	/data/nsrr/datasets/chat/polysomnography/annotations-events-nsrr/baseline/chat-baseline-300320-nsrr.xml
chat-baseline-300326	/data/nsrr/datasets/chat/polysomnography/edfs/baseline/chat-baseline-300326.edf	/data/nsrr/datasets/chat/polysomnography/annotations-events-nsrr/baseline/chat-baseline-300326-nsrr.xml
chat-baseline-300331	/data/nsrr/datasets/chat/polysomnography/edfs/baseline/chat-baseline-300331.edf	/data/nsrr/datasets/chat/polysomnography/annotations-events-nsrr/baseline/chat-baseline-300331-nsrr.xml
chat-baseline-300333	/data/nsrr/datasets/chat/polysomnography/edfs/baseline/chat-baseline-300333.edf	/data/nsrr/datasets/chat/polysomnography/annotations-events-nsrr/baseline/chat-baseline-300333-nsrr.xml
chat-baseline-300335	/data/nsrr/datasets/chat/polysomnography/edfs/baseline/chat-baseline-300335.edf	/data/nsrr/datasets/chat/polysomnography/annotations-events-nsrr/baseline/chat-baseline-300335-nsrr.xml
chat-baseline-300336	/data/nsrr/datasets/chat/polysomnography/edfs/baseline/chat-baseline-300336.edf	/data/nsrr/datasets/chat/polysomnography/annotations-events-nsrr/baseline/chat-baseline-300336-nsrr.xml
chat-baseline-300343	/data/nsrr/datasets/chat/polysomnography/edfs/baseline/chat-baseline-300343.edf	/data/nsrr/datasets/chat/polysomnography/annotations-events-nsrr/baseline/chat-baseline-300343-nsrr.xml
chat-baseline-300345	/data/nsrr/datasets/chat/polysomnography/edfs/baseline/chat-baseline-300345.edf	/data/nsrr/datasets/chat/polysomnography/annotations-events-nsrr/baseline/chat-baseline-300345-nsrr.xml
chat-baseline-300349	/data/nsrr/datasets/chat/polysomnography/edfs/baseline/chat-baseline-300349.edf	/data/nsrr/datasets/chat/polysomnography/annotations-events-nsrr/baseline/chat-baseline-300349-nsrr.xml
chat-baseline-300350	/data/nsrr/datasets/chat/polysomnography/edfs/baseline/chat-baseline-300350.edf	/data/nsrr/datasets/chat/polysomnography/annotations-events-nsrr/baseline/chat-baseline-300350-nsrr.xml
chat-baseline-300351	/data/nsrr/datasets/chat/polysomnography/edfs/baseline/chat-baseline-300351.edf	/data/nsrr/datasets/chat/polysomnography/annotations-events-nsrr/baseline/chat-baseline-300351-nsrr.xml
chat-baseline-300352	/data/nsrr/datasets/chat/polysomnography/edfs/baseline/chat-baseline-300352.edf	/data/nsrr/datasets/chat/polysomnography/annotations-events-nsrr/baseline/chat-baseline-300352-nsrr.xml
chat-baseline-300355	/data/nsrr/datasets/chat/polysomnography/edfs/baseline/chat-baseline-300355.edf	/data/nsrr/datasets/chat/polysomnography/annotations-events-nsrr/baseline/chat-baseline-300355-nsrr.xml
chat-baseline-300357	/data/nsrr/datasets/chat/polysomnography/edfs/baseline/chat-baseline-300357.edf	/data/nsrr/datasets/chat/polysomnography/annotations-events-nsrr/baseline/chat-baseline-300357-nsrr.xml
chat-baseline-300360	/data/nsrr/datasets/chat/polysomnography/edfs/baseline/chat-baseline-300360.edf	/data/nsrr/datasets/chat/polysomnography/annotations-events-nsrr/baseline/chat-baseline-300360-nsrr.xml
chat-baseline-300365	/data/nsrr/datasets/chat/polysomnography/edfs/baseline/chat-baseline-300365.edf	/data/nsrr/datasets/chat/polysomnography/annotations-events-nsrr/baseline/chat-baseline-300365-nsrr.xml
chat-baseline-300368	/data/nsrr/datasets/chat/polysomnography/edfs/baseline/chat-baseline-300368.edf	/data/nsrr/datasets/chat/polysomnography/annotations-events-nsrr/baseline/chat-baseline-300368-nsrr.xml
chat-baseline-300372	/data/nsrr/datasets/chat/polysomnography/edfs/baseline/chat-baseline-300372.edf	/data/nsrr/datasets/chat/polysomnography/annotations-events-nsrr/baseline/chat-baseline-300372-nsrr.xml
chat-baseline-300376	/data/nsrr/datasets/chat/polysomnography/edfs/baseline/chat-baseline-300376.edf	/data/nsrr/datasets/chat/polysomnography/annotations-events-nsrr/baseline/chat-baseline-300376-nsrr.xml
chat-baseline-300377	/data/nsrr/datasets/chat/polysomnography/edfs/baseline/chat-baseline-300377.edf	/data/nsrr/datasets/chat/polysomnography/annotations-events-nsrr/baseline/chat-baseline-300377-nsrr.xml
chat-baseline-300378	/data/nsrr/datasets/chat/polysomnography/edfs/baseline/chat-baseline-300378.edf	/data/nsrr/datasets/chat/polysomnography/annotations-events-nsrr/baseline/chat-baseline-300378-nsrr.xml
chat-baseline-300379	/data/nsrr/datasets/chat/polysomnography/edfs/baseline/chat-baseline-300379.edf	/data/nsrr/datasets/chat/polysomnography/annotations-events-nsrr/baseline/chat-baseline-300379-nsrr.xml
chat-baseline-300380	/data/nsrr/datasets/chat/polysomnography/edfs/baseline/chat-baseline-300380.edf	/data/nsrr/datasets/chat/polysomnography/annotations-events-nsrr/baseline/chat-baseline-300380-nsrr.xml
chat-baseline-300386	/data/nsrr/datasets/chat/polysomnography/edfs/baseline/chat-baseline-300386.edf	/data/nsrr/datasets/chat/polysomnography/annotations-events-nsrr/baseline/chat-baseline-300386-nsrr.xml
chat-baseline-300387	/data/nsrr/datasets/chat/polysomnography/edfs/baseline/chat-baseline-300387.edf	/data/nsrr/datasets/chat/polysomnography/annotations-events-nsrr/baseline/chat-baseline-300387-nsrr.xml
chat-baseline-300388	/data/nsrr/datasets/chat/polysomnography/edfs/baseline/chat-baseline-300388.edf	/data/nsrr/datasets/chat/polysomnography/annotations-events-nsrr/baseline/chat-baseline-300388-nsrr.xml
chat-baseline-300396	/data/nsrr/datasets/chat/polysomnography/edfs/baseline/chat-baseline-300396.edf	/data/nsrr/datasets/chat/polysomnography/annotations-events-nsrr/baseline/chat-baseline-300396-nsrr.xml
chat-baseline-300397	/data/nsrr/datasets/chat/polysomnography/edfs/baseline/chat-baseline-300397.edf	/data/nsrr/datasets/chat/polysomnography/annotations-events-nsrr/baseline/chat-baseline-300397-nsrr.xml
chat-baseline-300400	/data/nsrr/datasets/chat/polysomnography/edfs/baseline/chat-baseline-300400.edf	/data/nsrr/datasets/chat/polysomnography/annotations-events-nsrr/baseline/chat-baseline-300400-nsrr.xml
chat-baseline-300401	/data/nsrr/datasets/chat/polysomnography/edfs/baseline/chat-baseline-300401.edf	/data/nsrr/datasets/chat/polysomnography/annotations-events-nsrr/baseline/chat-baseline-300401-nsrr.xml
chat-baseline-300403	/data/nsrr/datasets/chat/polysomnography/edfs/baseline/chat-baseline-300403.edf	/data/nsrr/datasets/chat/polysomnography/annotations-events-nsrr/baseline/chat-baseline-300403-nsrr.xml
chat-baseline-300408	/data/nsrr/datasets/chat/polysomnography/edfs/baseline/chat-baseline-300408.edf	/data/nsrr/datasets/chat/polysomnography/annotations-events-nsrr/baseline/chat-baseline-300408-nsrr.xml
chat-baseline-300410	/data/nsrr/datasets/chat/polysomnography/edfs/baseline/chat-baseline-300410.edf	/data/nsrr/datasets/chat/polysomnography/annotations-events-nsrr/baseline/chat-baseline-300410-nsrr.xml
chat-baseline-300412	/data/nsrr/datasets/chat/polysomnography/edfs/baseline/chat-baseline-300412.edf	/data/nsrr/datasets/chat/polysomnography/annotations-events-nsrr/baseline/chat-baseline-300412-nsrr.xml
chat-baseline-300414	/data/nsrr/datasets/chat/polysomnography/edfs/baseline/chat-baseline-300414.edf	/data/nsrr/datasets/chat/polysomnography/annotations-events-nsrr/baseline/chat-baseline-300414-nsrr.xml
chat-baseline-300418	/data/nsrr/datasets/chat/polysomnography/edfs/baseline/chat-baseline-300418.edf	/data/nsrr/datasets/chat/polysomnography/annotations-events-nsrr/baseline/chat-baseline-300418-nsrr.xml
chat-baseline-300420	/data/nsrr/datasets/chat/polysomnography/edfs/baseline/chat-baseline-300420.edf	/data/nsrr/datasets/chat/polysomnography/annotations-events-nsrr/baseline/chat-baseline-300420-nsrr.xml
chat-baseline-300422	/data/nsrr/datasets/chat/polysomnography/edfs/baseline/chat-baseline-300422.edf	/data/nsrr/datasets/chat/polysomnography/annotations-events-nsrr/baseline/chat-baseline-300422-nsrr.xml
chat-baseline-300426	/data/nsrr/datasets/chat/polysomnography/edfs/baseline/chat-baseline-300426.edf	/data/nsrr/datasets/chat/polysomnography/annotations-events-nsrr/baseline/chat-baseline-300426-nsrr.xml
chat-baseline-300434	/data/nsrr/datasets/chat/polysomnography/edfs/baseline/chat-baseline-300434.edf	/data/nsrr/datasets/chat/polysomnography/annotations-events-nsrr/baseline/chat-baseline-300434-nsrr.xml
chat-baseline-300436	/data/nsrr/datasets/chat/polysomnography/edfs/baseline/chat-baseline-300436.edf	/data/nsrr/datasets/chat/polysomnography/annotations-events-nsrr/baseline/chat-baseline-300436-nsrr.xml
chat-baseline-300438	/data/nsrr/datasets/chat/polysomnography/edfs/baseline/chat-baseline-300438.edf	/data/nsrr/datasets/chat/polysomnography/annotations-events-nsrr/baseline/chat-baseline-300438-nsrr.xml
chat-baseline-300442	/data/nsrr/datasets/chat/polysomnography/edfs/baseline/chat-baseline-300442.edf	/data/nsrr/datasets/chat/polysomnography/annotations-events-nsrr/baseline/chat-baseline-300442-nsrr.xml
chat-baseline-300444	/data/nsrr/datasets/chat/polysomnography/edfs/baseline/chat-baseline-300444.edf	/data/nsrr/datasets/chat/polysomnography/annotations-events-nsrr/baseline/chat-baseline-300444-nsrr.xml
chat-baseline-300447	/data/nsrr/datasets/chat/polysomnography/edfs/baseline/chat-baseline-300447.edf	/data/nsrr/datasets/chat/polysomnography/annotations-events-nsrr/baseline/chat-baseline-300447-nsrr.xml
chat-baseline-300452	/data/nsrr/datasets/chat/polysomnography/edfs/baseline/chat-baseline-300452.edf	/data/nsrr/datasets/chat/polysomnography/annotations-events-nsrr/baseline/chat-baseline-300452-nsrr.xml
chat-baseline-300455	/data/nsrr/datasets/chat/polysomnography/edfs/baseline/chat-baseline-300455.edf	/data/nsrr/datasets/chat/polysomnography/annotations-events-nsrr/baseline/chat-baseline-300455-nsrr.xml
chat-baseline-300456	/data/nsrr/datasets/chat/polysomnography/edfs/baseline/chat-baseline-300456.edf	/data/nsrr/datasets/chat/polysomnography/annotations-events-nsrr/baseline/chat-baseline-300456-nsrr.xml
chat-baseline-300461	/data/nsrr/datasets/chat/polysomnography/edfs/baseline/chat-baseline-300461.edf	/data/nsrr/datasets/chat/polysomnography/annotations-events-nsrr/baseline/chat-baseline-300461-nsrr.xml
chat-baseline-300462	/data/nsrr/datasets/chat/polysomnography/edfs/baseline/chat-baseline-300462.edf	/data/nsrr/datasets/chat/polysomnography/annotations-events-nsrr/baseline/chat-baseline-300462-nsrr.xml
chat-baseline-300464	/data/nsrr/datasets/chat/polysomnography/edfs/baseline/chat-baseline-300464.edf	/data/nsrr/datasets/chat/polysomnography/annotations-events-nsrr/baseline/chat-baseline-300464-nsrr.xml
chat-baseline-300469	/data/nsrr/datasets/chat/polysomnography/edfs/baseline/chat-baseline-300469.edf	/data/nsrr/datasets/chat/polysomnography/annotations-events-nsrr/baseline/chat-baseline-300469-nsrr.xml
chat-baseline-300470	/data/nsrr/datasets/chat/polysomnography/edfs/baseline/chat-baseline-300470.edf	/data/nsrr/datasets/chat/polysomnography/annotations-events-nsrr/baseline/chat-baseline-300470-nsrr.xml
chat-baseline-300480	/data/nsrr/datasets/chat/polysomnography/edfs/baseline/chat-baseline-300480.edf	/data/nsrr/datasets/chat/polysomnography/annotations-events-nsrr/baseline/chat-baseline-300480-nsrr.xml
chat-baseline-300481	/data/nsrr/datasets/chat/polysomnography/edfs/baseline/chat-baseline-300481.edf	/data/nsrr/datasets/chat/polysomnography/annotations-events-nsrr/baseline/chat-baseline-300481-nsrr.xml
chat-baseline-300485	/data/nsrr/datasets/chat/polysomnography/edfs/baseline/chat-baseline-300485.edf	/data/nsrr/datasets/chat/polysomnography/annotations-events-nsrr/baseline/chat-baseline-300485-nsrr.xml
chat-baseline-300486	/data/nsrr/datasets/chat/polysomnography/edfs/baseline/chat-baseline-300486.edf	/data/nsrr/datasets/chat/polysomnography/annotations-events-nsrr/baseline/chat-baseline-300486-nsrr.xml
chat-baseline-300489	/data/nsrr/datasets/chat/polysomnography/edfs/baseline/chat-baseline-300489.edf	/data/nsrr/datasets/chat/polysomnography/annotations-events-nsrr/baseline/chat-baseline-300489-nsrr.xml
chat-baseline-300490	/data/nsrr/datasets/chat/polysomnography/edfs/baseline/chat-baseline-300490.edf	/data/nsrr/datasets/chat/polysomnography/annotations-events-nsrr/baseline/chat-baseline-300490-nsrr.xml
chat-baseline-300495	/data/nsrr/datasets/chat/polysomnography/edfs/baseline/chat-baseline-300495.edf	/data/nsrr/datasets/chat/polysomnography/annotations-events-nsrr/baseline/chat-baseline-300495-nsrr.xml
chat-baseline-300496	/data/nsrr/datasets/chat/polysomnography/edfs/baseline/chat-baseline-300496.edf	/data/nsrr/datasets/chat/polysomnography/annotations-events-nsrr/baseline/chat-baseline-300496-nsrr.xml
chat-baseline-300497	/data/nsrr/datasets/chat/polysomnography/edfs/baseline/chat-baseline-300497.edf	/data/nsrr/datasets/chat/polysomnography/annotations-events-nsrr/baseline/chat-baseline-300497-nsrr.xml
chat-baseline-300499	/data/nsrr/datasets/chat/polysomnography/edfs/baseline/chat-baseline-300499.edf	/data/nsrr/datasets/chat/polysomnography/annotations-events-nsrr/baseline/chat-baseline-300499-nsrr.xml
chat-baseline-300503	/data/nsrr/datasets/chat/polysomnography/edfs/baseline/chat-baseline-300503.edf	/data/nsrr/datasets/chat/polysomnography/annotations-events-nsrr/baseline/chat-baseline-300503-nsrr.xml
chat-baseline-300508	/data/nsrr/datasets/chat/polysomnography/edfs/baseline/chat-baseline-300508.edf	/data/nsrr/datasets/chat/polysomnography/annotations-events-nsrr/baseline/chat-baseline-300508-nsrr.xml
chat-baseline-300509	/data/nsrr/datasets/chat/polysomnography/edfs/baseline/chat-baseline-300509.edf	/data/nsrr/datasets/chat/polysomnography/annotations-events-nsrr/baseline/chat-baseline-300509-nsrr.xml
chat-baseline-300510	/data/nsrr/datasets/chat/polysomnography/edfs/baseline/chat-baseline-300510.edf	/data/nsrr/datasets/chat/polysomnography/annotations-events-nsrr/baseline/chat-baseline-300510-nsrr.xml
chat-baseline-300512	/data/nsrr/datasets/chat/polysomnography/edfs/baseline/chat-baseline-300512.edf	/data/nsrr/datasets/chat/polysomnography/annotations-events-nsrr/baseline/chat-baseline-300512-nsrr.xml
chat-baseline-300513	/data/nsrr/datasets/chat/polysomnography/edfs/baseline/chat-baseline-300513.edf	/data/nsrr/datasets/chat/polysomnography/annotations-events-nsrr/baseline/chat-baseline-300513-nsrr.xml
chat-baseline-300515	/data/nsrr/datasets/chat/polysomnography/edfs/baseline/chat-baseline-300515.edf	/data/nsrr/datasets/chat/polysomnography/annotations-events-nsrr/baseline/chat-baseline-300515-nsrr.xml
chat-baseline-300517	/data/nsrr/datasets/chat/polysomnography/edfs/baseline/chat-baseline-300517.edf	/data/nsrr/datasets/chat/polysomnography/annotations-events-nsrr/baseline/chat-baseline-300517-nsrr.xml
chat-baseline-300520	/data/nsrr/datasets/chat/polysomnography/edfs/baseline/chat-baseline-300520.edf	/data/nsrr/datasets/chat/polysomnography/annotations-events-nsrr/baseline/chat-baseline-300520-nsrr.xml
chat-baseline-300526	/data/nsrr/datasets/chat/polysomnography/edfs/baseline/chat-baseline-300526.edf	/data/nsrr/datasets/chat/polysomnography/annotations-events-nsrr/baseline/chat-baseline-300526-nsrr.xml
chat-baseline-300529	/data/nsrr/datasets/chat/polysomnography/edfs/baseline/chat-baseline-300529.edf	/data/nsrr/datasets/chat/polysomnography/annotations-events-nsrr/baseline/chat-baseline-300529-nsrr.xml
chat-baseline-300536	/data/nsrr/datasets/chat/polysomnography/edfs/baseline/chat-baseline-300536.edf	/data/nsrr/datasets/chat/polysomnography/annotations-events-nsrr/baseline/chat-baseline-300536-nsrr.xml
chat-baseline-300540	/data/nsrr/datasets/chat/polysomnography/edfs/baseline/chat-baseline-300540.edf	/data/nsrr/datasets/chat/polysomnography/annotations-events-nsrr/baseline/chat-baseline-300540-nsrr.xml
chat-baseline-300541	/data/nsrr/datasets/chat/polysomnography/edfs/baseline/chat-baseline-300541.edf	/data/nsrr/datasets/chat/polysomnography/annotations-events-nsrr/baseline/chat-baseline-300541-nsrr.xml
chat-baseline-300544	/data/nsrr/datasets/chat/polysomnography/edfs/baseline/chat-baseline-300544.edf	/data/nsrr/datasets/chat/polysomnography/annotations-events-nsrr/baseline/chat-baseline-300544-nsrr.xml
chat-baseline-300547	/data/nsrr/datasets/chat/polysomnography/edfs/baseline/chat-baseline-300547.edf	/data/nsrr/datasets/chat/polysomnography/annotations-events-nsrr/baseline/chat-baseline-300547-nsrr.xml
chat-baseline-300548	/data/nsrr/datasets/chat/polysomnography/edfs/baseline/chat-baseline-300548.edf	/data/nsrr/datasets/chat/polysomnography/annotations-events-nsrr/baseline/chat-baseline-300548-nsrr.xml
chat-baseline-300549	/data/nsrr/datasets/chat/polysomnography/edfs/baseline/chat-baseline-300549.edf	/data/nsrr/datasets/chat/polysomnography/annotations-events-nsrr/baseline/chat-baseline-300549-nsrr.xml
chat-baseline-300550	/data/nsrr/datasets/chat/polysomnography/edfs/baseline/chat-baseline-300550.edf	/data/nsrr/datasets/chat/polysomnography/annotations-events-nsrr/baseline/chat-baseline-300550-nsrr.xml
chat-baseline-300552	/data/nsrr/datasets/chat/polysomnography/edfs/baseline/chat-baseline-300552.edf	/data/nsrr/datasets/chat/polysomnography/annotations-events-nsrr/baseline/chat-baseline-300552-nsrr.xml
chat-baseline-300553	/data/nsrr/datasets/chat/polysomnography/edfs/baseline/chat-baseline-300553.edf	/data/nsrr/datasets/chat/polysomnography/annotations-events-nsrr/baseline/chat-baseline-300553-nsrr.xml
chat-baseline-300554	/data/nsrr/datasets/chat/polysomnography/edfs/baseline/chat-baseline-300554.edf	/data/nsrr/datasets/chat/polysomnography/annotations-events-nsrr/baseline/chat-baseline-300554-nsrr.xml
chat-baseline-300555	/data/nsrr/datasets/chat/polysomnography/edfs/baseline/chat-baseline-300555.edf	/data/nsrr/datasets/chat/polysomnography/annotations-events-nsrr/baseline/chat-baseline-300555-nsrr.xml
chat-baseline-300560	/data/nsrr/datasets/chat/polysomnography/edfs/baseline/chat-baseline-300560.edf	/data/nsrr/datasets/chat/polysomnography/annotations-events-nsrr/baseline/chat-baseline-300560-nsrr.xml
chat-baseline-300561	/data/nsrr/datasets/chat/polysomnography/edfs/baseline/chat-baseline-300561.edf	/data/nsrr/datasets/chat/polysomnography/annotations-events-nsrr/baseline/chat-baseline-300561-nsrr.xml
chat-baseline-300563	/data/nsrr/datasets/chat/polysomnography/edfs/baseline/chat-baseline-300563.edf	/data/nsrr/datasets/chat/polysomnography/annotations-events-nsrr/baseline/chat-baseline-300563-nsrr.xml
chat-baseline-300566	/data/nsrr/datasets/chat/polysomnography/edfs/baseline/chat-baseline-300566.edf	/data/nsrr/datasets/chat/polysomnography/annotations-events-nsrr/baseline/chat-baseline-300566-nsrr.xml
chat-baseline-300567	/data/nsrr/datasets/chat/polysomnography/edfs/baseline/chat-baseline-300567.edf	/data/nsrr/datasets/chat/polysomnography/annotations-events-nsrr/baseline/chat-baseline-300567-nsrr.xml
chat-baseline-300571	/data/nsrr/datasets/chat/polysomnography/edfs/baseline/chat-baseline-300571.edf	/data/nsrr/datasets/chat/polysomnography/annotations-events-nsrr/baseline/chat-baseline-300571-nsrr.xml
chat-baseline-300573	/data/nsrr/datasets/chat/polysomnography/edfs/baseline/chat-baseline-300573.edf	/data/nsrr/datasets/chat/polysomnography/annotations-events-nsrr/baseline/chat-baseline-300573-nsrr.xml
chat-baseline-300575	/data/nsrr/datasets/chat/polysomnography/edfs/baseline/chat-baseline-300575.edf	/data/nsrr/datasets/chat/polysomnography/annotations-events-nsrr/baseline/chat-baseline-300575-nsrr.xml
chat-baseline-300579	/data/nsrr/datasets/chat/polysomnography/edfs/baseline/chat-baseline-300579.edf	/data/nsrr/datasets/chat/polysomnography/annotations-events-nsrr/baseline/chat-baseline-300579-nsrr.xml
chat-baseline-300585	/data/nsrr/datasets/chat/polysomnography/edfs/baseline/chat-baseline-300585.edf	/data/nsrr/datasets/chat/polysomnography/annotations-events-nsrr/baseline/chat-baseline-300585-nsrr.xml
chat-baseline-300590	/data/nsrr/datasets/chat/polysomnography/edfs/baseline/chat-baseline-300590.edf	/data/nsrr/datasets/chat/polysomnography/annotations-events-nsrr/baseline/chat-baseline-300590-nsrr.xml
chat-baseline-300594	/data/nsrr/datasets/chat/polysomnography/edfs/baseline/chat-baseline-300594.edf	/data/nsrr/datasets/chat/polysomnography/annotations-events-nsrr/baseline/chat-baseline-300594-nsrr.xml
chat-baseline-300596	/data/nsrr/datasets/chat/polysomnography/edfs/baseline/chat-baseline-300596.edf	/data/nsrr/datasets/chat/polysomnography/annotations-events-nsrr/baseline/chat-baseline-300596-nsrr.xml
chat-baseline-300598	/data/nsrr/datasets/chat/polysomnography/edfs/baseline/chat-baseline-300598.edf	/data/nsrr/datasets/chat/polysomnography/annotations-events-nsrr/baseline/chat-baseline-300598-nsrr.xml
chat-baseline-300601	/data/nsrr/datasets/chat/polysomnography/edfs/baseline/chat-baseline-300601.edf	/data/nsrr/datasets/chat/polysomnography/annotations-events-nsrr/baseline/chat-baseline-300601-nsrr.xml
chat-baseline-300612	/data/nsrr/datasets/chat/polysomnography/edfs/baseline/chat-baseline-300612.edf	/data/nsrr/datasets/chat/polysomnography/annotations-events-nsrr/baseline/chat-baseline-300612-nsrr.xml
chat-baseline-300614	/data/nsrr/datasets/chat/polysomnography/edfs/baseline/chat-baseline-300614.edf	/data/nsrr/datasets/chat/polysomnography/annotations-events-nsrr/baseline/chat-baseline-300614-nsrr.xml
chat-baseline-300615	/data/nsrr/datasets/chat/polysomnography/edfs/baseline/chat-baseline-300615.edf	/data/nsrr/datasets/chat/polysomnography/annotations-events-nsrr/baseline/chat-baseline-300615-nsrr.xml
chat-baseline-300617	/data/nsrr/datasets/chat/polysomnography/edfs/baseline/chat-baseline-300617.edf	/data/nsrr/datasets/chat/polysomnography/annotations-events-nsrr/baseline/chat-baseline-300617-nsrr.xml
chat-baseline-300618	/data/nsrr/datasets/chat/polysomnography/edfs/baseline/chat-baseline-300618.edf	/data/nsrr/datasets/chat/polysomnography/annotations-events-nsrr/baseline/chat-baseline-300618-nsrr.xml
chat-baseline-300620	/data/nsrr/datasets/chat/polysomnography/edfs/baseline/chat-baseline-300620.edf	/data/nsrr/datasets/chat/polysomnography/annotations-events-nsrr/baseline/chat-baseline-300620-nsrr.xml
chat-baseline-300626	/data/nsrr/datasets/chat/polysomnography/edfs/baseline/chat-baseline-300626.edf	/data/nsrr/datasets/chat/polysomnography/annotations-events-nsrr/baseline/chat-baseline-300626-nsrr.xml
chat-baseline-300627	/data/nsrr/datasets/chat/polysomnography/edfs/baseline/chat-baseline-300627.edf	/data/nsrr/datasets/chat/polysomnography/annotations-events-nsrr/baseline/chat-baseline-300627-nsrr.xml
chat-baseline-300630	/data/nsrr/datasets/chat/polysomnography/edfs/baseline/chat-baseline-300630.edf	/data/nsrr/datasets/chat/polysomnography/annotations-events-nsrr/baseline/chat-baseline-300630-nsrr.xml
chat-baseline-300633	/data/nsrr/datasets/chat/polysomnography/edfs/baseline/chat-baseline-300633.edf	/data/nsrr/datasets/chat/polysomnography/annotations-events-nsrr/baseline/chat-baseline-300633-nsrr.xml
chat-baseline-300634	/data/nsrr/datasets/chat/polysomnography/edfs/baseline/chat-baseline-300634.edf	/data/nsrr/datasets/chat/polysomnography/annotations-events-nsrr/baseline/chat-baseline-300634-nsrr.xml
chat-baseline-300635	/data/nsrr/datasets/chat/polysomnography/edfs/baseline/chat-baseline-300635.edf	/data/nsrr/datasets/chat/polysomnography/annotations-events-nsrr/baseline/chat-baseline-300635-nsrr.xml
chat-baseline-300636	/data/nsrr/datasets/chat/polysomnography/edfs/baseline/chat-baseline-300636.edf	/data/nsrr/datasets/chat/polysomnography/annotations-events-nsrr/baseline/chat-baseline-300636-nsrr.xml
chat-baseline-300638	/data/nsrr/datasets/chat/polysomnography/edfs/baseline/chat-baseline-300638.edf	/data/nsrr/datasets/chat/polysomnography/annotations-events-nsrr/baseline/chat-baseline-300638-nsrr.xml
chat-baseline-300639	/data/nsrr/datasets/chat/polysomnography/edfs/baseline/chat-baseline-300639.edf	/data/nsrr/datasets/chat/polysomnography/annotations-events-nsrr/baseline/chat-baseline-300639-nsrr.xml
chat-baseline-300641	/data/nsrr/datasets/chat/polysomnography/edfs/baseline/chat-baseline-300641.edf	/data/nsrr/datasets/chat/polysomnography/annotations-events-nsrr/baseline/chat-baseline-300641-nsrr.xml
chat-baseline-300646	/data/nsrr/datasets/chat/polysomnography/edfs/baseline/chat-baseline-300646.edf	/data/nsrr/datasets/chat/polysomnography/annotations-events-nsrr/baseline/chat-baseline-300646-nsrr.xml
chat-baseline-300648	/data/nsrr/datasets/chat/polysomnography/edfs/baseline/chat-baseline-300648.edf	/data/nsrr/datasets/chat/polysomnography/annotations-events-nsrr/baseline/chat-baseline-300648-nsrr.xml
chat-baseline-300649	/data/nsrr/datasets/chat/polysomnography/edfs/baseline/chat-baseline-300649.edf	/data/nsrr/datasets/chat/polysomnography/annotations-events-nsrr/baseline/chat-baseline-300649-nsrr.xml
chat-baseline-300650	/data/nsrr/datasets/chat/polysomnography/edfs/baseline/chat-baseline-300650.edf	/data/nsrr/datasets/chat/polysomnography/annotations-events-nsrr/baseline/chat-baseline-300650-nsrr.xml
chat-baseline-300651	/data/nsrr/datasets/chat/polysomnography/edfs/baseline/chat-baseline-300651.edf	/data/nsrr/datasets/chat/polysomnography/annotations-events-nsrr/baseline/chat-baseline-300651-nsrr.xml
chat-baseline-300652	/data/nsrr/datasets/chat/polysomnography/edfs/baseline/chat-baseline-300652.edf	/data/nsrr/datasets/chat/polysomnography/annotations-events-nsrr/baseline/chat-baseline-300652-nsrr.xml
chat-baseline-300653	/data/nsrr/datasets/chat/polysomnography/edfs/baseline/chat-baseline-300653.edf	/data/nsrr/datasets/chat/polysomnography/annotations-events-nsrr/baseline/chat-baseline-300653-nsrr.xml
chat-baseline-300658	/data/nsrr/datasets/chat/polysomnography/edfs/baseline/chat-baseline-300658.edf	/data/nsrr/datasets/chat/polysomnography/annotations-events-nsrr/baseline/chat-baseline-300658-nsrr.xml
chat-baseline-300659	/data/nsrr/datasets/chat/polysomnography/edfs/baseline/chat-baseline-300659.edf	/data/nsrr/datasets/chat/polysomnography/annotations-events-nsrr/baseline/chat-baseline-300659-nsrr.xml
chat-baseline-300663	/data/nsrr/datasets/chat/polysomnography/edfs/baseline/chat-baseline-300663.edf	/data/nsrr/datasets/chat/polysomnography/annotations-events-nsrr/baseline/chat-baseline-300663-nsrr.xml
chat-baseline-300666	/data/nsrr/datasets/chat/polysomnography/edfs/baseline/chat-baseline-300666.edf	/data/nsrr/datasets/chat/polysomnography/annotations-events-nsrr/baseline/chat-baseline-300666-nsrr.xml
chat-baseline-300668	/data/nsrr/datasets/chat/polysomnography/edfs/baseline/chat-baseline-300668.edf	/data/nsrr/datasets/chat/polysomnography/annotations-events-nsrr/baseline/chat-baseline-300668-nsrr.xml
chat-baseline-300671	/data/nsrr/datasets/chat/polysomnography/edfs/baseline/chat-baseline-300671.edf	/data/nsrr/datasets/chat/polysomnography/annotations-events-nsrr/baseline/chat-baseline-300671-nsrr.xml
chat-baseline-300676	/data/nsrr/datasets/chat/polysomnography/edfs/baseline/chat-baseline-300676.edf	/data/nsrr/datasets/chat/polysomnography/annotations-events-nsrr/baseline/chat-baseline-300676-nsrr.xml
chat-baseline-300677	/data/nsrr/datasets/chat/polysomnography/edfs/baseline/chat-baseline-300677.edf	/data/nsrr/datasets/chat/polysomnography/annotations-events-nsrr/baseline/chat-baseline-300677-nsrr.xml
chat-baseline-300678	/data/nsrr/datasets/chat/polysomnography/edfs/baseline/chat-baseline-300678.edf	/data/nsrr/datasets/chat/polysomnography/annotations-events-nsrr/baseline/chat-baseline-300678-nsrr.xml
chat-baseline-300685	/data/nsrr/datasets/chat/polysomnography/edfs/baseline/chat-baseline-300685.edf	/data/nsrr/datasets/chat/polysomnography/annotations-events-nsrr/baseline/chat-baseline-300685-nsrr.xml
chat-baseline-300687	/data/nsrr/datasets/chat/polysomnography/edfs/baseline/chat-baseline-300687.edf	/data/nsrr/datasets/chat/polysomnography/annotations-events-nsrr/baseline/chat-baseline-300687-nsrr.xml
chat-baseline-300688	/data/nsrr/datasets/chat/polysomnography/edfs/baseline/chat-baseline-300688.edf	/data/nsrr/datasets/chat/polysomnography/annotations-events-nsrr/baseline/chat-baseline-300688-nsrr.xml
chat-baseline-300691	/data/nsrr/datasets/chat/polysomnography/edfs/baseline/chat-baseline-300691.edf	/data/nsrr/datasets/chat/polysomnography/annotations-events-nsrr/baseline/chat-baseline-300691-nsrr.xml
chat-baseline-300694	/data/nsrr/datasets/chat/polysomnography/edfs/baseline/chat-baseline-300694.edf	/data/nsrr/datasets/chat/polysomnography/annotations-events-nsrr/baseline/chat-baseline-300694-nsrr.xml
chat-baseline-300698	/data/nsrr/datasets/chat/polysomnography/edfs/baseline/chat-baseline-300698.edf	/data/nsrr/datasets/chat/polysomnography/annotations-events-nsrr/baseline/chat-baseline-300698-nsrr.xml
chat-baseline-300704	/data/nsrr/datasets/chat/polysomnography/edfs/baseline/chat-baseline-300704.edf	/data/nsrr/datasets/chat/polysomnography/annotations-events-nsrr/baseline/chat-baseline-300704-nsrr.xml
chat-baseline-300707	/data/nsrr/datasets/chat/polysomnography/edfs/baseline/chat-baseline-300707.edf	/data/nsrr/datasets/chat/polysomnography/annotations-events-nsrr/baseline/chat-baseline-300707-nsrr.xml
chat-baseline-300714	/data/nsrr/datasets/chat/polysomnography/edfs/baseline/chat-baseline-300714.edf	/data/nsrr/datasets/chat/polysomnography/annotations-events-nsrr/baseline/chat-baseline-300714-nsrr.xml
chat-baseline-300718	/data/nsrr/datasets/chat/polysomnography/edfs/baseline/chat-baseline-300718.edf	/data/nsrr/datasets/chat/polysomnography/annotations-events-nsrr/baseline/chat-baseline-300718-nsrr.xml
chat-baseline-300719	/data/nsrr/datasets/chat/polysomnography/edfs/baseline/chat-baseline-300719.edf	/data/nsrr/datasets/chat/polysomnography/annotations-events-nsrr/baseline/chat-baseline-300719-nsrr.xml
chat-baseline-300721	/data/nsrr/datasets/chat/polysomnography/edfs/baseline/chat-baseline-300721.edf	/data/nsrr/datasets/chat/polysomnography/annotations-events-nsrr/baseline/chat-baseline-300721-nsrr.xml
chat-baseline-300724	/data/nsrr/datasets/chat/polysomnography/edfs/baseline/chat-baseline-300724.edf	/data/nsrr/datasets/chat/polysomnography/annotations-events-nsrr/baseline/chat-baseline-300724-nsrr.xml
chat-baseline-300727	/data/nsrr/datasets/chat/polysomnography/edfs/baseline/chat-baseline-300727.edf	/data/nsrr/datasets/chat/polysomnography/annotations-events-nsrr/baseline/chat-baseline-300727-nsrr.xml
chat-baseline-300729	/data/nsrr/datasets/chat/polysomnography/edfs/baseline/chat-baseline-300729.edf	/data/nsrr/datasets/chat/polysomnography/annotations-events-nsrr/baseline/chat-baseline-300729-nsrr.xml
chat-baseline-300730	/data/nsrr/datasets/chat/polysomnography/edfs/baseline/chat-baseline-300730.edf	/data/nsrr/datasets/chat/polysomnography/annotations-events-nsrr/baseline/chat-baseline-300730-nsrr.xml
chat-baseline-300733	/data/nsrr/datasets/chat/polysomnography/edfs/baseline/chat-baseline-300733.edf	/data/nsrr/datasets/chat/polysomnography/annotations-events-nsrr/baseline/chat-baseline-300733-nsrr.xml
chat-baseline-300736	/data/nsrr/datasets/chat/polysomnography/edfs/baseline/chat-baseline-300736.edf	/data/nsrr/datasets/chat/polysomnography/annotations-events-nsrr/baseline/chat-baseline-300736-nsrr.xml
chat-baseline-300737	/data/nsrr/datasets/chat/polysomnography/edfs/baseline/chat-baseline-300737.edf	/data/nsrr/datasets/chat/polysomnography/annotations-events-nsrr/baseline/chat-baseline-300737-nsrr.xml
chat-baseline-300738	/data/nsrr/datasets/chat/polysomnography/edfs/baseline/chat-baseline-300738.edf	/data/nsrr/datasets/chat/polysomnography/annotations-events-nsrr/baseline/chat-baseline-300738-nsrr.xml
chat-baseline-300740	/data/nsrr/datasets/chat/polysomnography/edfs/baseline/chat-baseline-300740.edf	/data/nsrr/datasets/chat/polysomnography/annotations-events-nsrr/baseline/chat-baseline-300740-nsrr.xml
chat-baseline-300741	/data/nsrr/datasets/chat/polysomnography/edfs/baseline/chat-baseline-300741.edf	/data/nsrr/datasets/chat/polysomnography/annotations-events-nsrr/baseline/chat-baseline-300741-nsrr.xml
chat-baseline-300742	/data/nsrr/datasets/chat/polysomnography/edfs/baseline/chat-baseline-300742.edf	/data/nsrr/datasets/chat/polysomnography/annotations-events-nsrr/baseline/chat-baseline-300742-nsrr.xml
chat-baseline-300743	/data/nsrr/datasets/chat/polysomnography/edfs/baseline/chat-baseline-300743.edf	/data/nsrr/datasets/chat/polysomnography/annotations-events-nsrr/baseline/chat-baseline-300743-nsrr.xml
chat-baseline-300748	/data/nsrr/datasets/chat/polysomnography/edfs/baseline/chat-baseline-300748.edf	/data/nsrr/datasets/chat/polysomnography/annotations-events-nsrr/baseline/chat-baseline-300748-nsrr.xml
chat-baseline-300753	/data/nsrr/datasets/chat/polysomnography/edfs/baseline/chat-baseline-300753.edf	/data/nsrr/datasets/chat/polysomnography/annotations-events-nsrr/baseline/chat-baseline-300753-nsrr.xml
chat-baseline-300754	/data/nsrr/datasets/chat/polysomnography/edfs/baseline/chat-baseline-300754.edf	/data/nsrr/datasets/chat/polysomnography/annotations-events-nsrr/baseline/chat-baseline-300754-nsrr.xml
chat-baseline-300756	/data/nsrr/datasets/chat/polysomnography/edfs/baseline/chat-baseline-300756.edf	/data/nsrr/datasets/chat/polysomnography/annotations-events-nsrr/baseline/chat-baseline-300756-nsrr.xml
chat-baseline-300757	/data/nsrr/datasets/chat/polysomnography/edfs/baseline/chat-baseline-300757.edf	/data/nsrr/datasets/chat/polysomnography/annotations-events-nsrr/baseline/chat-baseline-300757-nsrr.xml
chat-baseline-300760	/data/nsrr/datasets/chat/polysomnography/edfs/baseline/chat-baseline-300760.edf	/data/nsrr/datasets/chat/polysomnography/annotations-events-nsrr/baseline/chat-baseline-300760-nsrr.xml
chat-baseline-300761	/data/nsrr/datasets/chat/polysomnography/edfs/baseline/chat-baseline-300761.edf	/data/nsrr/datasets/chat/polysomnography/annotations-events-nsrr/baseline/chat-baseline-300761-nsrr.xml
chat-baseline-300766	/data/nsrr/datasets/chat/polysomnography/edfs/baseline/chat-baseline-300766.edf	/data/nsrr/datasets/chat/polysomnography/annotations-events-nsrr/baseline/chat-baseline-300766-nsrr.xml
chat-baseline-300772	/data/nsrr/datasets/chat/polysomnography/edfs/baseline/chat-baseline-300772.edf	/data/nsrr/datasets/chat/polysomnography/annotations-events-nsrr/baseline/chat-baseline-300772-nsrr.xml
chat-baseline-300773	/data/nsrr/datasets/chat/polysomnography/edfs/baseline/chat-baseline-300773.edf	/data/nsrr/datasets/chat/polysomnography/annotations-events-nsrr/baseline/chat-baseline-300773-nsrr.xml
chat-baseline-300774	/data/nsrr/datasets/chat/polysomnography/edfs/baseline/chat-baseline-300774.edf	/data/nsrr/datasets/chat/polysomnography/annotations-events-nsrr/baseline/chat-baseline-300774-nsrr.xml
chat-baseline-300779	/data/nsrr/datasets/chat/polysomnography/edfs/baseline/chat-baseline-300779.edf	/data/nsrr/datasets/chat/polysomnography/annotations-events-nsrr/baseline/chat-baseline-300779-nsrr.xml
chat-baseline-300782	/data/nsrr/datasets/chat/polysomnography/edfs/baseline/chat-baseline-300782.edf	/data/nsrr/datasets/chat/polysomnography/annotations-events-nsrr/baseline/chat-baseline-300782-nsrr.xml
chat-baseline-300783	/data/nsrr/datasets/chat/polysomnography/edfs/baseline/chat-baseline-300783.edf	/data/nsrr/datasets/chat/polysomnography/annotations-events-nsrr/baseline/chat-baseline-300783-nsrr.xml
chat-baseline-300785	/data/nsrr/datasets/chat/polysomnography/edfs/baseline/chat-baseline-300785.edf	/data/nsrr/datasets/chat/polysomnography/annotations-events-nsrr/baseline/chat-baseline-300785-nsrr.xml
chat-baseline-300787	/data/nsrr/datasets/chat/polysomnography/edfs/baseline/chat-baseline-300787.edf	/data/nsrr/datasets/chat/polysomnography/annotations-events-nsrr/baseline/chat-baseline-300787-nsrr.xml
chat-baseline-300790	/data/nsrr/datasets/chat/polysomnography/edfs/baseline/chat-baseline-300790.edf	/data/nsrr/datasets/chat/polysomnography/annotations-events-nsrr/baseline/chat-baseline-300790-nsrr.xml
chat-baseline-300792	/data/nsrr/datasets/chat/polysomnography/edfs/baseline/chat-baseline-300792.edf	/data/nsrr/datasets/chat/polysomnography/annotations-events-nsrr/baseline/chat-baseline-300792-nsrr.xml
chat-baseline-300793	/data/nsrr/datasets/chat/polysomnography/edfs/baseline/chat-baseline-300793.edf	/data/nsrr/datasets/chat/polysomnography/annotations-events-nsrr/baseline/chat-baseline-300793-nsrr.xml
chat-baseline-300794	/data/nsrr/datasets/chat/polysomnography/edfs/baseline/chat-baseline-300794.edf	/data/nsrr/datasets/chat/polysomnography/annotations-events-nsrr/baseline/chat-baseline-300794-nsrr.xml
chat-baseline-300795	/data/nsrr/datasets/chat/polysomnography/edfs/baseline/chat-baseline-300795.edf	/data/nsrr/datasets/chat/polysomnography/annotations-events-nsrr/baseline/chat-baseline-300795-nsrr.xml
chat-baseline-300798	/data/nsrr/datasets/chat/polysomnography/edfs/baseline/chat-baseline-300798.edf	/data/nsrr/datasets/chat/polysomnography/annotations-events-nsrr/baseline/chat-baseline-300798-nsrr.xml
chat-baseline-300799	/data/nsrr/datasets/chat/polysomnography/edfs/baseline/chat-baseline-300799.edf	/data/nsrr/datasets/chat/polysomnography/annotations-events-nsrr/baseline/chat-baseline-300799-nsrr.xml
chat-baseline-300803	/data/nsrr/datasets/chat/polysomnography/edfs/baseline/chat-baseline-300803.edf	/data/nsrr/datasets/chat/polysomnography/annotations-events-nsrr/baseline/chat-baseline-300803-nsrr.xml
chat-baseline-300805	/data/nsrr/datasets/chat/polysomnography/edfs/baseline/chat-baseline-300805.edf	/data/nsrr/datasets/chat/polysomnography/annotations-events-nsrr/baseline/chat-baseline-300805-nsrr.xml
chat-baseline-300807	/data/nsrr/datasets/chat/polysomnography/edfs/baseline/chat-baseline-300807.edf	/data/nsrr/datasets/chat/polysomnography/annotations-events-nsrr/baseline/chat-baseline-300807-nsrr.xml
chat-baseline-300811	/data/nsrr/datasets/chat/polysomnography/edfs/baseline/chat-baseline-300811.edf	/data/nsrr/datasets/chat/polysomnography/annotations-events-nsrr/baseline/chat-baseline-300811-nsrr.xml
chat-baseline-300815	/data/nsrr/datasets/chat/polysomnography/edfs/baseline/chat-baseline-300815.edf	/data/nsrr/datasets/chat/polysomnography/annotations-events-nsrr/baseline/chat-baseline-300815-nsrr.xml
chat-baseline-300820	/data/nsrr/datasets/chat/polysomnography/edfs/baseline/chat-baseline-300820.edf	/data/nsrr/datasets/chat/polysomnography/annotations-events-nsrr/baseline/chat-baseline-300820-nsrr.xml
chat-baseline-300822	/data/nsrr/datasets/chat/polysomnography/edfs/baseline/chat-baseline-300822.edf	/data/nsrr/datasets/chat/polysomnography/annotations-events-nsrr/baseline/chat-baseline-300822-nsrr.xml
chat-baseline-300839	/data/nsrr/datasets/chat/polysomnography/edfs/baseline/chat-baseline-300839.edf	/data/nsrr/datasets/chat/polysomnography/annotations-events-nsrr/baseline/chat-baseline-300839-nsrr.xml
chat-baseline-300843	/data/nsrr/datasets/chat/polysomnography/edfs/baseline/chat-baseline-300843.edf	/data/nsrr/datasets/chat/polysomnography/annotations-events-nsrr/baseline/chat-baseline-300843-nsrr.xml
chat-baseline-300846	/data/nsrr/datasets/chat/polysomnography/edfs/baseline/chat-baseline-300846.edf	/data/nsrr/datasets/chat/polysomnography/annotations-events-nsrr/baseline/chat-baseline-300846-nsrr.xml
chat-baseline-300848	/data/nsrr/datasets/chat/polysomnography/edfs/baseline/chat-baseline-300848.edf	/data/nsrr/datasets/chat/polysomnography/annotations-events-nsrr/baseline/chat-baseline-300848-nsrr.xml
chat-baseline-300853	/data/nsrr/datasets/chat/polysomnography/edfs/baseline/chat-baseline-300853.edf	/data/nsrr/datasets/chat/polysomnography/annotations-events-nsrr/baseline/chat-baseline-300853-nsrr.xml
chat-baseline-300854	/data/nsrr/datasets/chat/polysomnography/edfs/baseline/chat-baseline-300854.edf	/data/nsrr/datasets/chat/polysomnography/annotations-events-nsrr/baseline/chat-baseline-300854-nsrr.xml
chat-baseline-300855	/data/nsrr/datasets/chat/polysomnography/edfs/baseline/chat-baseline-300855.edf	/data/nsrr/datasets/chat/polysomnography/annotations-events-nsrr/baseline/chat-baseline-300855-nsrr.xml
chat-baseline-300856	/data/nsrr/datasets/chat/polysomnography/edfs/baseline/chat-baseline-300856.edf	/data/nsrr/datasets/chat/polysomnography/annotations-events-nsrr/baseline/chat-baseline-300856-nsrr.xml
chat-baseline-300857	/data/nsrr/datasets/chat/polysomnography/edfs/baseline/chat-baseline-300857.edf	/data/nsrr/datasets/chat/polysomnography/annotations-events-nsrr/baseline/chat-baseline-300857-nsrr.xml
chat-baseline-300862	/data/nsrr/datasets/chat/polysomnography/edfs/baseline/chat-baseline-300862.edf	/data/nsrr/datasets/chat/polysomnography/annotations-events-nsrr/baseline/chat-baseline-300862-nsrr.xml
chat-baseline-300868	/data/nsrr/datasets/chat/polysomnography/edfs/baseline/chat-baseline-300868.edf	/data/nsrr/datasets/chat/polysomnography/annotations-events-nsrr/baseline/chat-baseline-300868-nsrr.xml
chat-baseline-300872	/data/nsrr/datasets/chat/polysomnography/edfs/baseline/chat-baseline-300872.edf	/data/nsrr/datasets/chat/polysomnography/annotations-events-nsrr/baseline/chat-baseline-300872-nsrr.xml
chat-baseline-300875	/data/nsrr/datasets/chat/polysomnography/edfs/baseline/chat-baseline-300875.edf	/data/nsrr/datasets/chat/polysomnography/annotations-events-nsrr/baseline/chat-baseline-300875-nsrr.xml
chat-baseline-300877	/data/nsrr/datasets/chat/polysomnography/edfs/baseline/chat-baseline-300877.edf	/data/nsrr/datasets/chat/polysomnography/annotations-events-nsrr/baseline/chat-baseline-300877-nsrr.xml
chat-baseline-300879	/data/nsrr/datasets/chat/polysomnography/edfs/baseline/chat-baseline-300879.edf	/data/nsrr/datasets/chat/polysomnography/annotations-events-nsrr/baseline/chat-baseline-300879-nsrr.xml
chat-baseline-300882	/data/nsrr/datasets/chat/polysomnography/edfs/baseline/chat-baseline-300882.edf	/data/nsrr/datasets/chat/polysomnography/annotations-events-nsrr/baseline/chat-baseline-300882-nsrr.xml
chat-baseline-300884	/data/nsrr/datasets/chat/polysomnography/edfs/baseline/chat-baseline-300884.edf	/data/nsrr/datasets/chat/polysomnography/annotations-events-nsrr/baseline/chat-baseline-300884-nsrr.xml
chat-baseline-300886	/data/nsrr/datasets/chat/polysomnography/edfs/baseline/chat-baseline-300886.edf	/data/nsrr/datasets/chat/polysomnography/annotations-events-nsrr/baseline/chat-baseline-300886-nsrr.xml
chat-baseline-300889	/data/nsrr/datasets/chat/polysomnography/edfs/baseline/chat-baseline-300889.edf	/data/nsrr/datasets/chat/polysomnography/annotations-events-nsrr/baseline/chat-baseline-300889-nsrr.xml
chat-baseline-300895	/data/nsrr/datasets/chat/polysomnography/edfs/baseline/chat-baseline-300895.edf	/data/nsrr/datasets/chat/polysomnography/annotations-events-nsrr/baseline/chat-baseline-300895-nsrr.xml
chat-baseline-300905	/data/nsrr/datasets/chat/polysomnography/edfs/baseline/chat-baseline-300905.edf	/data/nsrr/datasets/chat/polysomnography/annotations-events-nsrr/baseline/chat-baseline-300905-nsrr.xml
chat-baseline-300908	/data/nsrr/datasets/chat/polysomnography/edfs/baseline/chat-baseline-300908.edf	/data/nsrr/datasets/chat/polysomnography/annotations-events-nsrr/baseline/chat-baseline-300908-nsrr.xml
chat-baseline-300909	/data/nsrr/datasets/chat/polysomnography/edfs/baseline/chat-baseline-300909.edf	/data/nsrr/datasets/chat/polysomnography/annotations-events-nsrr/baseline/chat-baseline-300909-nsrr.xml
chat-baseline-300912	/data/nsrr/datasets/chat/polysomnography/edfs/baseline/chat-baseline-300912.edf	/data/nsrr/datasets/chat/polysomnography/annotations-events-nsrr/baseline/chat-baseline-300912-nsrr.xml
chat-baseline-300913	/data/nsrr/datasets/chat/polysomnography/edfs/baseline/chat-baseline-300913.edf	/data/nsrr/datasets/chat/polysomnography/annotations-events-nsrr/baseline/chat-baseline-300913-nsrr.xml
chat-baseline-300915	/data/nsrr/datasets/chat/polysomnography/edfs/baseline/chat-baseline-300915.edf	/data/nsrr/datasets/chat/polysomnography/annotations-events-nsrr/baseline/chat-baseline-300915-nsrr.xml
chat-baseline-300917	/data/nsrr/datasets/chat/polysomnography/edfs/baseline/chat-baseline-300917.edf	/data/nsrr/datasets/chat/polysomnography/annotations-events-nsrr/baseline/chat-baseline-300917-nsrr.xml
chat-baseline-300922	/data/nsrr/datasets/chat/polysomnography/edfs/baseline/chat-baseline-300922.edf	/data/nsrr/datasets/chat/polysomnography/annotations-events-nsrr/baseline/chat-baseline-300922-nsrr.xml
chat-baseline-300923	/data/nsrr/datasets/chat/polysomnography/edfs/baseline/chat-baseline-300923.edf	/data/nsrr/datasets/chat/polysomnography/annotations-events-nsrr/baseline/chat-baseline-300923-nsrr.xml
chat-baseline-300927	/data/nsrr/datasets/chat/polysomnography/edfs/baseline/chat-baseline-300927.edf	/data/nsrr/datasets/chat/polysomnography/annotations-events-nsrr/baseline/chat-baseline-300927-nsrr.xml
chat-baseline-300930	/data/nsrr/datasets/chat/polysomnography/edfs/baseline/chat-baseline-300930.edf	/data/nsrr/datasets/chat/polysomnography/annotations-events-nsrr/baseline/chat-baseline-300930-nsrr.xml
chat-baseline-300932	/data/nsrr/datasets/chat/polysomnography/edfs/baseline/chat-baseline-300932.edf	/data/nsrr/datasets/chat/polysomnography/annotations-events-nsrr/baseline/chat-baseline-300932-nsrr.xml
chat-baseline-300933	/data/nsrr/datasets/chat/polysomnography/edfs/baseline/chat-baseline-300933.edf	/data/nsrr/datasets/chat/polysomnography/annotations-events-nsrr/baseline/chat-baseline-300933-nsrr.xml
chat-baseline-300935	/data/nsrr/datasets/chat/polysomnography/edfs/baseline/chat-baseline-300935.edf	/data/nsrr/datasets/chat/polysomnography/annotations-events-nsrr/baseline/chat-baseline-300935-nsrr.xml
chat-baseline-300937	/data/nsrr/datasets/chat/polysomnography/edfs/baseline/chat-baseline-300937.edf	/data/nsrr/datasets/chat/polysomnography/annotations-events-nsrr/baseline/chat-baseline-300937-nsrr.xml
chat-baseline-300943	/data/nsrr/datasets/chat/polysomnography/edfs/baseline/chat-baseline-300943.edf	/data/nsrr/datasets/chat/polysomnography/annotations-events-nsrr/baseline/chat-baseline-300943-nsrr.xml
chat-baseline-300944	/data/nsrr/datasets/chat/polysomnography/edfs/baseline/chat-baseline-300944.edf	/data/nsrr/datasets/chat/polysomnography/annotations-events-nsrr/baseline/chat-baseline-300944-nsrr.xml
chat-baseline-300946	/data/nsrr/datasets/chat/polysomnography/edfs/baseline/chat-baseline-300946.edf	/data/nsrr/datasets/chat/polysomnography/annotations-events-nsrr/baseline/chat-baseline-300946-nsrr.xml
chat-baseline-300947	/data/nsrr/datasets/chat/polysomnography/edfs/baseline/chat-baseline-300947.edf	/data/nsrr/datasets/chat/polysomnography/annotations-events-nsrr/baseline/chat-baseline-300947-nsrr.xml
chat-baseline-300949	/data/nsrr/datasets/chat/polysomnography/edfs/baseline/chat-baseline-300949.edf	/data/nsrr/datasets/chat/polysomnography/annotations-events-nsrr/baseline/chat-baseline-300949-nsrr.xml
chat-baseline-300953	/data/nsrr/datasets/chat/polysomnography/edfs/baseline/chat-baseline-300953.edf	/data/nsrr/datasets/chat/polysomnography/annotations-events-nsrr/baseline/chat-baseline-300953-nsrr.xml
chat-baseline-300954	/data/nsrr/datasets/chat/polysomnography/edfs/baseline/chat-baseline-300954.edf	/data/nsrr/datasets/chat/polysomnography/annotations-events-nsrr/baseline/chat-baseline-300954-nsrr.xml
chat-baseline-300956	/data/nsrr/datasets/chat/polysomnography/edfs/baseline/chat-baseline-300956.edf	/data/nsrr/datasets/chat/polysomnography/annotations-events-nsrr/baseline/chat-baseline-300956-nsrr.xml
chat-baseline-300957	/data/nsrr/datasets/chat/polysomnography/edfs/baseline/chat-baseline-300957.edf	/data/nsrr/datasets/chat/polysomnography/annotations-events-nsrr/baseline/chat-baseline-300957-nsrr.xml
chat-baseline-300961	/data/nsrr/datasets/chat/polysomnography/edfs/baseline/chat-baseline-300961.edf	/data/nsrr/datasets/chat/polysomnography/annotations-events-nsrr/baseline/chat-baseline-300961-nsrr.xml
chat-baseline-300965	/data/nsrr/datasets/chat/polysomnography/edfs/baseline/chat-baseline-300965.edf	/data/nsrr/datasets/chat/polysomnography/annotations-events-nsrr/baseline/chat-baseline-300965-nsrr.xml
chat-baseline-300966	/data/nsrr/datasets/chat/polysomnography/edfs/baseline/chat-baseline-300966.edf	/data/nsrr/datasets/chat/polysomnography/annotations-events-nsrr/baseline/chat-baseline-300966-nsrr.xml
chat-baseline-300968	/data/nsrr/datasets/chat/polysomnography/edfs/baseline/chat-baseline-300968.edf	/data/nsrr/datasets/chat/polysomnography/annotations-events-nsrr/baseline/chat-baseline-300968-nsrr.xml
chat-baseline-300969	/data/nsrr/datasets/chat/polysomnography/edfs/baseline/chat-baseline-300969.edf	/data/nsrr/datasets/chat/polysomnography/annotations-events-nsrr/baseline/chat-baseline-300969-nsrr.xml
chat-baseline-300970	/data/nsrr/datasets/chat/polysomnography/edfs/baseline/chat-baseline-300970.edf	/data/nsrr/datasets/chat/polysomnography/annotations-events-nsrr/baseline/chat-baseline-300970-nsrr.xml
chat-baseline-300972	/data/nsrr/datasets/chat/polysomnography/edfs/baseline/chat-baseline-300972.edf	/data/nsrr/datasets/chat/polysomnography/annotations-events-nsrr/baseline/chat-baseline-300972-nsrr.xml
chat-baseline-300973	/data/nsrr/datasets/chat/polysomnography/edfs/baseline/chat-baseline-300973.edf	/data/nsrr/datasets/chat/polysomnography/annotations-events-nsrr/baseline/chat-baseline-300973-nsrr.xml
chat-baseline-300975	/data/nsrr/datasets/chat/polysomnography/edfs/baseline/chat-baseline-300975.edf	/data/nsrr/datasets/chat/polysomnography/annotations-events-nsrr/baseline/chat-baseline-300975-nsrr.xml
chat-baseline-300976	/data/nsrr/datasets/chat/polysomnography/edfs/baseline/chat-baseline-300976.edf	/data/nsrr/datasets/chat/polysomnography/annotations-events-nsrr/baseline/chat-baseline-300976-nsrr.xml
chat-baseline-300978	/data/nsrr/datasets/chat/polysomnography/edfs/baseline/chat-baseline-300978.edf	/data/nsrr/datasets/chat/polysomnography/annotations-events-nsrr/baseline/chat-baseline-300978-nsrr.xml
chat-baseline-300979	/data/nsrr/datasets/chat/polysomnography/edfs/baseline/chat-baseline-300979.edf	/data/nsrr/datasets/chat/polysomnography/annotations-events-nsrr/baseline/chat-baseline-300979-nsrr.xml
chat-baseline-300980	/data/nsrr/datasets/chat/polysomnography/edfs/baseline/chat-baseline-300980.edf	/data/nsrr/datasets/chat/polysomnography/annotations-events-nsrr/baseline/chat-baseline-300980-nsrr.xml
chat-baseline-300984	/data/nsrr/datasets/chat/polysomnography/edfs/baseline/chat-baseline-300984.edf	/data/nsrr/datasets/chat/polysomnography/annotations-events-nsrr/baseline/chat-baseline-300984-nsrr.xml
chat-baseline-300985	/data/nsrr/datasets/chat/polysomnography/edfs/baseline/chat-baseline-300985.edf	/data/nsrr/datasets/chat/polysomnography/annotations-events-nsrr/baseline/chat-baseline-300985-nsrr.xml
chat-baseline-300989	/data/nsrr/datasets/chat/polysomnography/edfs/baseline/chat-baseline-300989.edf	/data/nsrr/datasets/chat/polysomnography/annotations-events-nsrr/baseline/chat-baseline-300989-nsrr.xml
chat-baseline-300990	/data/nsrr/datasets/chat/polysomnography/edfs/baseline/chat-baseline-300990.edf	/data/nsrr/datasets/chat/polysomnography/annotations-events-nsrr/baseline/chat-baseline-300990-nsrr.xml
chat-baseline-300992	/data/nsrr/datasets/chat/polysomnography/edfs/baseline/chat-baseline-300992.edf	/data/nsrr/datasets/chat/polysomnography/annotations-events-nsrr/baseline/chat-baseline-300992-nsrr.xml
chat-baseline-300993	/data/nsrr/datasets/chat/polysomnography/edfs/baseline/chat-baseline-300993.edf	/data/nsrr/datasets/chat/polysomnography/annotations-events-nsrr/baseline/chat-baseline-300993-nsrr.xml
chat-baseline-300995	/data/nsrr/datasets/chat/polysomnography/edfs/baseline/chat-baseline-300995.edf	/data/nsrr/datasets/chat/polysomnography/annotations-events-nsrr/baseline/chat-baseline-300995-nsrr.xml
chat-baseline-300998	/data/nsrr/datasets/chat/polysomnography/edfs/baseline/chat-baseline-300998.edf	/data/nsrr/datasets/chat/polysomnography/annotations-events-nsrr/baseline/chat-baseline-300998-nsrr.xml
chat-baseline-301000	/data/nsrr/datasets/chat/polysomnography/edfs/baseline/chat-baseline-301000.edf	/data/nsrr/datasets/chat/polysomnography/annotations-events-nsrr/baseline/chat-baseline-301000-nsrr.xml
chat-baseline-301002	/data/nsrr/datasets/chat/polysomnography/edfs/baseline/chat-baseline-301002.edf	/data/nsrr/datasets/chat/polysomnography/annotations-events-nsrr/baseline/chat-baseline-301002-nsrr.xml
chat-baseline-301006	/data/nsrr/datasets/chat/polysomnography/edfs/baseline/chat-baseline-301006.edf	/data/nsrr/datasets/chat/polysomnography/annotations-events-nsrr/baseline/chat-baseline-301006-nsrr.xml
chat-baseline-301013	/data/nsrr/datasets/chat/polysomnography/edfs/baseline/chat-baseline-301013.edf	/data/nsrr/datasets/chat/polysomnography/annotations-events-nsrr/baseline/chat-baseline-301013-nsrr.xml
chat-baseline-301015	/data/nsrr/datasets/chat/polysomnography/edfs/baseline/chat-baseline-301015.edf	/data/nsrr/datasets/chat/polysomnography/annotations-events-nsrr/baseline/chat-baseline-301015-nsrr.xml
chat-baseline-301016	/data/nsrr/datasets/chat/polysomnography/edfs/baseline/chat-baseline-301016.edf	/data/nsrr/datasets/chat/polysomnography/annotations-events-nsrr/baseline/chat-baseline-301016-nsrr.xml
chat-baseline-301017	/data/nsrr/datasets/chat/polysomnography/edfs/baseline/chat-baseline-301017.edf	/data/nsrr/datasets/chat/polysomnography/annotations-events-nsrr/baseline/chat-baseline-301017-nsrr.xml
chat-baseline-301019	/data/nsrr/datasets/chat/polysomnography/edfs/baseline/chat-baseline-301019.edf	/data/nsrr/datasets/chat/polysomnography/annotations-events-nsrr/baseline/chat-baseline-301019-nsrr.xml
chat-baseline-301025	/data/nsrr/datasets/chat/polysomnography/edfs/baseline/chat-baseline-301025.edf	/data/nsrr/datasets/chat/polysomnography/annotations-events-nsrr/baseline/chat-baseline-301025-nsrr.xml
chat-baseline-301028	/data/nsrr/datasets/chat/polysomnography/edfs/baseline/chat-baseline-301028.edf	/data/nsrr/datasets/chat/polysomnography/annotations-events-nsrr/baseline/chat-baseline-301028-nsrr.xml
chat-baseline-301029	/data/nsrr/datasets/chat/polysomnography/edfs/baseline/chat-baseline-301029.edf	/data/nsrr/datasets/chat/polysomnography/annotations-events-nsrr/baseline/chat-baseline-301029-nsrr.xml
chat-baseline-301039	/data/nsrr/datasets/chat/polysomnography/edfs/baseline/chat-baseline-301039.edf	/data/nsrr/datasets/chat/polysomnography/annotations-events-nsrr/baseline/chat-baseline-301039-nsrr.xml
chat-baseline-301049	/data/nsrr/datasets/chat/polysomnography/edfs/baseline/chat-baseline-301049.edf	/data/nsrr/datasets/chat/polysomnography/annotations-events-nsrr/baseline/chat-baseline-301049-nsrr.xml
chat-baseline-301051	/data/nsrr/datasets/chat/polysomnography/edfs/baseline/chat-baseline-301051.edf	/data/nsrr/datasets/chat/polysomnography/annotations-events-nsrr/baseline/chat-baseline-301051-nsrr.xml
chat-baseline-301052	/data/nsrr/datasets/chat/polysomnography/edfs/baseline/chat-baseline-301052.edf	/data/nsrr/datasets/chat/polysomnography/annotations-events-nsrr/baseline/chat-baseline-301052-nsrr.xml
chat-baseline-301053	/data/nsrr/datasets/chat/polysomnography/edfs/baseline/chat-baseline-301053.edf	/data/nsrr/datasets/chat/polysomnography/annotations-events-nsrr/baseline/chat-baseline-301053-nsrr.xml
chat-baseline-301055	/data/nsrr/datasets/chat/polysomnography/edfs/baseline/chat-baseline-301055.edf	/data/nsrr/datasets/chat/polysomnography/annotations-events-nsrr/baseline/chat-baseline-301055-nsrr.xml
chat-baseline-301057	/data/nsrr/datasets/chat/polysomnography/edfs/baseline/chat-baseline-301057.edf	/data/nsrr/datasets/chat/polysomnography/annotations-events-nsrr/baseline/chat-baseline-301057-nsrr.xml
chat-baseline-301058	/data/nsrr/datasets/chat/polysomnography/edfs/baseline/chat-baseline-301058.edf	/data/nsrr/datasets/chat/polysomnography/annotations-events-nsrr/baseline/chat-baseline-301058-nsrr.xml
chat-baseline-301060	/data/nsrr/datasets/chat/polysomnography/edfs/baseline/chat-baseline-301060.edf	/data/nsrr/datasets/chat/polysomnography/annotations-events-nsrr/baseline/chat-baseline-301060-nsrr.xml
chat-baseline-301061	/data/nsrr/datasets/chat/polysomnography/edfs/baseline/chat-baseline-301061.edf	/data/nsrr/datasets/chat/polysomnography/annotations-events-nsrr/baseline/chat-baseline-301061-nsrr.xml
chat-baseline-301067	/data/nsrr/datasets/chat/polysomnography/edfs/baseline/chat-baseline-301067.edf	/data/nsrr/datasets/chat/polysomnography/annotations-events-nsrr/baseline/chat-baseline-301067-nsrr.xml
chat-baseline-301071	/data/nsrr/datasets/chat/polysomnography/edfs/baseline/chat-baseline-301071.edf	/data/nsrr/datasets/chat/polysomnography/annotations-events-nsrr/baseline/chat-baseline-301071-nsrr.xml
chat-baseline-301072	/data/nsrr/datasets/chat/polysomnography/edfs/baseline/chat-baseline-301072.edf	/data/nsrr/datasets/chat/polysomnography/annotations-events-nsrr/baseline/chat-baseline-301072-nsrr.xml
chat-baseline-301073	/data/nsrr/datasets/chat/polysomnography/edfs/baseline/chat-baseline-301073.edf	/data/nsrr/datasets/chat/polysomnography/annotations-events-nsrr/baseline/chat-baseline-301073-nsrr.xml
chat-baseline-301074	/data/nsrr/datasets/chat/polysomnography/edfs/baseline/chat-baseline-301074.edf	/data/nsrr/datasets/chat/polysomnography/annotations-events-nsrr/baseline/chat-baseline-301074-nsrr.xml
chat-baseline-301079	/data/nsrr/datasets/chat/polysomnography/edfs/baseline/chat-baseline-301079.edf	/data/nsrr/datasets/chat/polysomnography/annotations-events-nsrr/baseline/chat-baseline-301079-nsrr.xml
chat-baseline-301081	/data/nsrr/datasets/chat/polysomnography/edfs/baseline/chat-baseline-301081.edf	/data/nsrr/datasets/chat/polysomnography/annotations-events-nsrr/baseline/chat-baseline-301081-nsrr.xml
chat-baseline-301082	/data/nsrr/datasets/chat/polysomnography/edfs/baseline/chat-baseline-301082.edf	/data/nsrr/datasets/chat/polysomnography/annotations-events-nsrr/baseline/chat-baseline-301082-nsrr.xml
chat-baseline-301085	/data/nsrr/datasets/chat/polysomnography/edfs/baseline/chat-baseline-301085.edf	/data/nsrr/datasets/chat/polysomnography/annotations-events-nsrr/baseline/chat-baseline-301085-nsrr.xml
chat-baseline-301091	/data/nsrr/datasets/chat/polysomnography/edfs/baseline/chat-baseline-301091.edf	/data/nsrr/datasets/chat/polysomnography/annotations-events-nsrr/baseline/chat-baseline-301091-nsrr.xml
chat-baseline-301105	/data/nsrr/datasets/chat/polysomnography/edfs/baseline/chat-baseline-301105.edf	/data/nsrr/datasets/chat/polysomnography/annotations-events-nsrr/baseline/chat-baseline-301105-nsrr.xml
chat-baseline-301108	/data/nsrr/datasets/chat/polysomnography/edfs/baseline/chat-baseline-301108.edf	/data/nsrr/datasets/chat/polysomnography/annotations-events-nsrr/baseline/chat-baseline-301108-nsrr.xml
chat-baseline-301112	/data/nsrr/datasets/chat/polysomnography/edfs/baseline/chat-baseline-301112.edf	/data/nsrr/datasets/chat/polysomnography/annotations-events-nsrr/baseline/chat-baseline-301112-nsrr.xml
chat-baseline-301114	/data/nsrr/datasets/chat/polysomnography/edfs/baseline/chat-baseline-301114.edf	/data/nsrr/datasets/chat/polysomnography/annotations-events-nsrr/baseline/chat-baseline-301114-nsrr.xml
chat-baseline-301116	/data/nsrr/datasets/chat/polysomnography/edfs/baseline/chat-baseline-301116.edf	/data/nsrr/datasets/chat/polysomnography/annotations-events-nsrr/baseline/chat-baseline-301116-nsrr.xml
chat-baseline-301118	/data/nsrr/datasets/chat/polysomnography/edfs/baseline/chat-baseline-301118.edf	/data/nsrr/datasets/chat/polysomnography/annotations-events-nsrr/baseline/chat-baseline-301118-nsrr.xml
chat-baseline-301121	/data/nsrr/datasets/chat/polysomnography/edfs/baseline/chat-baseline-301121.edf	/data/nsrr/datasets/chat/polysomnography/annotations-events-nsrr/baseline/chat-baseline-301121-nsrr.xml
chat-baseline-301122	/data/nsrr/datasets/chat/polysomnography/edfs/baseline/chat-baseline-301122.edf	/data/nsrr/datasets/chat/polysomnography/annotations-events-nsrr/baseline/chat-baseline-301122-nsrr.xml
chat-baseline-301124	/data/nsrr/datasets/chat/polysomnography/edfs/baseline/chat-baseline-301124.edf	/data/nsrr/datasets/chat/polysomnography/annotations-events-nsrr/baseline/chat-baseline-301124-nsrr.xml
chat-baseline-301125	/data/nsrr/datasets/chat/polysomnography/edfs/baseline/chat-baseline-301125.edf	/data/nsrr/datasets/chat/polysomnography/annotations-events-nsrr/baseline/chat-baseline-301125-nsrr.xml
chat-baseline-301129	/data/nsrr/datasets/chat/polysomnography/edfs/baseline/chat-baseline-301129.edf	/data/nsrr/datasets/chat/polysomnography/annotations-events-nsrr/baseline/chat-baseline-301129-nsrr.xml
chat-baseline-301131	/data/nsrr/datasets/chat/polysomnography/edfs/baseline/chat-baseline-301131.edf	/data/nsrr/datasets/chat/polysomnography/annotations-events-nsrr/baseline/chat-baseline-301131-nsrr.xml
chat-baseline-301133	/data/nsrr/datasets/chat/polysomnography/edfs/baseline/chat-baseline-301133.edf	/data/nsrr/datasets/chat/polysomnography/annotations-events-nsrr/baseline/chat-baseline-301133-nsrr.xml
chat-baseline-301134	/data/nsrr/datasets/chat/polysomnography/edfs/baseline/chat-baseline-301134.edf	/data/nsrr/datasets/chat/polysomnography/annotations-events-nsrr/baseline/chat-baseline-301134-nsrr.xml
chat-baseline-301136	/data/nsrr/datasets/chat/polysomnography/edfs/baseline/chat-baseline-301136.edf	/data/nsrr/datasets/chat/polysomnography/annotations-events-nsrr/baseline/chat-baseline-301136-nsrr.xml
chat-baseline-301138	/data/nsrr/datasets/chat/polysomnography/edfs/baseline/chat-baseline-301138.edf	/data/nsrr/datasets/chat/polysomnography/annotations-events-nsrr/baseline/chat-baseline-301138-nsrr.xml
chat-baseline-301139	/data/nsrr/datasets/chat/polysomnography/edfs/baseline/chat-baseline-301139.edf	/data/nsrr/datasets/chat/polysomnography/annotations-events-nsrr/baseline/chat-baseline-301139-nsrr.xml
chat-baseline-301140	/data/nsrr/datasets/chat/polysomnography/edfs/baseline/chat-baseline-301140.edf	/data/nsrr/datasets/chat/polysomnography/annotations-events-nsrr/baseline/chat-baseline-301140-nsrr.xml
chat-baseline-301141	/data/nsrr/datasets/chat/polysomnography/edfs/baseline/chat-baseline-301141.edf	/data/nsrr/datasets/chat/polysomnography/annotations-events-nsrr/baseline/chat-baseline-301141-nsrr.xml
chat-baseline-301143	/data/nsrr/datasets/chat/polysomnography/edfs/baseline/chat-baseline-301143.edf	/data/nsrr/datasets/chat/polysomnography/annotations-events-nsrr/baseline/chat-baseline-301143-nsrr.xml
chat-baseline-301145	/data/nsrr/datasets/chat/polysomnography/edfs/baseline/chat-baseline-301145.edf	/data/nsrr/datasets/chat/polysomnography/annotations-events-nsrr/baseline/chat-baseline-301145-nsrr.xml
chat-baseline-301147	/data/nsrr/datasets/chat/polysomnography/edfs/baseline/chat-baseline-301147.edf	/data/nsrr/datasets/chat/polysomnography/annotations-events-nsrr/baseline/chat-baseline-301147-nsrr.xml
chat-baseline-301158	/data/nsrr/datasets/chat/polysomnography/edfs/baseline/chat-baseline-301158.edf	/data/nsrr/datasets/chat/polysomnography/annotations-events-nsrr/baseline/chat-baseline-301158-nsrr.xml
chat-baseline-301160	/data/nsrr/datasets/chat/polysomnography/edfs/baseline/chat-baseline-301160.edf	/data/nsrr/datasets/chat/polysomnography/annotations-events-nsrr/baseline/chat-baseline-301160-nsrr.xml
chat-baseline-301162	/data/nsrr/datasets/chat/polysomnography/edfs/baseline/chat-baseline-301162.edf	/data/nsrr/datasets/chat/polysomnography/annotations-events-nsrr/baseline/chat-baseline-301162-nsrr.xml
chat-baseline-301166	/data/nsrr/datasets/chat/polysomnography/edfs/baseline/chat-baseline-301166.edf	/data/nsrr/datasets/chat/polysomnography/annotations-events-nsrr/baseline/chat-baseline-301166-nsrr.xml
chat-baseline-301171	/data/nsrr/datasets/chat/polysomnography/edfs/baseline/chat-baseline-301171.edf	/data/nsrr/datasets/chat/polysomnography/annotations-events-nsrr/baseline/chat-baseline-301171-nsrr.xml
chat-baseline-301177	/data/nsrr/datasets/chat/polysomnography/edfs/baseline/chat-baseline-301177.edf	/data/nsrr/datasets/chat/polysomnography/annotations-events-nsrr/baseline/chat-baseline-301177-nsrr.xml
chat-baseline-301179	/data/nsrr/datasets/chat/polysomnography/edfs/baseline/chat-baseline-301179.edf	/data/nsrr/datasets/chat/polysomnography/annotations-events-nsrr/baseline/chat-baseline-301179-nsrr.xml
chat-baseline-301180	/data/nsrr/datasets/chat/polysomnography/edfs/baseline/chat-baseline-301180.edf	/data/nsrr/datasets/chat/polysomnography/annotations-events-nsrr/baseline/chat-baseline-301180-nsrr.xml
chat-baseline-301181	/data/nsrr/datasets/chat/polysomnography/edfs/baseline/chat-baseline-301181.edf	/data/nsrr/datasets/chat/polysomnography/annotations-events-nsrr/baseline/chat-baseline-301181-nsrr.xml
chat-baseline-301184	/data/nsrr/datasets/chat/polysomnography/edfs/baseline/chat-baseline-301184.edf	/data/nsrr/datasets/chat/polysomnography/annotations-events-nsrr/baseline/chat-baseline-301184-nsrr.xml
chat-baseline-301192	/data/nsrr/datasets/chat/polysomnography/edfs/baseline/chat-baseline-301192.edf	/data/nsrr/datasets/chat/polysomnography/annotations-events-nsrr/baseline/chat-baseline-301192-nsrr.xml
chat-baseline-301193	/data/nsrr/datasets/chat/polysomnography/edfs/baseline/chat-baseline-301193.edf	/data/nsrr/datasets/chat/polysomnography/annotations-events-nsrr/baseline/chat-baseline-301193-nsrr.xml
chat-baseline-301199	/data/nsrr/datasets/chat/polysomnography/edfs/baseline/chat-baseline-301199.edf	/data/nsrr/datasets/chat/polysomnography/annotations-events-nsrr/baseline/chat-baseline-301199-nsrr.xml
chat-baseline-301204	/data/nsrr/datasets/chat/polysomnography/edfs/baseline/chat-baseline-301204.edf	/data/nsrr/datasets/chat/polysomnography/annotations-events-nsrr/baseline/chat-baseline-301204-nsrr.xml
chat-baseline-301206	/data/nsrr/datasets/chat/polysomnography/edfs/baseline/chat-baseline-301206.edf	/data/nsrr/datasets/chat/polysomnography/annotations-events-nsrr/baseline/chat-baseline-301206-nsrr.xml
chat-baseline-301207	/data/nsrr/datasets/chat/polysomnography/edfs/baseline/chat-baseline-301207.edf	/data/nsrr/datasets/chat/polysomnography/annotations-events-nsrr/baseline/chat-baseline-301207-nsrr.xml
chat-baseline-301210	/data/nsrr/datasets/chat/polysomnography/edfs/baseline/chat-baseline-301210.edf	/data/nsrr/datasets/chat/polysomnography/annotations-events-nsrr/baseline/chat-baseline-301210-nsrr.xml
chat-baseline-301211	/data/nsrr/datasets/chat/polysomnography/edfs/baseline/chat-baseline-301211.edf	/data/nsrr/datasets/chat/polysomnography/annotations-events-nsrr/baseline/chat-baseline-301211-nsrr.xml
chat-baseline-301212	/data/nsrr/datasets/chat/polysomnography/edfs/baseline/chat-baseline-301212.edf	/data/nsrr/datasets/chat/polysomnography/annotations-events-nsrr/baseline/chat-baseline-301212-nsrr.xml
chat-baseline-301214	/data/nsrr/datasets/chat/polysomnography/edfs/baseline/chat-baseline-301214.edf	/data/nsrr/datasets/chat/polysomnography/annotations-events-nsrr/baseline/chat-baseline-301214-nsrr.xml
chat-baseline-301223	/data/nsrr/datasets/chat/polysomnography/edfs/baseline/chat-baseline-301223.edf	/data/nsrr/datasets/chat/polysomnography/annotations-events-nsrr/baseline/chat-baseline-301223-nsrr.xml
chat-baseline-301224	/data/nsrr/datasets/chat/polysomnography/edfs/baseline/chat-baseline-301224.edf	/data/nsrr/datasets/chat/polysomnography/annotations-events-nsrr/baseline/chat-baseline-301224-nsrr.xml
chat-baseline-301227	/data/nsrr/datasets/chat/polysomnography/edfs/baseline/chat-baseline-301227.edf	/data/nsrr/datasets/chat/polysomnography/annotations-events-nsrr/baseline/chat-baseline-301227-nsrr.xml
chat-baseline-301228	/data/nsrr/datasets/chat/polysomnography/edfs/baseline/chat-baseline-301228.edf	/data/nsrr/datasets/chat/polysomnography/annotations-events-nsrr/baseline/chat-baseline-301228-nsrr.xml
chat-baseline-301229	/data/nsrr/datasets/chat/polysomnography/edfs/baseline/chat-baseline-301229.edf	/data/nsrr/datasets/chat/polysomnography/annotations-events-nsrr/baseline/chat-baseline-301229-nsrr.xml
chat-baseline-301230	/data/nsrr/datasets/chat/polysomnography/edfs/baseline/chat-baseline-301230.edf	/data/nsrr/datasets/chat/polysomnography/annotations-events-nsrr/baseline/chat-baseline-301230-nsrr.xml
chat-baseline-301236	/data/nsrr/datasets/chat/polysomnography/edfs/baseline/chat-baseline-301236.edf	/data/nsrr/datasets/chat/polysomnography/annotations-events-nsrr/baseline/chat-baseline-301236-nsrr.xml
chat-baseline-301241	/data/nsrr/datasets/chat/polysomnography/edfs/baseline/chat-baseline-301241.edf	/data/nsrr/datasets/chat/polysomnography/annotations-events-nsrr/baseline/chat-baseline-301241-nsrr.xml
chat-baseline-301244	/data/nsrr/datasets/chat/polysomnography/edfs/baseline/chat-baseline-301244.edf	/data/nsrr/datasets/chat/polysomnography/annotations-events-nsrr/baseline/chat-baseline-301244-nsrr.xml
